

          *******************************************************
          Initiate the NMODE module of AMBER 8  
          *******************************************************


    langevin modes for CO                                                         
       ntrun    maxcyc    ibelly       drms
          5         1         0  0.10E-03
       rcut      scnb      scee      dielc   idiel
     95.00000   8.00000   2.00000   1.00000     1
      nsave   dfpred    bdwnhl     smx       emx      alpha       ndiag 
         20   0.10000   1.10000   0.08000   0.30000   0.80000         2
 ipol =  0
 i3bod =  0
 idecomp =  0
 nvect =   12

     eta =  0.90 cp     ioseen = 2
| New format PARM file being parsed.
| Version =    1.000 Date = 07/07/15 Time = 16:47:56

    PARM file has the title:
     default_name                                                                    

Total memory required :          426 real words

Total memory required :         4079 integer words

Total memory required :           12 4-character words

Maximum nonbond pairs           0

     Duplicated    0 dihedrals

     Duplicated    0 dihedrals

 Getting coordinates from file with title:
     default_name                                                                    

    Number of non-bonded pairs =          0
    Number of H-bonded pairs   =          0


 *****************        *****************        *****************       
   step =          0
     F =   0.000000E+00    GRDMAX = 0.000000E+00    GNORM = 0.000000E+00
       E-NONB              E-ELE               E-HBOND             E-BOND
     0.00000E+00         0.00000E+00         0.00000E+00         0.00000E+00
       E-ANGLE             E-DIHED             E-NB14              E-EEL14
     0.00000E+00         0.00000E+00         0.00000E+00         0.00000E+00
       E-POL               E-3BOD 
     0.00000E+00         0.00000E+00

 expfile is not present. Hydrodynamic radius
   of 0.7700 angs. is used for all atoms
   except hydrogen, where max. value is 0.2

| Time to set up A matrix:   0.0002
| Time to diagonalize A matrix:   0.0002

 There are       10 real modes

     Coordinate origin is now the molecular center of mass
| Time to normalize, sort, mass weight:       0.0001


|     cpu time =                 0.00 seconds
