# Difference in binding free energy determined by thermodynamic integration #
#############################################################################

Complex:
Lambda: 0.0; Weight: 0.1; dVdL: 20.0026 +/- 3.7593 kcal/mol
Lambda: 0.2; Weight: 0.2; dVdL: 15.4834 +/- 3.7593 kcal/mol
Lambda: 0.4; Weight: 0.2; dVdL: 10.9642 +/- 2.8347 kcal/mol
Lambda: 0.6; Weight: 0.2; dVdL: 17.0709 +/- 2.4856 kcal/mol
Lambda: 0.8; Weight: 0.2; dVdL: 16.2921 +/- 5.3604 kcal/mol
Lambda: 1.0; Weight: 0.1; dVdL: 15.5133 +/- 5.3604 kcal/mol
________________________________________________________________________________
dG-Complex: 15.5137 +/- 1.6468 kcal/mol

Ligand:
Lambda: 0.0; Weight: 0.1; dVdL: 40.2755 +/- 4.9829 kcal/mol
Lambda: 0.2; Weight: 0.2; dVdL: 23.3416 +/- 4.9829 kcal/mol
Lambda: 0.4; Weight: 0.2; dVdL: 6.4077 +/- 2.8686 kcal/mol
Lambda: 0.6; Weight: 0.2; dVdL: 9.3244 +/- 3.5176 kcal/mol
Lambda: 0.8; Weight: 0.2; dVdL: 11.8560 +/- 4.1594 kcal/mol
Lambda: 1.0; Weight: 0.1; dVdL: 14.3876 +/- 4.1594 kcal/mol
________________________________________________________________________________
dG-Ligand: 15.6523 +/- 1.7119 kcal/mol

================================================================================
ddG-binding: -0.1386 +/- 2.3754 kcal/mol

