
          -------------------------------------------------------
          Amber 12 SANDER                              2012
          -------------------------------------------------------

| Run on 10/14/2012 at 10:49:31
  [-O]verwriting output

File Assignments:
|  MDIN: LFa_prod01_v0_l2.in                                                   
| MDOUT: LFa_prod01_v0_l2.out                                                  
|INPCRD: equi_v0_l2.rst                                                        
|  PARM: LFa_lig_TIin.top                                                      
|RESTRT: LFa_prod01_v0_l2.rst                                                  
|  REFC: refc                                                                  
| MDVEL: mdvel.000                                                             
|  MDEN: mden.000                                                              
| MDCRD: LFa_prod01_v0_l2.mdcrd                                                
|MDINFO: mdinfo.000                                                            
|  MTMD: mtmd                                                                  
|INPDIP: inpdip                                                                
|RSTDIP: rstdip                                                                

|INPTRA: inptraj                                                               
|

 Here is the input file:

NVT MD w/No position restraints and PME (sander)                               
 &cntrl                                                                        
  ntx     = 7,                                                                 
  irest   = 1,                                                                 
  ntpr    = 500,                                                               
  ntwx    = 10000,                                                             
  ntwr    = 0,                                                                 
  iwrap   = 0,                                                                 
                                                                               
  ntf     = 1,                                                                 
  ntb     = 1,                                                                 
  cut     = 9.0,                                                               
                                                                               
  nstlim  = 250000,                                                            
  nscm    = 1000,                                                              
  t       = 0.0,                                                               
  dt      = 0.001,                                                             
                                                                               
  temp0   = 300.0,                                                             
  tempi   = 300.0,                                                             
  ntt     = 1,                                                                 
  tautp   = 2.0,                                                               
                                                                               
  ntc     = 1,                                                                 
  tol     = 0.000001,                                                          
                                                                               
  icfe    = 1,                                                                 
  clambda = 0.2,                                                               
  ifsc    = 1,                                                                 
  idecomp = 1,                                                                 
                                                                               
  scmask  =':LFa@N3,C16,H10,C15,H9,N4,C14,C17,H19,H20,N5,C19,H11,H12,H13,C18,H2
 &end                                                                          
RES 1 1                                                                        
END                                                                            
LRES 1 1                                                                       
END                                                                            
END                                                                            

--------------------------------------------------------------------------------
   1.  RESOURCE   USE: 
--------------------------------------------------------------------------------

| Flags: MPI                                                                    
 getting new box info from bottom of inpcrd
|  INFO: Old style inpcrd file read

| peek_ewald_inpcrd: Box info found
|Largest sphere to fit in unit cell has radius =    16.839
| New format PARM file being parsed.
| Version =    1.000 Date = 10/02/12 Time = 15:37:16
 NATOM  =    4678 NTYPES =      12 NBONH =    4639 MBONA  =      44
 NTHETH =      43 MTHETA =      66 NPHIH =      77 MPHIA  =     110
 NHPARM =       0 NPARM  =       0 NNB   =    6474 NRES   =    1540
 NBONA  =      44 NTHETA =      66 NPHIA =     110 NUMBND =      27
 NUMANG =      45 NPTRA  =      18 NATYP =      20 NPHB   =       1
 IFBOX  =       1 NMXRS  =      61 IFCAP =       0 NEXTRA =       0
 NCOPY  =       0


|     Memory Use     Allocated
|     Real              331955
|     Hollerith          15576
|     Integer           135693
|     Max Pairs         518868
|     nblistReal         56136
|     nblist Int        161859
|       Total             6281 kbytes

| Note: 1-4 EEL scale factors are being read from the topology file.

| Note: 1-4 VDW scale factors are being read from the topology file.
| Duplicated    0 dihedrals
| Duplicated    0 dihedrals

     BOX TYPE: RECTILINEAR

--------------------------------------------------------------------------------
   2.  CONTROL  DATA  FOR  THE  RUN
--------------------------------------------------------------------------------

default_name                                                                    

General flags:
     imin    =       0, nmropt  =       0

Nature and format of input:
     ntx     =       7, irest   =       1, ntrx    =       1

Nature and format of output:
     ntxo    =       1, ntpr    =     500, ntrx    =       1, ntwr    =       0
     iwrap   =       0, ntwx    =   10000, ntwv    =       0, ntwe    =       0
     ioutfm  =       0, ntwprt  =       0, idecomp =       1, rbornstat=      0

Potential function:
     ntf     =       1, ntb     =       1, igb     =       0, nsnb    =      25
     ipol    =       0, gbsa    =       0, iesp    =       0
     dielc   =   1.00000, cut     =   9.00000, intdiel =   1.00000

Frozen or restrained atoms:
     ibelly  =       0, ntr     =       0

Molecular dynamics:
     nstlim  =    250000, nscm    =      1000, nrespa  =         1
     t       =   0.00000, dt      =   0.00100, vlimit  =  20.00000

Berendsen (weak-coupling) temperature regulation:
     temp0   = 300.00000, tempi   = 300.00000, tautp   =   2.00000

Free energy options:
     icfe    =       1, ifsc    =       1, klambda =       1
     clambda =  0.2000, scalpha =  0.5000, scbeta  = 12.0000
     sceeorder =       2 dvdl_norest =       0
     dynlmb =  0.0000 logdvdl =       0

Ewald parameters:
     verbose =       0, ew_type =       0, nbflag  =       1, use_pme =       1
     vdwmeth =       1, eedmeth =       1, netfrc  =       1
     Box X =   33.679   Box Y =   36.294   Box Z =   38.551
     Alpha =   90.000   Beta  =   90.000   Gamma =   90.000
     NFFT1 =   36       NFFT2 =   36       NFFT3 =   40
     Cutoff=    9.000   Tol   =0.100E-04
     Ewald Coefficient =  0.30768
     Interpolation order =    4

| MPI Timing options:
|      profile_mpi =        0

    LOADING THE DECOMP ATOMS AS GROUPS

    ----- READING GROUP     1; TITLE:
 RES 1 1                                                                     
      Number of atoms in this group  =     0
    ----- READING GROUP     1; TITLE:
 LRES 1 1                                                                    
      Number of atoms in this group  =     0
    ----- END OF GROUP READ -----

--------------------------------------------------------------------------------
   3.  ATOMIC COORDINATES AND VELOCITIES
--------------------------------------------------------------------------------

default_name                                                                    
 begin time read from input coords =     0.000 ps

 Number of triangulated 3-point waters found:     1539
|  Atom division among processors:
|         0    1171    2338    3508    4678
       
     Softcore Mask :LFa@N3,C16,H10,C15,H9,N4,C14,C17,H19,H20,N5,C19,H11,H12,H13,C18,H21,H22,H23; matches    19 atoms
     this run corresponds to V0, its softcore atoms interact fully for lambda=0
     this process:   4678 atoms, partner process:   4678 atoms
     Checking for mismatched coordinates.

     Sum of charges from parm topology file =   0.00200000
     Forcing neutrality...
|  Running AMBER/MPI version on    4 nodes

|  MULTISANDER:    2 groups.    4 processors out of    8 total.

--------------------------------------------------------------------------------
   4.  RESULTS
--------------------------------------------------------------------------------

|  # of SOLUTE  degrees of freedom (RNDFP):   14034.
|  # of SOLVENT degrees of freedom (RNDFS):       0.
|  NDFMIN =   14031.     NUM_NOSHAKE =      0     CORRECTED RNDFP =   14031.
|  TOTAL # of degrees of freedom (RNDF) =   14031.
   DOF for the SC part of the system:   57
 ---------------------------------------------------
 APPROXIMATING switch and d/dx switch using CUBIC SPLINE INTERPOLATION
 using   5000.0 points per unit in tabled values
 TESTING RELATIVE ERROR over r ranging from 0.0 to cutoff
| CHECK switch(x): max rel err =   0.2738E-14   at   2.422500
| CHECK d/dx switch(x): max rel err =   0.8314E-11   at   2.736960
 ---------------------------------------------------
| Local SIZE OF NONBOND LIST =     316509
| TOTAL SIZE OF NONBOND LIST =    1288241

 NSTEP =      500   TIME(PS) =       0.500  TEMP(K) =   304.38  PRESS =     0.0
 Etot   =    -10487.7120  EKtot   =      4243.4264  EPtot      =    -14731.1384
 BOND   =      2674.5741  ANGLE   =        49.8844  DIHED      =        22.0869
 1-4 NB =        15.6777  1-4 EEL =         5.9990  VDWAALS    =      2969.5875
 EELEC  =    -20468.9479  EHBOND  =         0.0000  RESTRAINT  =         0.0000
 DV/DL  =        25.7722
 Ewald error estimate:   0.1178E-03
 ------------------------------------------------------------------------------

  Softcore part of the system:    19 atoms,         TEMP(K)    =         296.83
 SC_BOND=         6.7127  SC_ANGLE=        15.5428  SC_DIHED   =         4.7198
 SC_14NB=         1.8672  SC_14EEL=        48.0641  SC_EKIN    =        16.8111
 SC_VDW =        -0.7984  SC_EEL  =       -22.4597  SC_DERIV=         5.3761
 ------------------------------------------------------------------------------

check COM velocity, temp:        0.000764     0.00(Removed)

 NSTEP =     1000   TIME(PS) =       1.000  TEMP(K) =   294.63  PRESS =     0.0
 Etot   =    -10482.0302  EKtot   =      4107.4965  EPtot      =    -14589.5266
 BOND   =      2753.7571  ANGLE   =        40.6246  DIHED      =        20.9988
 1-4 NB =        13.1033  1-4 EEL =         9.8289  VDWAALS    =      2926.7574
 EELEC  =    -20354.5969  EHBOND  =         0.0000  RESTRAINT  =         0.0000
 DV/DL  =        22.8465
 Ewald error estimate:   0.2047E-03
 ------------------------------------------------------------------------------

  Softcore part of the system:    19 atoms,         TEMP(K)    =         284.83
 SC_BOND=         4.0883  SC_ANGLE=        17.8576  SC_DIHED   =         3.8724
 SC_14NB=         2.8053  SC_14EEL=        45.9819  SC_EKIN    =        16.1311
 SC_VDW =        -0.9384  SC_EEL  =       -20.7112  SC_DERIV=         0.7345
 ------------------------------------------------------------------------------


 NSTEP =     1500   TIME(PS) =       1.500  TEMP(K) =   302.47  PRESS =     0.0
 Etot   =    -10499.9859  EKtot   =      4216.7295  EPtot      =    -14716.7153
 BOND   =      2715.5167  ANGLE   =        52.2931  DIHED      =        27.5569
 1-4 NB =        14.7137  1-4 EEL =         6.0691  VDWAALS    =      2916.6130
 EELEC  =    -20449.4778  EHBOND  =         0.0000  RESTRAINT  =         0.0000
 DV/DL  =        39.1436
 Ewald error estimate:   0.5078E-03
 ------------------------------------------------------------------------------

  Softcore part of the system:    19 atoms,         TEMP(K)    =         314.00
 SC_BOND=         5.8277  SC_ANGLE=        13.9098  SC_DIHED   =         6.1264
 SC_14NB=         2.7957  SC_14EEL=        48.5188  SC_EKIN    =        17.7836
 SC_VDW =        -0.9301  SC_EEL  =       -22.8236  SC_DERIV=        12.6060
 ------------------------------------------------------------------------------

check COM velocity, temp:        0.000641     0.00(Removed)

 NSTEP =     2000   TIME(PS) =       2.000  TEMP(K) =   300.50  PRESS =     0.0
 Etot   =    -10493.5766  EKtot   =      4189.2709  EPtot      =    -14682.8476
 BOND   =      2735.4258  ANGLE   =        45.8521  DIHED      =        22.4975
 1-4 NB =        14.1018  1-4 EEL =         6.4065  VDWAALS    =      3038.6660
 EELEC  =    -20545.7973  EHBOND  =         0.0000  RESTRAINT  =         0.0000
 DV/DL  =        14.4352
 Ewald error estimate:   0.1859E-03
 ------------------------------------------------------------------------------

  Softcore part of the system:    19 atoms,         TEMP(K)    =         283.81
 SC_BOND=         4.1320  SC_ANGLE=        11.1124  SC_DIHED   =        11.3797
 SC_14NB=         2.2978  SC_14EEL=        48.4745  SC_EKIN    =        16.0738
 SC_VDW =        -1.2457  SC_EEL  =       -22.4765  SC_DERIV=         0.4243
 ------------------------------------------------------------------------------


 NSTEP =     2500   TIME(PS) =       2.500  TEMP(K) =   304.05  PRESS =     0.0
 Etot   =    -10492.5675  EKtot   =      4238.7464  EPtot      =    -14731.3139
 BOND   =      2746.4545  ANGLE   =        44.7603  DIHED      =        25.4911
 1-4 NB =        15.0216  1-4 EEL =        12.4543  VDWAALS    =      2872.4779
 EELEC  =    -20447.9735  EHBOND  =         0.0000  RESTRAINT  =         0.0000
 DV/DL  =        28.5201
 Ewald error estimate:   0.1733E-03
 ------------------------------------------------------------------------------

  Softcore part of the system:    19 atoms,         TEMP(K)    =         263.58
 SC_BOND=         4.9541  SC_ANGLE=        14.0881  SC_DIHED   =         4.5510
 SC_14NB=         2.2439  SC_14EEL=        48.4313  SC_EKIN    =        14.9278
 SC_VDW =        -0.9586  SC_EEL  =       -22.2768  SC_DERIV=         7.4970
 ------------------------------------------------------------------------------

check COM velocity, temp:        0.000655     0.00(Removed)

 NSTEP =     3000   TIME(PS) =       3.000  TEMP(K) =   300.16  PRESS =     0.0
 Etot   =    -10493.0435  EKtot   =      4184.5668  EPtot      =    -14677.6103
 BOND   =      2786.7797  ANGLE   =        42.6915  DIHED      =        24.5962
 1-4 NB =        14.7714  1-4 EEL =         8.6817  VDWAALS    =      2815.4700
 EELEC  =    -20370.6008  EHBOND  =         0.0000  RESTRAINT  =         0.0000
 DV/DL  =        42.9373
 Ewald error estimate:   0.8242E-04
 ------------------------------------------------------------------------------

  Softcore part of the system:    19 atoms,         TEMP(K)    =         236.78
 SC_BOND=         4.9055  SC_ANGLE=        13.6104  SC_DIHED   =         4.3600
 SC_14NB=         2.4602  SC_14EEL=        48.9608  SC_EKIN    =        13.4098
 SC_VDW =        -0.3813  SC_EEL  =       -22.9895  SC_DERIV=        15.1355
 ------------------------------------------------------------------------------


 NSTEP =     3500   TIME(PS) =       3.500  TEMP(K) =   300.27  PRESS =     0.0
 Etot   =    -10496.0548  EKtot   =      4186.0465  EPtot      =    -14682.1013
 BOND   =      2814.9514  ANGLE   =        44.8282  DIHED      =        21.7024
 1-4 NB =        13.2843  1-4 EEL =         4.1761  VDWAALS    =      3053.0849
 EELEC  =    -20634.1286  EHBOND  =         0.0000  RESTRAINT  =         0.0000
 DV/DL  =         6.9784
 Ewald error estimate:   0.3676E-04
 ------------------------------------------------------------------------------

  Softcore part of the system:    19 atoms,         TEMP(K)    =         343.01
 SC_BOND=         5.8298  SC_ANGLE=        11.7734  SC_DIHED   =         5.7348
 SC_14NB=         1.8916  SC_14EEL=        50.9884  SC_EKIN    =        19.4264
 SC_VDW =        -0.3368  SC_EEL  =       -23.7905  SC_DERIV=        -7.8538
 ------------------------------------------------------------------------------

check COM velocity, temp:        0.000827     0.00(Removed)

 NSTEP =     4000   TIME(PS) =       4.000  TEMP(K) =   299.54  PRESS =     0.0
 Etot   =    -10503.6960  EKtot   =      4175.8665  EPtot      =    -14679.5625
 BOND   =      2782.2086  ANGLE   =        45.6366  DIHED      =        23.7123
 1-4 NB =        13.8962  1-4 EEL =        10.4709  VDWAALS    =      2985.0527
 EELEC  =    -20540.5397  EHBOND  =         0.0000  RESTRAINT  =         0.0000
 DV/DL  =        19.2821
 Ewald error estimate:   0.7722E-04
 ------------------------------------------------------------------------------

  Softcore part of the system:    19 atoms,         TEMP(K)    =         214.95
 SC_BOND=         8.8796  SC_ANGLE=        11.6823  SC_DIHED   =         6.0361
 SC_14NB=         3.0102  SC_14EEL=        50.4597  SC_EKIN    =        12.1737
 SC_VDW =        -0.2492  SC_EEL  =       -23.8577  SC_DERIV=         4.0645
 ------------------------------------------------------------------------------


 NSTEP =     4500   TIME(PS) =       4.500  TEMP(K) =   304.28  PRESS =     0.0
 Etot   =    -10500.1069  EKtot   =      4242.0173  EPtot      =    -14742.1243
 BOND   =      2757.4523  ANGLE   =        46.7460  DIHED      =        29.9839
 1-4 NB =        14.8743  1-4 EEL =        11.8168  VDWAALS    =      3113.8769
 EELEC  =    -20716.8745  EHBOND  =         0.0000  RESTRAINT  =         0.0000
 DV/DL  =        17.0820
 Ewald error estimate:   0.1888E-03
 ------------------------------------------------------------------------------

  Softcore part of the system:    19 atoms,         TEMP(K)    =         290.58
 SC_BOND=         2.5239  SC_ANGLE=        11.4058  SC_DIHED   =         3.7706
 SC_14NB=         2.7039  SC_14EEL=        49.6815  SC_EKIN    =        16.4568
 SC_VDW =        -0.4497  SC_EEL  =       -22.3008  SC_DERIV=         1.6667
 ------------------------------------------------------------------------------

check COM velocity, temp:        0.000416     0.00(Removed)

 NSTEP =     5000   TIME(PS) =       5.000  TEMP(K) =   298.37  PRESS =     0.0
 Etot   =    -10492.1630  EKtot   =      4159.6748  EPtot      =    -14651.8379
 BOND   =      2809.8216  ANGLE   =        43.9244  DIHED      =        26.2361
 1-4 NB =        16.6669  1-4 EEL =        11.2704  VDWAALS    =      2905.8670
 EELEC  =    -20465.6242  EHBOND  =         0.0000  RESTRAINT  =         0.0000
 DV/DL  =        16.4185
 Ewald error estimate:   0.3762E-03
 ------------------------------------------------------------------------------

  Softcore part of the system:    19 atoms,         TEMP(K)    =         277.85
 SC_BOND=         4.3408  SC_ANGLE=        14.7271  SC_DIHED   =         5.9520
 SC_14NB=         1.7059  SC_14EEL=        46.3326  SC_EKIN    =        15.7360
 SC_VDW =        -1.0985  SC_EEL  =       -20.5703  SC_DERIV=         0.3257
 ------------------------------------------------------------------------------

