
          -------------------------------------------------------
          Amber 12 SANDER                              2012
          -------------------------------------------------------

| Run on 10/14/2012 at 10:50:44
  [-O]verwriting output

File Assignments:
|  MDIN: LFb_prod01_v1_l8.in                                                   
| MDOUT: LFb_prod01_v1_l8.out                                                  
|INPCRD: equi_v1_l8.rst                                                        
|  PARM: LFb_lig_TIin.top                                                      
|RESTRT: LFb_prod01_v1_l8.rst                                                  
|  REFC: refc                                                                  
| MDVEL: mdvel.001                                                             
|  MDEN: mden.001                                                              
| MDCRD: LFb_prod01_v1_l8.mdcrd                                                
|MDINFO: mdinfo.001                                                            
|  MTMD: mtmd                                                                  
|INPDIP: inpdip                                                                
|RSTDIP: rstdip                                                                

|INPTRA: inptraj                                                               
|

 Here is the input file:

NVT MD w/No position restraints and PME (sander)                               
 &cntrl                                                                        
  ntx     = 7,                                                                 
  irest   = 1,                                                                 
  ntpr    = 500,                                                               
  ntwx    = 10000,                                                             
  ntwr    = 0,                                                                 
  iwrap   = 0,                                                                 
                                                                               
  ntf     = 1,                                                                 
  ntb     = 1,                                                                 
  cut     = 9.0,                                                               
                                                                               
  nstlim  = 250000,                                                            
  nscm    = 1000,                                                              
  t       = 0.0,                                                               
  dt      = 0.001,                                                             
                                                                               
  temp0   = 300.0,                                                             
  tempi   = 300.0,                                                             
  ntt     = 1,                                                                 
  tautp   = 2.0,                                                               
                                                                               
  ntc     = 1,                                                                 
  tol     = 0.000001,                                                          
                                                                               
  icfe    = 1,                                                                 
  clambda = 0.8,                                                               
  ifsc    = 1,                                                                 
  idecomp = 1,                                                                 
                                                                               
  scmask  =':LFb@C14,N3,C16,C19,C15,N4,C17,N5,C18,H1,H10,H11,H12,H13,H19,H20,H2
 &end                                                                          
RES 1 1                                                                        
END                                                                            
LRES 1 1                                                                       
END                                                                            
END                                                                            

--------------------------------------------------------------------------------
   1.  RESOURCE   USE: 
--------------------------------------------------------------------------------

| Flags: MPI                                                                    
 getting new box info from bottom of inpcrd
|  INFO: Old style inpcrd file read

| peek_ewald_inpcrd: Box info found
|Largest sphere to fit in unit cell has radius =    16.839
| New format PARM file being parsed.
| Version =    1.000 Date = 10/02/12 Time = 15:37:22
 NATOM  =    4678 NTYPES =      12 NBONH =    4639 MBONA  =      44
 NTHETH =      43 MTHETA =      66 NPHIH =      77 MPHIA  =     110
 NHPARM =       0 NPARM  =       0 NNB   =    6475 NRES   =    1540
 NBONA  =      44 NTHETA =      66 NPHIA =     110 NUMBND =      30
 NUMANG =      47 NPTRA  =      18 NATYP =      21 NPHB   =       1
 IFBOX  =       1 NMXRS  =      61 IFCAP =       0 NEXTRA =       0
 NCOPY  =       0


|     Memory Use     Allocated
|     Real              331955
|     Hollerith          15576
|     Integer           135699
|     Max Pairs         518868
|     nblistReal         56136
|     nblist Int        161863
|       Total             6281 kbytes

| Note: 1-4 EEL scale factors are being read from the topology file.

| Note: 1-4 VDW scale factors are being read from the topology file.
| Duplicated    0 dihedrals
| Duplicated    0 dihedrals

     BOX TYPE: RECTILINEAR

--------------------------------------------------------------------------------
   2.  CONTROL  DATA  FOR  THE  RUN
--------------------------------------------------------------------------------

default_name                                                                    

General flags:
     imin    =       0, nmropt  =       0

Nature and format of input:
     ntx     =       7, irest   =       1, ntrx    =       1

Nature and format of output:
     ntxo    =       1, ntpr    =     500, ntrx    =       1, ntwr    =       0
     iwrap   =       0, ntwx    =   10000, ntwv    =       0, ntwe    =       0
     ioutfm  =       0, ntwprt  =       0, idecomp =       1, rbornstat=      0

Potential function:
     ntf     =       1, ntb     =       1, igb     =       0, nsnb    =      25
     ipol    =       0, gbsa    =       0, iesp    =       0
     dielc   =   1.00000, cut     =   9.00000, intdiel =   1.00000

Frozen or restrained atoms:
     ibelly  =       0, ntr     =       0

Molecular dynamics:
     nstlim  =    250000, nscm    =      1000, nrespa  =         1
     t       =   0.00000, dt      =   0.00100, vlimit  =  20.00000

Berendsen (weak-coupling) temperature regulation:
     temp0   = 300.00000, tempi   = 300.00000, tautp   =   2.00000

Free energy options:
     icfe    =       1, ifsc    =       1, klambda =       1
     clambda =  0.8000, scalpha =  0.5000, scbeta  = 12.0000
     sceeorder =       2 dvdl_norest =       0
     dynlmb =  0.0000 logdvdl =       0

Ewald parameters:
     verbose =       0, ew_type =       0, nbflag  =       1, use_pme =       1
     vdwmeth =       1, eedmeth =       1, netfrc  =       1
     Box X =   33.679   Box Y =   36.294   Box Z =   38.551
     Alpha =   90.000   Beta  =   90.000   Gamma =   90.000
     NFFT1 =   36       NFFT2 =   36       NFFT3 =   40
     Cutoff=    9.000   Tol   =0.100E-04
     Ewald Coefficient =  0.30768
     Interpolation order =    4

| MPI Timing options:
|      profile_mpi =        0

    LOADING THE DECOMP ATOMS AS GROUPS

    ----- READING GROUP     1; TITLE:
 RES 1 1                                                                     
      Number of atoms in this group  =     0
    ----- READING GROUP     1; TITLE:
 LRES 1 1                                                                    
      Number of atoms in this group  =     0
    ----- END OF GROUP READ -----

--------------------------------------------------------------------------------
   3.  ATOMIC COORDINATES AND VELOCITIES
--------------------------------------------------------------------------------

default_name                                                                    
 begin time read from input coords =     0.000 ps

 Number of triangulated 3-point waters found:     1539
|  Atom division among processors:
|         0    1171    2338    3508    4678
       
     Softcore Mask :LFb@C14,N3,C16,C19,C15,N4,C17,N5,C18,H1,H10,H11,H12,H13,H19,H20,H21,H22,H23; matches    19 atoms
     this run corresponds to V1, its softcore atoms interact fully for lambda=1
     this process:   4678 atoms, partner process:   4678 atoms
     Checking for mismatched coordinates.

     Sum of charges from parm topology file =  -0.00000000
     Forcing neutrality...
|  Running AMBER/MPI version on    4 nodes

|  MULTISANDER:    2 groups.    4 processors out of    8 total.

--------------------------------------------------------------------------------
   4.  RESULTS
--------------------------------------------------------------------------------

|  # of SOLUTE  degrees of freedom (RNDFP):   14034.
|  # of SOLVENT degrees of freedom (RNDFS):       0.
|  NDFMIN =   14031.     NUM_NOSHAKE =      0     CORRECTED RNDFP =   14031.
|  TOTAL # of degrees of freedom (RNDF) =   14031.
   DOF for the SC part of the system:   57
 ---------------------------------------------------
 APPROXIMATING switch and d/dx switch using CUBIC SPLINE INTERPOLATION
 using   5000.0 points per unit in tabled values
 TESTING RELATIVE ERROR over r ranging from 0.0 to cutoff
| CHECK switch(x): max rel err =   0.2738E-14   at   2.422500
| CHECK d/dx switch(x): max rel err =   0.8314E-11   at   2.736960
 ---------------------------------------------------
| Local SIZE OF NONBOND LIST =     324830
| TOTAL SIZE OF NONBOND LIST =    1288113

 NSTEP =      500   TIME(PS) =       0.500  TEMP(K) =   305.64  PRESS =     0.0
 Etot   =    -10508.9273  EKtot   =      4260.9534  EPtot      =    -14769.8807
 BOND   =      2792.5131  ANGLE   =        45.2384  DIHED      =        22.2829
 1-4 NB =        15.5101  1-4 EEL =        11.8282  VDWAALS    =      2940.5848
 EELEC  =    -20597.8384  EHBOND  =         0.0000  RESTRAINT  =         0.0000
 DV/DL  =        11.4056
 Ewald error estimate:   0.2441E-03
 ------------------------------------------------------------------------------

  Softcore part of the system:    19 atoms,         TEMP(K)    =         434.40
 SC_BOND=         8.7944  SC_ANGLE=        18.4152  SC_DIHED   =         5.3872
 SC_14NB=         3.0221  SC_14EEL=        10.0245  SC_EKIN    =        24.6024
 SC_VDW =        -0.8295  SC_EEL  =       -11.4081  SC_DERIV=         9.9546
 ------------------------------------------------------------------------------

check COM velocity, temp:        0.001190     0.00(Removed)

 NSTEP =     1000   TIME(PS) =       1.000  TEMP(K) =   305.66  PRESS =     0.0
 Etot   =    -10493.9232  EKtot   =      4261.2286  EPtot      =    -14755.1518
 BOND   =      2797.3247  ANGLE   =        51.1649  DIHED      =        25.2003
 1-4 NB =        14.8189  1-4 EEL =         4.7372  VDWAALS    =      2893.6705
 EELEC  =    -20542.0682  EHBOND  =         0.0000  RESTRAINT  =         0.0000
 DV/DL  =        11.6676
 Ewald error estimate:   0.1161E-03
 ------------------------------------------------------------------------------

  Softcore part of the system:    19 atoms,         TEMP(K)    =         387.40
 SC_BOND=         8.1588  SC_ANGLE=        16.3805  SC_DIHED   =         4.7334
 SC_14NB=         3.3113  SC_14EEL=        10.5152  SC_EKIN    =        21.9406
 SC_VDW =        -0.8627  SC_EEL  =       -12.5261  SC_DERIV=        11.9275
 ------------------------------------------------------------------------------


 NSTEP =     1500   TIME(PS) =       1.500  TEMP(K) =   302.85  PRESS =     0.0
 Etot   =    -10496.9429  EKtot   =      4222.0879  EPtot      =    -14719.0308
 BOND   =      2834.2852  ANGLE   =        47.4846  DIHED      =        22.3318
 1-4 NB =        12.8744  1-4 EEL =         5.5675  VDWAALS    =      2999.8504
 EELEC  =    -20641.4247  EHBOND  =         0.0000  RESTRAINT  =         0.0000
 DV/DL  =        -2.2742
 Ewald error estimate:   0.3734E-03
 ------------------------------------------------------------------------------

  Softcore part of the system:    19 atoms,         TEMP(K)    =         342.09
 SC_BOND=         3.5693  SC_ANGLE=        18.9574  SC_DIHED   =         6.4281
 SC_14NB=         2.2377  SC_14EEL=        10.0073  SC_EKIN    =        19.3744
 SC_VDW =        -1.0004  SC_EEL  =       -10.5541  SC_DERIV=         6.1557
 ------------------------------------------------------------------------------

check COM velocity, temp:        0.000619     0.00(Removed)

 NSTEP =     2000   TIME(PS) =       2.000  TEMP(K) =   296.82  PRESS =     0.0
 Etot   =    -10505.0278  EKtot   =      4137.9949  EPtot      =    -14643.0227
 BOND   =      2756.9090  ANGLE   =        53.9242  DIHED      =        22.3492
 1-4 NB =        15.8019  1-4 EEL =         9.2090  VDWAALS    =      2964.1073
 EELEC  =    -20465.3233  EHBOND  =         0.0000  RESTRAINT  =         0.0000
 DV/DL  =         8.4142
 Ewald error estimate:   0.1499E-03
 ------------------------------------------------------------------------------

  Softcore part of the system:    19 atoms,         TEMP(K)    =         326.74
 SC_BOND=         5.1754  SC_ANGLE=        17.7475  SC_DIHED   =         6.3753
 SC_14NB=         3.1340  SC_14EEL=        10.2524  SC_EKIN    =        18.5049
 SC_VDW =        -1.1038  SC_EEL  =       -11.1771  SC_DERIV=         5.7549
 ------------------------------------------------------------------------------


 NSTEP =     2500   TIME(PS) =       2.500  TEMP(K) =   299.49  PRESS =     0.0
 Etot   =    -10498.4500  EKtot   =      4175.2886  EPtot      =    -14673.7386
 BOND   =      2816.4267  ANGLE   =        45.4964  DIHED      =        28.2317
 1-4 NB =        15.5352  1-4 EEL =        10.2871  VDWAALS    =      2962.3867
 EELEC  =    -20552.1025  EHBOND  =         0.0000  RESTRAINT  =         0.0000
 DV/DL  =         2.4322
 Ewald error estimate:   0.1285E-03
 ------------------------------------------------------------------------------

  Softcore part of the system:    19 atoms,         TEMP(K)    =         318.28
 SC_BOND=         3.4480  SC_ANGLE=        19.8654  SC_DIHED   =         5.1022
 SC_14NB=         2.7567  SC_14EEL=        10.3307  SC_EKIN    =        18.0255
 SC_VDW =        -1.1419  SC_EEL  =       -10.8757  SC_DERIV=         5.5677
 ------------------------------------------------------------------------------

check COM velocity, temp:        0.000603     0.00(Removed)

 NSTEP =     3000   TIME(PS) =       3.000  TEMP(K) =   301.01  PRESS =     0.0
 Etot   =    -10495.4098  EKtot   =      4196.4834  EPtot      =    -14691.8933
 BOND   =      2798.2391  ANGLE   =        47.7232  DIHED      =        24.2342
 1-4 NB =        15.0019  1-4 EEL =        10.0962  VDWAALS    =      3033.1521
 EELEC  =    -20620.3399  EHBOND  =         0.0000  RESTRAINT  =         0.0000
 DV/DL  =        20.1650
 Ewald error estimate:   0.3115E-03
 ------------------------------------------------------------------------------

  Softcore part of the system:    19 atoms,         TEMP(K)    =         396.57
 SC_BOND=         7.9977  SC_ANGLE=        18.9930  SC_DIHED   =         5.7354
 SC_14NB=         1.6840  SC_14EEL=         9.7450  SC_EKIN    =        22.4597
 SC_VDW =        -1.1025  SC_EEL  =       -11.1430  SC_DERIV=        27.4824
 ------------------------------------------------------------------------------


 NSTEP =     3500   TIME(PS) =       3.500  TEMP(K) =   297.88  PRESS =     0.0
 Etot   =    -10493.5315  EKtot   =      4152.8068  EPtot      =    -14646.3383
 BOND   =      2835.4447  ANGLE   =        46.1148  DIHED      =        23.8198
 1-4 NB =        12.7423  1-4 EEL =         9.4708  VDWAALS    =      2884.5488
 EELEC  =    -20458.4795  EHBOND  =         0.0000  RESTRAINT  =         0.0000
 DV/DL  =        27.6190
 Ewald error estimate:   0.1239E-03
 ------------------------------------------------------------------------------

  Softcore part of the system:    19 atoms,         TEMP(K)    =         373.67
 SC_BOND=         4.8452  SC_ANGLE=        20.4299  SC_DIHED   =         5.0519
 SC_14NB=         2.3270  SC_14EEL=        11.5957  SC_EKIN    =        21.1631
 SC_VDW =        -0.9852  SC_EEL  =       -11.1131  SC_DERIV=        26.9691
 ------------------------------------------------------------------------------

check COM velocity, temp:        0.000610     0.00(Removed)

 NSTEP =     4000   TIME(PS) =       4.000  TEMP(K) =   300.69  PRESS =     0.0
 Etot   =    -10499.3423  EKtot   =      4191.9348  EPtot      =    -14691.2771
 BOND   =      2797.2082  ANGLE   =        48.7217  DIHED      =        23.8632
 1-4 NB =        13.7139  1-4 EEL =         8.2688  VDWAALS    =      3075.8489
 EELEC  =    -20658.9018  EHBOND  =         0.0000  RESTRAINT  =         0.0000
 DV/DL  =         5.9292
 Ewald error estimate:   0.2297E-03
 ------------------------------------------------------------------------------

  Softcore part of the system:    19 atoms,         TEMP(K)    =         467.87
 SC_BOND=         4.7365  SC_ANGLE=        18.3566  SC_DIHED   =         8.1695
 SC_14NB=         3.0150  SC_14EEL=        11.0750  SC_EKIN    =        26.4980
 SC_VDW =        -0.9593  SC_EEL  =       -11.5813  SC_DERIV=         6.1572
 ------------------------------------------------------------------------------


 NSTEP =     4500   TIME(PS) =       4.500  TEMP(K) =   299.06  PRESS =     0.0
 Etot   =    -10516.8403  EKtot   =      4169.2701  EPtot      =    -14686.1104
 BOND   =      2804.7901  ANGLE   =        46.0391  DIHED      =        23.9135
 1-4 NB =        14.0894  1-4 EEL =         7.1679  VDWAALS    =      2970.0339
 EELEC  =    -20552.1442  EHBOND  =         0.0000  RESTRAINT  =         0.0000
 DV/DL  =        10.2643
 Ewald error estimate:   0.4799E-03
 ------------------------------------------------------------------------------

  Softcore part of the system:    19 atoms,         TEMP(K)    =         410.59
 SC_BOND=        12.2609  SC_ANGLE=        22.0393  SC_DIHED   =         2.3082
 SC_14NB=         1.9532  SC_14EEL=        10.1393  SC_EKIN    =        23.2540
 SC_VDW =        -0.3608  SC_EEL  =       -10.9994  SC_DERIV=        11.4303
 ------------------------------------------------------------------------------

check COM velocity, temp:        0.000463     0.00(Removed)

 NSTEP =     5000   TIME(PS) =       5.000  TEMP(K) =   301.88  PRESS =     0.0
 Etot   =    -10511.8523  EKtot   =      4208.6103  EPtot      =    -14720.4626
 BOND   =      2800.9579  ANGLE   =        43.5892  DIHED      =        22.3184
 1-4 NB =        13.0113  1-4 EEL =         5.1881  VDWAALS    =      2939.8331
 EELEC  =    -20545.3605  EHBOND  =         0.0000  RESTRAINT  =         0.0000
 DV/DL  =        22.9376
 Ewald error estimate:   0.1646E-03
 ------------------------------------------------------------------------------

  Softcore part of the system:    19 atoms,         TEMP(K)    =         314.02
 SC_BOND=         8.6430  SC_ANGLE=        23.5582  SC_DIHED   =         6.2572
 SC_14NB=         2.3235  SC_14EEL=        11.5275  SC_EKIN    =        17.7847
 SC_VDW =        -1.0399  SC_EEL  =       -10.9369  SC_DERIV=        19.5704
 ------------------------------------------------------------------------------

