
          -------------------------------------------------------
          Amber 12 SANDER                              2012
          -------------------------------------------------------

| Run on 10/14/2012 at 10:50:04
  [-O]verwriting output

File Assignments:
|  MDIN: LFb_prod01_v1_l4.in                                                   
| MDOUT: LFb_prod01_v1_l4.out                                                  
|INPCRD: equi_v1_l4.rst                                                        
|  PARM: LFb_lig_TIin.top                                                      
|RESTRT: LFb_prod01_v1_l4.rst                                                  
|  REFC: refc                                                                  
| MDVEL: mdvel.001                                                             
|  MDEN: mden.001                                                              
| MDCRD: LFb_prod01_v1_l4.mdcrd                                                
|MDINFO: mdinfo.001                                                            
|  MTMD: mtmd                                                                  
|INPDIP: inpdip                                                                
|RSTDIP: rstdip                                                                

|INPTRA: inptraj                                                               
|

 Here is the input file:

NVT MD w/No position restraints and PME (sander)                               
 &cntrl                                                                        
  ntx     = 7,                                                                 
  irest   = 1,                                                                 
  ntpr    = 500,                                                               
  ntwx    = 10000,                                                             
  ntwr    = 0,                                                                 
  iwrap   = 0,                                                                 
                                                                               
  ntf     = 1,                                                                 
  ntb     = 1,                                                                 
  cut     = 9.0,                                                               
                                                                               
  nstlim  = 250000,                                                            
  nscm    = 1000,                                                              
  t       = 0.0,                                                               
  dt      = 0.001,                                                             
                                                                               
  temp0   = 300.0,                                                             
  tempi   = 300.0,                                                             
  ntt     = 1,                                                                 
  tautp   = 2.0,                                                               
                                                                               
  ntc     = 1,                                                                 
  tol     = 0.000001,                                                          
                                                                               
  icfe    = 1,                                                                 
  clambda = 0.4,                                                               
  ifsc    = 1,                                                                 
  idecomp = 1,                                                                 
                                                                               
  scmask  =':LFb@C14,N3,C16,C19,C15,N4,C17,N5,C18,H1,H10,H11,H12,H13,H19,H20,H2
 &end                                                                          
RES 1 1                                                                        
END                                                                            
LRES 1 1                                                                       
END                                                                            
END                                                                            

--------------------------------------------------------------------------------
   1.  RESOURCE   USE: 
--------------------------------------------------------------------------------

| Flags: MPI                                                                    
 getting new box info from bottom of inpcrd
|  INFO: Old style inpcrd file read

| peek_ewald_inpcrd: Box info found
|Largest sphere to fit in unit cell has radius =    16.839
| New format PARM file being parsed.
| Version =    1.000 Date = 10/02/12 Time = 15:37:22
 NATOM  =    4678 NTYPES =      12 NBONH =    4639 MBONA  =      44
 NTHETH =      43 MTHETA =      66 NPHIH =      77 MPHIA  =     110
 NHPARM =       0 NPARM  =       0 NNB   =    6475 NRES   =    1540
 NBONA  =      44 NTHETA =      66 NPHIA =     110 NUMBND =      30
 NUMANG =      47 NPTRA  =      18 NATYP =      21 NPHB   =       1
 IFBOX  =       1 NMXRS  =      61 IFCAP =       0 NEXTRA =       0
 NCOPY  =       0


|     Memory Use     Allocated
|     Real              331955
|     Hollerith          15576
|     Integer           135699
|     Max Pairs         518868
|     nblistReal         56136
|     nblist Int        161863
|       Total             6281 kbytes

| Note: 1-4 EEL scale factors are being read from the topology file.

| Note: 1-4 VDW scale factors are being read from the topology file.
| Duplicated    0 dihedrals
| Duplicated    0 dihedrals

     BOX TYPE: RECTILINEAR

--------------------------------------------------------------------------------
   2.  CONTROL  DATA  FOR  THE  RUN
--------------------------------------------------------------------------------

default_name                                                                    

General flags:
     imin    =       0, nmropt  =       0

Nature and format of input:
     ntx     =       7, irest   =       1, ntrx    =       1

Nature and format of output:
     ntxo    =       1, ntpr    =     500, ntrx    =       1, ntwr    =       0
     iwrap   =       0, ntwx    =   10000, ntwv    =       0, ntwe    =       0
     ioutfm  =       0, ntwprt  =       0, idecomp =       1, rbornstat=      0

Potential function:
     ntf     =       1, ntb     =       1, igb     =       0, nsnb    =      25
     ipol    =       0, gbsa    =       0, iesp    =       0
     dielc   =   1.00000, cut     =   9.00000, intdiel =   1.00000

Frozen or restrained atoms:
     ibelly  =       0, ntr     =       0

Molecular dynamics:
     nstlim  =    250000, nscm    =      1000, nrespa  =         1
     t       =   0.00000, dt      =   0.00100, vlimit  =  20.00000

Berendsen (weak-coupling) temperature regulation:
     temp0   = 300.00000, tempi   = 300.00000, tautp   =   2.00000

Free energy options:
     icfe    =       1, ifsc    =       1, klambda =       1
     clambda =  0.4000, scalpha =  0.5000, scbeta  = 12.0000
     sceeorder =       2 dvdl_norest =       0
     dynlmb =  0.0000 logdvdl =       0

Ewald parameters:
     verbose =       0, ew_type =       0, nbflag  =       1, use_pme =       1
     vdwmeth =       1, eedmeth =       1, netfrc  =       1
     Box X =   33.679   Box Y =   36.294   Box Z =   38.551
     Alpha =   90.000   Beta  =   90.000   Gamma =   90.000
     NFFT1 =   36       NFFT2 =   36       NFFT3 =   40
     Cutoff=    9.000   Tol   =0.100E-04
     Ewald Coefficient =  0.30768
     Interpolation order =    4

| MPI Timing options:
|      profile_mpi =        0

    LOADING THE DECOMP ATOMS AS GROUPS

    ----- READING GROUP     1; TITLE:
 RES 1 1                                                                     
      Number of atoms in this group  =     0
    ----- READING GROUP     1; TITLE:
 LRES 1 1                                                                    
      Number of atoms in this group  =     0
    ----- END OF GROUP READ -----

--------------------------------------------------------------------------------
   3.  ATOMIC COORDINATES AND VELOCITIES
--------------------------------------------------------------------------------

default_name                                                                    
 begin time read from input coords =     0.000 ps

 Number of triangulated 3-point waters found:     1539
|  Atom division among processors:
|         0    1171    2338    3508    4678
       
     Softcore Mask :LFb@C14,N3,C16,C19,C15,N4,C17,N5,C18,H1,H10,H11,H12,H13,H19,H20,H21,H22,H23; matches    19 atoms
     this run corresponds to V1, its softcore atoms interact fully for lambda=1
     this process:   4678 atoms, partner process:   4678 atoms
     Checking for mismatched coordinates.

     Sum of charges from parm topology file =  -0.00000000
     Forcing neutrality...
|  Running AMBER/MPI version on    4 nodes

|  MULTISANDER:    2 groups.    4 processors out of    8 total.

--------------------------------------------------------------------------------
   4.  RESULTS
--------------------------------------------------------------------------------

|  # of SOLUTE  degrees of freedom (RNDFP):   14034.
|  # of SOLVENT degrees of freedom (RNDFS):       0.
|  NDFMIN =   14031.     NUM_NOSHAKE =      0     CORRECTED RNDFP =   14031.
|  TOTAL # of degrees of freedom (RNDF) =   14031.
   DOF for the SC part of the system:   57
 ---------------------------------------------------
 APPROXIMATING switch and d/dx switch using CUBIC SPLINE INTERPOLATION
 using   5000.0 points per unit in tabled values
 TESTING RELATIVE ERROR over r ranging from 0.0 to cutoff
| CHECK switch(x): max rel err =   0.2738E-14   at   2.422500
| CHECK d/dx switch(x): max rel err =   0.8314E-11   at   2.736960
 ---------------------------------------------------
| Local SIZE OF NONBOND LIST =     330066
| TOTAL SIZE OF NONBOND LIST =    1288074

 NSTEP =      500   TIME(PS) =       0.500  TEMP(K) =   299.78  PRESS =     0.0
 Etot   =    -10508.2130  EKtot   =      4179.2481  EPtot      =    -14687.4612
 BOND   =      2734.7654  ANGLE   =        43.0477  DIHED      =        25.5567
 1-4 NB =        15.0205  1-4 EEL =         8.4897  VDWAALS    =      2989.1934
 EELEC  =    -20503.5345  EHBOND  =         0.0000  RESTRAINT  =         0.0000
 DV/DL  =         9.3078
 Ewald error estimate:   0.3538E-03
 ------------------------------------------------------------------------------

  Softcore part of the system:    19 atoms,         TEMP(K)    =         394.97
 SC_BOND=         3.9014  SC_ANGLE=        21.8021  SC_DIHED   =         1.5292
 SC_14NB=         2.9000  SC_14EEL=        11.8723  SC_EKIN    =        22.3692
 SC_VDW =        -0.9809  SC_EEL  =       -10.6480  SC_DERIV=         3.4159
 ------------------------------------------------------------------------------

check COM velocity, temp:        0.000909     0.00(Removed)

 NSTEP =     1000   TIME(PS) =       1.000  TEMP(K) =   304.25  PRESS =     0.0
 Etot   =    -10512.9489  EKtot   =      4241.5378  EPtot      =    -14754.4868
 BOND   =      2719.6973  ANGLE   =        46.9995  DIHED      =        22.7465
 1-4 NB =        13.6405  1-4 EEL =         8.4051  VDWAALS    =      2950.9922
 EELEC  =    -20516.9680  EHBOND  =         0.0000  RESTRAINT  =         0.0000
 DV/DL  =         5.0481
 Ewald error estimate:   0.2837E-03
 ------------------------------------------------------------------------------

  Softcore part of the system:    19 atoms,         TEMP(K)    =         333.60
 SC_BOND=         7.8211  SC_ANGLE=        19.9034  SC_DIHED   =         4.6654
 SC_14NB=         2.9581  SC_14EEL=        10.0922  SC_EKIN    =        18.8934
 SC_VDW =         0.0418  SC_EEL  =       -11.4298  SC_DERIV=        -1.5268
 ------------------------------------------------------------------------------


 NSTEP =     1500   TIME(PS) =       1.500  TEMP(K) =   300.84  PRESS =     0.0
 Etot   =    -10514.3700  EKtot   =      4194.0286  EPtot      =    -14708.3986
 BOND   =      2764.8688  ANGLE   =        46.5839  DIHED      =        18.3476
 1-4 NB =        15.8129  1-4 EEL =         8.2014  VDWAALS    =      2948.5544
 EELEC  =    -20510.7676  EHBOND  =         0.0000  RESTRAINT  =         0.0000
 DV/DL  =        13.3565
 Ewald error estimate:   0.3895E-03
 ------------------------------------------------------------------------------

  Softcore part of the system:    19 atoms,         TEMP(K)    =         347.94
 SC_BOND=         5.9843  SC_ANGLE=        15.6790  SC_DIHED   =         2.2681
 SC_14NB=         3.0388  SC_14EEL=        11.5155  SC_EKIN    =        19.7053
 SC_VDW =        -0.6695  SC_EEL  =       -10.9543  SC_DERIV=         2.5019
 ------------------------------------------------------------------------------

check COM velocity, temp:        0.000824     0.00(Removed)

 NSTEP =     2000   TIME(PS) =       2.000  TEMP(K) =   301.73  PRESS =     0.0
 Etot   =    -10511.2916  EKtot   =      4206.4646  EPtot      =    -14717.7562
 BOND   =      2730.4729  ANGLE   =        47.9536  DIHED      =        24.4433
 1-4 NB =        13.4174  1-4 EEL =         8.5426  VDWAALS    =      2892.5975
 EELEC  =    -20435.1834  EHBOND  =         0.0000  RESTRAINT  =         0.0000
 DV/DL  =        14.4686
 Ewald error estimate:   0.3581E-03
 ------------------------------------------------------------------------------

  Softcore part of the system:    19 atoms,         TEMP(K)    =         256.74
 SC_BOND=         6.4126  SC_ANGLE=        18.9618  SC_DIHED   =         2.9040
 SC_14NB=         2.7524  SC_14EEL=        10.7126  SC_EKIN    =        14.5403
 SC_VDW =        -0.9970  SC_EEL  =       -11.8031  SC_DERIV=         5.0986
 ------------------------------------------------------------------------------


 NSTEP =     2500   TIME(PS) =       2.500  TEMP(K) =   297.11  PRESS =     0.0
 Etot   =    -10517.6408  EKtot   =      4141.9973  EPtot      =    -14659.6381
 BOND   =      2765.1777  ANGLE   =        51.1139  DIHED      =        19.9496
 1-4 NB =        13.6551  1-4 EEL =         4.0157  VDWAALS    =      3020.4161
 EELEC  =    -20533.9662  EHBOND  =         0.0000  RESTRAINT  =         0.0000
 DV/DL  =        13.4223
 Ewald error estimate:   0.4517E-03
 ------------------------------------------------------------------------------

  Softcore part of the system:    19 atoms,         TEMP(K)    =         322.78
 SC_BOND=         2.9664  SC_ANGLE=        19.3914  SC_DIHED   =         4.0516
 SC_14NB=         3.5372  SC_14EEL=        11.8616  SC_EKIN    =        18.2808
 SC_VDW =        -0.6954  SC_EEL  =       -12.3285  SC_DERIV=         2.4373
 ------------------------------------------------------------------------------

check COM velocity, temp:        0.000389     0.00(Removed)

 NSTEP =     3000   TIME(PS) =       3.000  TEMP(K) =   294.20  PRESS =     0.0
 Etot   =    -10494.9907  EKtot   =      4101.4583  EPtot      =    -14596.4490
 BOND   =      2792.4278  ANGLE   =        53.3470  DIHED      =        24.6152
 1-4 NB =        14.1330  1-4 EEL =         7.6369  VDWAALS    =      2971.8490
 EELEC  =    -20460.4580  EHBOND  =         0.0000  RESTRAINT  =         0.0000
 DV/DL  =        -2.3004
 Ewald error estimate:   0.2973E-03
 ------------------------------------------------------------------------------

  Softcore part of the system:    19 atoms,         TEMP(K)    =         340.16
 SC_BOND=         3.3305  SC_ANGLE=        19.0668  SC_DIHED   =         2.6943
 SC_14NB=         2.0887  SC_14EEL=        10.2647  SC_EKIN    =        19.2651
 SC_VDW =        -0.9269  SC_EEL  =       -10.7513  SC_DERIV=        -5.7045
 ------------------------------------------------------------------------------


 NSTEP =     3500   TIME(PS) =       3.500  TEMP(K) =   297.12  PRESS =     0.0
 Etot   =    -10490.9814  EKtot   =      4142.2582  EPtot      =    -14633.2396
 BOND   =      2763.3388  ANGLE   =        45.9098  DIHED      =        17.8565
 1-4 NB =        14.1047  1-4 EEL =        10.0256  VDWAALS    =      3059.5251
 EELEC  =    -20544.0002  EHBOND  =         0.0000  RESTRAINT  =         0.0000
 DV/DL  =         2.8347
 Ewald error estimate:   0.2222E-03
 ------------------------------------------------------------------------------

  Softcore part of the system:    19 atoms,         TEMP(K)    =         281.89
 SC_BOND=        10.3582  SC_ANGLE=        13.3499  SC_DIHED   =         2.7351
 SC_14NB=         3.1635  SC_14EEL=        10.7279  SC_EKIN    =        15.9647
 SC_VDW =        -0.7921  SC_EEL  =       -11.1384  SC_DERIV=        -1.9684
 ------------------------------------------------------------------------------

check COM velocity, temp:        0.000822     0.00(Removed)

 NSTEP =     4000   TIME(PS) =       4.000  TEMP(K) =   303.18  PRESS =     0.0
 Etot   =    -10514.5992  EKtot   =      4226.6696  EPtot      =    -14741.2687
 BOND   =      2674.4154  ANGLE   =        47.4570  DIHED      =        21.1468
 1-4 NB =        13.3942  1-4 EEL =         6.6717  VDWAALS    =      2999.3486
 EELEC  =    -20503.7025  EHBOND  =         0.0000  RESTRAINT  =         0.0000
 DV/DL  =        -3.8008
 Ewald error estimate:   0.2301E-03
 ------------------------------------------------------------------------------

  Softcore part of the system:    19 atoms,         TEMP(K)    =         271.46
 SC_BOND=         7.1723  SC_ANGLE=        14.2478  SC_DIHED   =         5.1478
 SC_14NB=         3.3070  SC_14EEL=        11.0748  SC_EKIN    =        15.3743
 SC_VDW =        -0.4113  SC_EEL  =       -10.6344  SC_DERIV=        -7.2394
 ------------------------------------------------------------------------------


 NSTEP =     4500   TIME(PS) =       4.500  TEMP(K) =   300.93  PRESS =     0.0
 Etot   =    -10502.6029  EKtot   =      4195.3508  EPtot      =    -14697.9537
 BOND   =      2747.4850  ANGLE   =        42.9800  DIHED      =        19.7837
 1-4 NB =        16.2570  1-4 EEL =         9.6939  VDWAALS    =      3062.0688
 EELEC  =    -20596.2222  EHBOND  =         0.0000  RESTRAINT  =         0.0000
 DV/DL  =         7.3181
 Ewald error estimate:   0.5863E-04
 ------------------------------------------------------------------------------

  Softcore part of the system:    19 atoms,         TEMP(K)    =         276.23
 SC_BOND=         6.1510  SC_ANGLE=        19.9247  SC_DIHED   =         3.1720
 SC_14NB=         3.3207  SC_14EEL=         9.8924  SC_EKIN    =        15.6442
 SC_VDW =        -1.1315  SC_EEL  =       -11.1837  SC_DERIV=        -1.8279
 ------------------------------------------------------------------------------

check COM velocity, temp:        0.000408     0.00(Removed)

 NSTEP =     5000   TIME(PS) =       5.000  TEMP(K) =   294.68  PRESS =     0.0
 Etot   =    -10486.8883  EKtot   =      4108.1551  EPtot      =    -14595.0434
 BOND   =      2785.7443  ANGLE   =        48.8197  DIHED      =        24.7005
 1-4 NB =        16.0039  1-4 EEL =        10.1536  VDWAALS    =      2921.1536
 EELEC  =    -20401.6191  EHBOND  =         0.0000  RESTRAINT  =         0.0000
 DV/DL  =         4.4216
 Ewald error estimate:   0.1798E-03
 ------------------------------------------------------------------------------

  Softcore part of the system:    19 atoms,         TEMP(K)    =         301.71
 SC_BOND=         7.3327  SC_ANGLE=        20.7784  SC_DIHED   =         4.3748
 SC_14NB=         2.3173  SC_14EEL=        10.2792  SC_EKIN    =        17.0871
 SC_VDW =        -0.8984  SC_EEL  =       -11.1779  SC_DERIV=        -3.1235
 ------------------------------------------------------------------------------

