
          -------------------------------------------------------
          Amber 12 SANDER                              2012
          -------------------------------------------------------

| Run on 10/14/2012 at 10:50:26
  [-O]verwriting output

File Assignments:
|  MDIN: LFb_prod01_v1_l6.in                                                   
| MDOUT: LFb_prod01_v1_l6.out                                                  
|INPCRD: equi_v1_l6.rst                                                        
|  PARM: LFb_lig_TIin.top                                                      
|RESTRT: LFb_prod01_v1_l6.rst                                                  
|  REFC: refc                                                                  
| MDVEL: mdvel.001                                                             
|  MDEN: mden.001                                                              
| MDCRD: LFb_prod01_v1_l6.mdcrd                                                
|MDINFO: mdinfo.001                                                            
|  MTMD: mtmd                                                                  
|INPDIP: inpdip                                                                
|RSTDIP: rstdip                                                                

|INPTRA: inptraj                                                               
|

 Here is the input file:

NVT MD w/No position restraints and PME (sander)                               
 &cntrl                                                                        
  ntx     = 7,                                                                 
  irest   = 1,                                                                 
  ntpr    = 500,                                                               
  ntwx    = 10000,                                                             
  ntwr    = 0,                                                                 
  iwrap   = 0,                                                                 
                                                                               
  ntf     = 1,                                                                 
  ntb     = 1,                                                                 
  cut     = 9.0,                                                               
                                                                               
  nstlim  = 250000,                                                            
  nscm    = 1000,                                                              
  t       = 0.0,                                                               
  dt      = 0.001,                                                             
                                                                               
  temp0   = 300.0,                                                             
  tempi   = 300.0,                                                             
  ntt     = 1,                                                                 
  tautp   = 2.0,                                                               
                                                                               
  ntc     = 1,                                                                 
  tol     = 0.000001,                                                          
                                                                               
  icfe    = 1,                                                                 
  clambda = 0.6,                                                               
  ifsc    = 1,                                                                 
  idecomp = 1,                                                                 
                                                                               
  scmask  =':LFb@C14,N3,C16,C19,C15,N4,C17,N5,C18,H1,H10,H11,H12,H13,H19,H20,H2
 &end                                                                          
RES 1 1                                                                        
END                                                                            
LRES 1 1                                                                       
END                                                                            
END                                                                            

--------------------------------------------------------------------------------
   1.  RESOURCE   USE: 
--------------------------------------------------------------------------------

| Flags: MPI                                                                    
 getting new box info from bottom of inpcrd
|  INFO: Old style inpcrd file read

| peek_ewald_inpcrd: Box info found
|Largest sphere to fit in unit cell has radius =    16.839
| New format PARM file being parsed.
| Version =    1.000 Date = 10/02/12 Time = 15:37:22
 NATOM  =    4678 NTYPES =      12 NBONH =    4639 MBONA  =      44
 NTHETH =      43 MTHETA =      66 NPHIH =      77 MPHIA  =     110
 NHPARM =       0 NPARM  =       0 NNB   =    6475 NRES   =    1540
 NBONA  =      44 NTHETA =      66 NPHIA =     110 NUMBND =      30
 NUMANG =      47 NPTRA  =      18 NATYP =      21 NPHB   =       1
 IFBOX  =       1 NMXRS  =      61 IFCAP =       0 NEXTRA =       0
 NCOPY  =       0


|     Memory Use     Allocated
|     Real              331955
|     Hollerith          15576
|     Integer           135699
|     Max Pairs         518868
|     nblistReal         56136
|     nblist Int        161863
|       Total             6281 kbytes

| Note: 1-4 EEL scale factors are being read from the topology file.

| Note: 1-4 VDW scale factors are being read from the topology file.
| Duplicated    0 dihedrals
| Duplicated    0 dihedrals

     BOX TYPE: RECTILINEAR

--------------------------------------------------------------------------------
   2.  CONTROL  DATA  FOR  THE  RUN
--------------------------------------------------------------------------------

default_name                                                                    

General flags:
     imin    =       0, nmropt  =       0

Nature and format of input:
     ntx     =       7, irest   =       1, ntrx    =       1

Nature and format of output:
     ntxo    =       1, ntpr    =     500, ntrx    =       1, ntwr    =       0
     iwrap   =       0, ntwx    =   10000, ntwv    =       0, ntwe    =       0
     ioutfm  =       0, ntwprt  =       0, idecomp =       1, rbornstat=      0

Potential function:
     ntf     =       1, ntb     =       1, igb     =       0, nsnb    =      25
     ipol    =       0, gbsa    =       0, iesp    =       0
     dielc   =   1.00000, cut     =   9.00000, intdiel =   1.00000

Frozen or restrained atoms:
     ibelly  =       0, ntr     =       0

Molecular dynamics:
     nstlim  =    250000, nscm    =      1000, nrespa  =         1
     t       =   0.00000, dt      =   0.00100, vlimit  =  20.00000

Berendsen (weak-coupling) temperature regulation:
     temp0   = 300.00000, tempi   = 300.00000, tautp   =   2.00000

Free energy options:
     icfe    =       1, ifsc    =       1, klambda =       1
     clambda =  0.6000, scalpha =  0.5000, scbeta  = 12.0000
     sceeorder =       2 dvdl_norest =       0
     dynlmb =  0.0000 logdvdl =       0

Ewald parameters:
     verbose =       0, ew_type =       0, nbflag  =       1, use_pme =       1
     vdwmeth =       1, eedmeth =       1, netfrc  =       1
     Box X =   33.679   Box Y =   36.294   Box Z =   38.551
     Alpha =   90.000   Beta  =   90.000   Gamma =   90.000
     NFFT1 =   36       NFFT2 =   36       NFFT3 =   40
     Cutoff=    9.000   Tol   =0.100E-04
     Ewald Coefficient =  0.30768
     Interpolation order =    4

| MPI Timing options:
|      profile_mpi =        0

    LOADING THE DECOMP ATOMS AS GROUPS

    ----- READING GROUP     1; TITLE:
 RES 1 1                                                                     
      Number of atoms in this group  =     0
    ----- READING GROUP     1; TITLE:
 LRES 1 1                                                                    
      Number of atoms in this group  =     0
    ----- END OF GROUP READ -----

--------------------------------------------------------------------------------
   3.  ATOMIC COORDINATES AND VELOCITIES
--------------------------------------------------------------------------------

default_name                                                                    
 begin time read from input coords =     0.000 ps

 Number of triangulated 3-point waters found:     1539
|  Atom division among processors:
|         0    1171    2338    3508    4678
       
     Softcore Mask :LFb@C14,N3,C16,C19,C15,N4,C17,N5,C18,H1,H10,H11,H12,H13,H19,H20,H21,H22,H23; matches    19 atoms
     this run corresponds to V1, its softcore atoms interact fully for lambda=1
     this process:   4678 atoms, partner process:   4678 atoms
     Checking for mismatched coordinates.

     Sum of charges from parm topology file =  -0.00000000
     Forcing neutrality...
|  Running AMBER/MPI version on    4 nodes

|  MULTISANDER:    2 groups.    4 processors out of    8 total.

--------------------------------------------------------------------------------
   4.  RESULTS
--------------------------------------------------------------------------------

|  # of SOLUTE  degrees of freedom (RNDFP):   14034.
|  # of SOLVENT degrees of freedom (RNDFS):       0.
|  NDFMIN =   14031.     NUM_NOSHAKE =      0     CORRECTED RNDFP =   14031.
|  TOTAL # of degrees of freedom (RNDF) =   14031.
   DOF for the SC part of the system:   57
 ---------------------------------------------------
 APPROXIMATING switch and d/dx switch using CUBIC SPLINE INTERPOLATION
 using   5000.0 points per unit in tabled values
 TESTING RELATIVE ERROR over r ranging from 0.0 to cutoff
| CHECK switch(x): max rel err =   0.2738E-14   at   2.422500
| CHECK d/dx switch(x): max rel err =   0.8314E-11   at   2.736960
 ---------------------------------------------------
| Local SIZE OF NONBOND LIST =     329687
| TOTAL SIZE OF NONBOND LIST =    1287556

 NSTEP =      500   TIME(PS) =       0.500  TEMP(K) =   302.16  PRESS =     0.0
 Etot   =    -10478.2909  EKtot   =      4212.4901  EPtot      =    -14690.7810
 BOND   =      2730.9616  ANGLE   =        42.8011  DIHED      =        22.1849
 1-4 NB =        16.5036  1-4 EEL =         8.7467  VDWAALS    =      2970.6937
 EELEC  =    -20482.6726  EHBOND  =         0.0000  RESTRAINT  =         0.0000
 DV/DL  =        -0.2282
 Ewald error estimate:   0.3965E-03
 ------------------------------------------------------------------------------

  Softcore part of the system:    19 atoms,         TEMP(K)    =         408.41
 SC_BOND=         4.9976  SC_ANGLE=        16.7858  SC_DIHED   =         7.8025
 SC_14NB=         3.0883  SC_14EEL=        10.4293  SC_EKIN    =        23.1303
 SC_VDW =        -0.9202  SC_EEL  =       -11.7336  SC_DERIV=         2.2171
 ------------------------------------------------------------------------------

check COM velocity, temp:        0.000432     0.00(Removed)

 NSTEP =     1000   TIME(PS) =       1.000  TEMP(K) =   301.48  PRESS =     0.0
 Etot   =    -10479.0431  EKtot   =      4202.9705  EPtot      =    -14682.0137
 BOND   =      2757.0747  ANGLE   =        43.8233  DIHED      =        24.2080
 1-4 NB =        13.7570  1-4 EEL =         9.1828  VDWAALS    =      3001.0506
 EELEC  =    -20531.1101  EHBOND  =         0.0000  RESTRAINT  =         0.0000
 DV/DL  =        10.4483
 Ewald error estimate:   0.3134E-03
 ------------------------------------------------------------------------------

  Softcore part of the system:    19 atoms,         TEMP(K)    =         457.00
 SC_BOND=         4.2911  SC_ANGLE=        16.8589  SC_DIHED   =         6.5404
 SC_14NB=         2.2891  SC_14EEL=        10.5932  SC_EKIN    =        25.8823
 SC_VDW =        -0.2865  SC_EEL  =       -11.2866  SC_DERIV=         5.0972
 ------------------------------------------------------------------------------


 NSTEP =     1500   TIME(PS) =       1.500  TEMP(K) =   299.42  PRESS =     0.0
 Etot   =    -10486.8825  EKtot   =      4174.2005  EPtot      =    -14661.0830
 BOND   =      2757.8567  ANGLE   =        46.6650  DIHED      =        26.1062
 1-4 NB =        14.3386  1-4 EEL =         8.1960  VDWAALS    =      2973.2873
 EELEC  =    -20487.5329  EHBOND  =         0.0000  RESTRAINT  =         0.0000
 DV/DL  =         4.1968
 Ewald error estimate:   0.3180E-03
 ------------------------------------------------------------------------------

  Softcore part of the system:    19 atoms,         TEMP(K)    =         316.96
 SC_BOND=         6.9046  SC_ANGLE=        16.1624  SC_DIHED   =         6.1286
 SC_14NB=         3.4457  SC_14EEL=        10.4705  SC_EKIN    =        17.9508
 SC_VDW =        -0.7938  SC_EEL  =       -10.3536  SC_DERIV=         3.2976
 ------------------------------------------------------------------------------

check COM velocity, temp:        0.000539     0.00(Removed)

 NSTEP =     2000   TIME(PS) =       2.000  TEMP(K) =   295.25  PRESS =     0.0
 Etot   =    -10480.7680  EKtot   =      4116.1750  EPtot      =    -14596.9430
 BOND   =      2843.1597  ANGLE   =        44.5158  DIHED      =        20.1105
 1-4 NB =        14.2787  1-4 EEL =         7.9774  VDWAALS    =      3055.7033
 EELEC  =    -20582.6884  EHBOND  =         0.0000  RESTRAINT  =         0.0000
 DV/DL  =        22.6251
 Ewald error estimate:   0.1998E-03
 ------------------------------------------------------------------------------

  Softcore part of the system:    19 atoms,         TEMP(K)    =         277.65
 SC_BOND=        11.5593  SC_ANGLE=        15.7931  SC_DIHED   =         4.5151
 SC_14NB=         3.0651  SC_14EEL=         9.1623  SC_EKIN    =        15.7247
 SC_VDW =        -0.6998  SC_EEL  =       -10.7696  SC_DERIV=        15.2933
 ------------------------------------------------------------------------------


 NSTEP =     2500   TIME(PS) =       2.500  TEMP(K) =   303.83  PRESS =     0.0
 Etot   =    -10500.9965  EKtot   =      4235.7849  EPtot      =    -14736.7814
 BOND   =      2765.6966  ANGLE   =        44.6141  DIHED      =        24.6366
 1-4 NB =        15.4080  1-4 EEL =         7.1624  VDWAALS    =      3056.6588
 EELEC  =    -20650.9579  EHBOND  =         0.0000  RESTRAINT  =         0.0000
 DV/DL  =        10.2702
 Ewald error estimate:   0.4458E-03
 ------------------------------------------------------------------------------

  Softcore part of the system:    19 atoms,         TEMP(K)    =         299.81
 SC_BOND=         5.9344  SC_ANGLE=        19.6800  SC_DIHED   =         5.2620
 SC_14NB=         3.6546  SC_14EEL=        10.9448  SC_EKIN    =        16.9795
 SC_VDW =        -0.2998  SC_EEL  =       -11.3266  SC_DERIV=         5.7315
 ------------------------------------------------------------------------------

check COM velocity, temp:        0.000939     0.00(Removed)

 NSTEP =     3000   TIME(PS) =       3.000  TEMP(K) =   300.22  PRESS =     0.0
 Etot   =    -10492.3021  EKtot   =      4185.4741  EPtot      =    -14677.7762
 BOND   =      2795.4693  ANGLE   =        44.2003  DIHED      =        23.0727
 1-4 NB =        16.0221  1-4 EEL =        10.9493  VDWAALS    =      2906.7152
 EELEC  =    -20474.2051  EHBOND  =         0.0000  RESTRAINT  =         0.0000
 DV/DL  =        13.1272
 Ewald error estimate:   0.6252E-03
 ------------------------------------------------------------------------------

  Softcore part of the system:    19 atoms,         TEMP(K)    =         321.40
 SC_BOND=         8.9264  SC_ANGLE=        18.2269  SC_DIHED   =         8.2138
 SC_14NB=         4.7503  SC_14EEL=         9.4823  SC_EKIN    =        18.2022
 SC_VDW =        -0.3481  SC_EEL  =       -11.6856  SC_DERIV=         7.9491
 ------------------------------------------------------------------------------


 NSTEP =     3500   TIME(PS) =       3.500  TEMP(K) =   299.42  PRESS =     0.0
 Etot   =    -10491.4658  EKtot   =      4174.2225  EPtot      =    -14665.6883
 BOND   =      2767.4959  ANGLE   =        44.4151  DIHED      =        20.0166
 1-4 NB =        15.7771  1-4 EEL =         9.7515  VDWAALS    =      2928.7226
 EELEC  =    -20451.8671  EHBOND  =         0.0000  RESTRAINT  =         0.0000
 DV/DL  =         8.9898
 Ewald error estimate:   0.3069E-03
 ------------------------------------------------------------------------------

  Softcore part of the system:    19 atoms,         TEMP(K)    =         413.28
 SC_BOND=         3.9943  SC_ANGLE=        18.4222  SC_DIHED   =         6.5590
 SC_14NB=         2.8785  SC_14EEL=        10.0941  SC_EKIN    =        23.4064
 SC_VDW =        -0.6288  SC_EEL  =       -11.7720  SC_DERIV=         2.6859
 ------------------------------------------------------------------------------

check COM velocity, temp:        0.001069     0.00(Removed)

 NSTEP =     4000   TIME(PS) =       4.000  TEMP(K) =   297.65  PRESS =     0.0
 Etot   =    -10490.5583  EKtot   =      4149.6455  EPtot      =    -14640.2038
 BOND   =      2705.7824  ANGLE   =        50.5741  DIHED      =        26.3380
 1-4 NB =        14.3954  1-4 EEL =         6.0902  VDWAALS    =      3039.9236
 EELEC  =    -20483.3075  EHBOND  =         0.0000  RESTRAINT  =         0.0000
 DV/DL  =         3.7402
 Ewald error estimate:   0.4201E-03
 ------------------------------------------------------------------------------

  Softcore part of the system:    19 atoms,         TEMP(K)    =         377.98
 SC_BOND=         5.5370  SC_ANGLE=        19.5397  SC_DIHED   =         6.4005
 SC_14NB=         3.0174  SC_14EEL=        10.1274  SC_EKIN    =        21.4067
 SC_VDW =        -0.6222  SC_EEL  =        -9.1410  SC_DERIV=         3.3664
 ------------------------------------------------------------------------------


 NSTEP =     4500   TIME(PS) =       4.500  TEMP(K) =   298.69  PRESS =     0.0
 Etot   =    -10487.0811  EKtot   =      4164.1397  EPtot      =    -14651.2208
 BOND   =      2796.8128  ANGLE   =        51.0746  DIHED      =        21.0058
 1-4 NB =        14.0527  1-4 EEL =        10.9753  VDWAALS    =      3080.4607
 EELEC  =    -20625.6027  EHBOND  =         0.0000  RESTRAINT  =         0.0000
 DV/DL  =        -0.2929
 Ewald error estimate:   0.4519E-03
 ------------------------------------------------------------------------------

  Softcore part of the system:    19 atoms,         TEMP(K)    =         347.50
 SC_BOND=         7.3624  SC_ANGLE=        22.0567  SC_DIHED   =         3.8827
 SC_14NB=         2.6234  SC_14EEL=        10.5691  SC_EKIN    =        19.6808
 SC_VDW =        -0.5628  SC_EEL  =       -12.0298  SC_DERIV=         1.2083
 ------------------------------------------------------------------------------

check COM velocity, temp:        0.000310     0.00(Removed)

 NSTEP =     5000   TIME(PS) =       5.000  TEMP(K) =   301.09  PRESS =     0.0
 Etot   =    -10493.9032  EKtot   =      4197.5823  EPtot      =    -14691.4856
 BOND   =      2757.3980  ANGLE   =        47.7349  DIHED      =        22.9858
 1-4 NB =        13.6110  1-4 EEL =         7.2896  VDWAALS    =      2906.9524
 EELEC  =    -20447.4573  EHBOND  =         0.0000  RESTRAINT  =         0.0000
 DV/DL  =        20.3676
 Ewald error estimate:   0.3488E-03
 ------------------------------------------------------------------------------

  Softcore part of the system:    19 atoms,         TEMP(K)    =         349.13
 SC_BOND=         5.3790  SC_ANGLE=        18.1224  SC_DIHED   =         5.0919
 SC_14NB=         3.3513  SC_14EEL=        11.3597  SC_EKIN    =        19.7731
 SC_VDW =        -1.0926  SC_EEL  =       -11.1155  SC_DERIV=        14.3279
 ------------------------------------------------------------------------------

