
          -------------------------------------------------------
          Amber 20 SANDER                              2020
          -------------------------------------------------------

| Run on 03/12/2021 at 23:46:18

|   Executable path: /home/edward/test_build/bin/sander
| Working directory: /home/edward/test_build/AmberTools/test/bar_pbsa
|          Hostname: rayl8.bio.uci.edu

  [-O]verwriting output

File Assignments:
|  MDIN: /home/edward/test_build/AmberTools/test/bar_pbsa/1C5X/param_sweep_comp
| MDOUT: /home/edward/test_build/AmberTools/test/bar_pbsa/1C5X/param_sweep_comp
|INPCRD: /home/edward/test_build/AmberTools/test/bar_pbsa/1C5X/param_sweep_comp
|  PARM: /home/edward/test_build/AmberTools/test/bar_pbsa/1C5X/param_sweep_comp
|RESTRT: /home/edward/test_build/AmberTools/test/bar_pbsa/1C5X/param_sweep_comp
|  REFC: refc                                                                  
| MDVEL: mdvel                                                                 
| MDFRC: mdfrc                                                                 
|  MDEN: /home/edward/test_build/AmberTools/test/bar_pbsa/1C5X/param_sweep_comp
| MDCRD: /home/edward/test_build/AmberTools/test/bar_pbsa/1C5X/param_sweep_comp
|MDINFO: mdinfo                                                                
|  MTMD: mtmd                                                                  
|INPDIP: inpdip                                                                
|RSTDIP: rstdip                                                                
|INPTRA: /home/edward/test_build/AmberTools/test/bar_pbsa/1C5X/param_sweep_comp


 Here is the input file:

PB energy calculation                                                          
 &cntrl                                                                        
   imin = 5, nstlim = 2, dt = 0.002,                                           
   ntx = 2, irest = 0,                                                         
   ntb = 0,                                                                    
   ntt = 1,                                                                    
   temp0 = 298.0, ig = -1,                                                     
   ntp = 0,                                                                    
   ntc = 2, ntf = 2,                                                           
   ioutfm = 1, iwrap = 0,                                                      
   ntwe = 1000, ntwx = 10000, ntpr = 1, ntwr = 10000,                          
   cut = 9999.0,                                                               
   maxcyc = 1,                                                                 
   ipb=2, inp=0                                                                
                                                                               
/                                                                              
&pb                                                                            
   npbverb=0, istrng=150, epsout=80.0, epsin=1.0, space=.5,                    
   accept=0.001, radiopt=0, fillratio=2,                                       
   npbopt=0, bcopt=1, solvopt=1, maxitn=10000,                                 
   frcopt=0, nfocus=2, radiscale=1.0, radires="DRG", protscale=1.0,            
   dprob=1.4                                                                   
/                                                                              

--------------------------------------------------------------------------------
   1.  RESOURCE   USE: 
--------------------------------------------------------------------------------

| Flags:                                                                        
| New format PARM file being parsed.
| Version =    1.000 Date = 03/12/21 Time = 23:46:12
 NATOM  =    3833 NTYPES =      16 NBONH =    1888 MBONA  =    1999
 NTHETH =    4289 MTHETA =    2713 NPHIH =    8821 MPHIA  =    8588
 NHPARM =       0 NPARM  =       0 NNB   =   21167 NRES   =     247
 NBONA  =    1999 NTHETA =    2713 NPHIA =    8588 NUMBND =      81
 NUMANG =     179 NPTRA  =     221 NATYP =      47 NPHB   =       0
 IFBOX  =       2 NMXRS  =      24 IFCAP =       0 NEXTRA =       0
 NCOPY  =       0

 Implicit solvent radii are modified Bondi radii (mbondi)                                                   

|     Memory Use     Allocated
|     Real             1028799
|     Hollerith          11748
|     Integer           235907
|     Max Pairs              1
|     nblistReal             0
|     nblist Int             0
|       Total             9004 kbytes

| Note: 1-4 EEL scale factors are being read from the topology file.

| Note: 1-4 VDW scale factors are being read from the topology file.
| Duplicated    0 dihedrals
| Duplicated    0 dihedrals

     BOX TYPE: TRUNCATED OCTAHEDRON
Note: ig = -1. Setting random seed to   546208 based on wallclock time in microseconds.

--------------------------------------------------------------------------------
   2.  CONTROL  DATA  FOR  THE  RUN
--------------------------------------------------------------------------------

default_name                                                                    

General flags:
     imin    =       5, nmropt  =       0

Nature and format of input:
     ntx     =       2, irest   =       0, ntrx    =       1

Nature and format of output:
     ntxo    =       2, ntpr    =       1, ntrx    =       1, ntwr    =   10000
     iwrap   =       0, ntwx    =   10000, ntwv    =       0, ntwe    =    1000
     ioutfm  =       1, ntwprt  =       0, idecomp =       0, rbornstat=      0

Potential function:
     ntf     =       2, ntb     =       0, igb     =      10, nsnb    =      25
     ipol    =       0, gbsa    =       0, iesp    =       0
     dielc   =   1.00000, cut     =9999.00000, intdiel =   1.00000

Frozen or restrained atoms:
     ibelly  =       0, ntr     =       0

Energy minimization:
     maxcyc  =       1, ncyc    =      10, ntmin   =       1
     dx0     =   0.01000, drms    =   0.00010

SHAKE:
     ntc     =       2, jfastw  =       0
     tol     =   0.00001
|  INFO: Old style inpcrd file read


--------------------------------------------------------------------------------
   3.  ATOMIC COORDINATES AND VELOCITIES
--------------------------------------------------------------------------------

Warning: NetCDF restart has no time value.
Cpptraj Generated Restart                                                       
 begin time read from input coords =     0.000 ps

 Number of triangulated 3-point waters found:        0

--------------------------------------------------------------------------------
   4.  RESULTS
--------------------------------------------------------------------------------

 POST-PROCESSING OF TRAJECTORY ENERGIES
Warning: NetCDF trajectory has no time values.
TRAJENE: Frames in trajectory=     2
TRAJENE: Atoms in trajectory=  3833
Cpptraj Generated trajectory                                                    
minimizing coord set #     1
 Total surface charge      -2.9413
 Reaction field energy  -2444.7743
| PB NB list                     0.19
| PB FD grid                     0.01
| PB Sasa                        2.07
| PB FD force                   18.01
| PB Set linear sys             13.30
| PB Solver                      2.08
| PB Direct                      0.30
| PB SA srf                      0.08
| PB SA arc                      1.99
| PB SA arc setup                0.02
| PB circle                      1.72
| PB exclude                     0.24
| PB exmol                      13.22
| PB exmol setup                 0.09
| PB exmol part a                0.00
| PB exmol part b                0.19
| PB exmol part c                0.04
| PB exmol part d                0.02
| PB exmol part e                0.10
| PB exmol part f                0.23
| PB epsbnd                     10.40
| PB epsmap                      0.07
| PB calsa                       0.00


  Maximum number of minimization cycles reached.
| PB NB list                     0.00
| PB FD grid                     0.00
| PB Sasa                        2.05
| PB FD force                   16.32
| PB Set linear sys             13.25
| PB Solver                      0.38
| PB Multiple                    0.00
| PB Direct                      0.31
| PB SA srf                      0.07
| PB SA arc                      1.97
| PB SA arc setup                0.02
| PB circle                      1.71
| PB exclude                     0.24
| PB exmol                      13.19
| PB exmol setup                 0.07
| PB exmol part a                0.00
| PB exmol part b                0.18
| PB exmol part c                0.04
| PB exmol part d                0.02
| PB exmol part e                0.11
| PB exmol part f                0.23
| PB epsbnd                     10.43
| PB epsmap                      0.06
| PB calsa                       0.00


                    FINAL RESULTS



   NSTEP       ENERGY          RMS            GMAX         NAME    NUMBER
      1      -5.3167E+03     1.9918E+01     1.0561E+02     CB       1182

 BOND    =      776.9215  ANGLE   =     1930.0542  DIHED      =     3039.2801
 VDWAALS =    -2002.6181  EEL     =   -16987.9573  EPB        =    -2444.8182
 1-4 VDW =      849.9246  1-4 EEL =     9522.5557  RESTRAINT  =        0.0000
 ECAVITY =        0.0000  EDISPER =        0.0000
minimization completed, ENE= -.53166574E+04 RMS= 0.199182E+02
minimizing coord set #     2
 Total surface charge      -2.9504
 Reaction field energy  -2414.1204
| PB NB list                     0.18
| PB FD grid                     0.03
| PB Sasa                        2.16
| PB FD force                   17.40
| PB Set linear sys             13.09
| PB Solver                      1.74
| PB Multiple                    0.00
| PB Direct                      0.30
| PB SA srf                      0.08
| PB SA arc                      2.08
| PB SA arc setup                0.02
| PB circle                      1.82
| PB exclude                     0.25
| PB exmol                      13.02
| PB exmol setup                 0.08
| PB exmol part a                0.00
| PB exmol part b                0.19
| PB exmol part c                0.04
| PB exmol part d                0.02
| PB exmol part e                0.10
| PB exmol part f                0.23
| PB epsbnd                     10.14
| PB epsmap                      0.05
| PB calsa                       0.00


  Maximum number of minimization cycles reached.
| PB NB list                     0.00
| PB FD grid                     0.00
| PB Sasa                        2.09
| PB FD force                   15.97
| PB Set linear sys             13.02
| PB Solver                      0.39
| PB Multiple                    0.00
| PB Direct                      0.30
| PB SA srf                      0.07
| PB SA arc                      2.02
| PB SA arc setup                0.02
| PB circle                      1.76
| PB exclude                     0.24
| PB exmol                      12.96
| PB exmol setup                 0.06
| PB exmol part a                0.00
| PB exmol part b                0.18
| PB exmol part c                0.04
| PB exmol part d                0.01
| PB exmol part e                0.10
| PB exmol part f                0.22
| PB epsbnd                     10.17
| PB epsmap                      0.07
| PB calsa                       0.00


                    FINAL RESULTS



   NSTEP       ENERGY          RMS            GMAX         NAME    NUMBER
      1      -5.2668E+03     1.9375E+01     1.0330E+02     CA       2199

 BOND    =      756.3207  ANGLE   =     1987.9750  DIHED      =     3078.9871
 VDWAALS =    -2034.2507  EEL     =   -17050.6242  EPB        =    -2414.1135
 1-4 VDW =      856.0439  1-4 EEL =     9552.8162  RESTRAINT  =        0.0000
 ECAVITY =        0.0000  EDISPER =        0.0000
minimization completed, ENE= -.52668456E+04 RMS= 0.193746E+02
TRAJENE: Trajectory file ended
TRAJENE: Trajene complete.

--------------------------------------------------------------------------------
   5.  TIMINGS
--------------------------------------------------------------------------------

|             PB Nonbond                69.31 (100.0% of Nonbo)
|          Nonbond force             69.31 (100.0% of Force)
|          Bond/Angle/Dihedral        0.02 ( 0.03% of Force)
|       Force time                69.34 (100.0% of Runmd)
|    Runmd Time                69.34 (99.89% of Total)
|    Other                      0.07 ( 0.11% of Total)
| Total time                69.41 (100.0% of ALL  )

| Number of list builds   :          0

| Highest rstack allocated:          0
| Highest istack allocated:          0
|           Job began  at 23:46:18.479  on 03/12/2021
|           Setup done at 23:46:18.550  on 03/12/2021
|           Run   done at 23:47:27.889  on 03/12/2021
|     wallclock() was called     410 times

|3D-RISM memory allocation summary
|Type          Maximum        Current   
|Integer       0.00000 GB     0.00000 GB
|Real          0.00000 GB     0.00000 GB
|Logical       0.00000 GB     0.00000 GB
|Character     0.00000 GB     0.00000 GB
|---------------------------------------
|Total         0.00000 GB     0.00000 GB
