
          -------------------------------------------------------
          Amber 20 SANDER                              2020
          -------------------------------------------------------

| Run on 03/12/2021 at 23:47:29

|   Executable path: /home/edward/test_build/bin/sander
| Working directory: /home/edward/test_build/AmberTools/test/bar_pbsa
|          Hostname: rayl8.bio.uci.edu

  [-O]verwriting output

File Assignments:
|  MDIN: /home/edward/test_build/AmberTools/test/bar_pbsa/1C5X/param_sweep_comp
| MDOUT: /home/edward/test_build/AmberTools/test/bar_pbsa/1C5X/param_sweep_comp
|INPCRD: /home/edward/test_build/AmberTools/test/bar_pbsa/1C5X/param_sweep_comp
|  PARM: /home/edward/test_build/AmberTools/test/bar_pbsa/1C5X/param_sweep_comp
|RESTRT: /home/edward/test_build/AmberTools/test/bar_pbsa/1C5X/param_sweep_comp
|  REFC: refc                                                                  
| MDVEL: mdvel                                                                 
| MDFRC: mdfrc                                                                 
|  MDEN: /home/edward/test_build/AmberTools/test/bar_pbsa/1C5X/param_sweep_comp
| MDCRD: /home/edward/test_build/AmberTools/test/bar_pbsa/1C5X/param_sweep_comp
|MDINFO: mdinfo                                                                
|  MTMD: mtmd                                                                  
|INPDIP: inpdip                                                                
|RSTDIP: rstdip                                                                
|INPTRA: /home/edward/test_build/AmberTools/test/bar_pbsa/1C5X/param_sweep_comp


 Here is the input file:

PB energy calculation                                                          
 &cntrl                                                                        
   imin = 5, nstlim = 2, dt = 0.002,                                           
   ntx = 2, irest = 0,                                                         
   ntb = 0,                                                                    
   ntt = 1,                                                                    
   temp0 = 298.0, ig = -1,                                                     
   ntp = 0,                                                                    
   ntc = 2, ntf = 2,                                                           
   ioutfm = 1, iwrap = 0,                                                      
   ntwe = 1000, ntwx = 10000, ntpr = 1, ntwr = 10000,                          
   cut = 9999.0,                                                               
   maxcyc = 1,                                                                 
   ipb=2, inp=0                                                                
                                                                               
/                                                                              
&pb                                                                            
   npbverb=0, istrng=150, epsout=80.0, epsin=1.0, space=.5,                    
   accept=0.001, radiopt=0, fillratio=2,                                       
   npbopt=0, bcopt=1, solvopt=1, maxitn=10000,                                 
   frcopt=0, nfocus=2, radiscale=1.0, radires="DRG", protscale=1.0,            
   dprob=1.4                                                                   
/                                                                              

--------------------------------------------------------------------------------
   1.  RESOURCE   USE: 
--------------------------------------------------------------------------------

| Flags:                                                                        
| New format PARM file being parsed.
| Version =    1.000 Date = 03/12/21 Time = 23:46:12
 NATOM  =    3833 NTYPES =      16 NBONH =    1888 MBONA  =    1999
 NTHETH =    4289 MTHETA =    2713 NPHIH =    8821 MPHIA  =    8588
 NHPARM =       0 NPARM  =       0 NNB   =   21167 NRES   =     247
 NBONA  =    1999 NTHETA =    2713 NPHIA =    8588 NUMBND =      81
 NUMANG =     179 NPTRA  =     221 NATYP =      47 NPHB   =       0
 IFBOX  =       2 NMXRS  =      24 IFCAP =       0 NEXTRA =       0
 NCOPY  =       0

 Implicit solvent radii are modified Bondi radii (mbondi)                                                   

|     Memory Use     Allocated
|     Real             1028799
|     Hollerith          11748
|     Integer           235907
|     Max Pairs              1
|     nblistReal             0
|     nblist Int             0
|       Total             9004 kbytes

| Note: 1-4 EEL scale factors are being read from the topology file.

| Note: 1-4 VDW scale factors are being read from the topology file.
| Duplicated    0 dihedrals
| Duplicated    0 dihedrals

     BOX TYPE: TRUNCATED OCTAHEDRON
Note: ig = -1. Setting random seed to   688191 based on wallclock time in microseconds.

--------------------------------------------------------------------------------
   2.  CONTROL  DATA  FOR  THE  RUN
--------------------------------------------------------------------------------

default_name                                                                    

General flags:
     imin    =       5, nmropt  =       0

Nature and format of input:
     ntx     =       2, irest   =       0, ntrx    =       1

Nature and format of output:
     ntxo    =       2, ntpr    =       1, ntrx    =       1, ntwr    =   10000
     iwrap   =       0, ntwx    =   10000, ntwv    =       0, ntwe    =    1000
     ioutfm  =       1, ntwprt  =       0, idecomp =       0, rbornstat=      0

Potential function:
     ntf     =       2, ntb     =       0, igb     =      10, nsnb    =      25
     ipol    =       0, gbsa    =       0, iesp    =       0
     dielc   =   1.00000, cut     =9999.00000, intdiel =   1.00000

Frozen or restrained atoms:
     ibelly  =       0, ntr     =       0

Energy minimization:
     maxcyc  =       1, ncyc    =      10, ntmin   =       1
     dx0     =   0.01000, drms    =   0.00010

SHAKE:
     ntc     =       2, jfastw  =       0
     tol     =   0.00001
|  INFO: Old style inpcrd file read


--------------------------------------------------------------------------------
   3.  ATOMIC COORDINATES AND VELOCITIES
--------------------------------------------------------------------------------

Warning: NetCDF restart has no time value.
Cpptraj Generated Restart                                                       
 begin time read from input coords =     0.000 ps

 Number of triangulated 3-point waters found:        0

--------------------------------------------------------------------------------
   4.  RESULTS
--------------------------------------------------------------------------------

 POST-PROCESSING OF TRAJECTORY ENERGIES
Warning: NetCDF trajectory has no time values.
TRAJENE: Frames in trajectory=     2
TRAJENE: Atoms in trajectory=  3833
Cpptraj Generated trajectory                                                    
minimizing coord set #     1
 Total surface charge      -2.9653
 Reaction field energy  -2555.0556
| PB NB list                     0.19
| PB FD grid                     0.01
| PB Sasa                        2.14
| PB FD force                   19.35
| PB Set linear sys             14.13
| PB Solver                      2.41
| PB Multiple                    0.00
| PB Direct                      0.31
| PB SA srf                      0.08
| PB SA arc                      2.07
| PB SA arc setup                0.03
| PB circle                      1.77
| PB exclude                     0.27
| PB exmol                      14.05
| PB exmol setup                 0.13
| PB exmol part a                0.00
| PB exmol part b                0.19
| PB exmol part c                0.04
| PB exmol part d                0.02
| PB exmol part e                0.11
| PB exmol part f                0.28
| PB epsbnd                     11.01
| PB epsmap                      0.13


  Maximum number of minimization cycles reached.
| PB NB list                     0.00
| PB FD grid                     0.00
| PB Sasa                        2.22
| PB FD force                   17.45
| PB Set linear sys             14.19
| PB Solver                      0.47
| PB Direct                      0.31
| PB SA srf                      0.09
| PB SA arc                      2.13
| PB SA arc setup                0.02
| PB circle                      1.82
| PB exclude                     0.30
| PB exmol                      14.12
| PB exmol setup                 0.10
| PB exmol part a                0.00
| PB exmol part b                0.20
| PB exmol part c                0.05
| PB exmol part d                0.02
| PB exmol part e                0.11
| PB exmol part f                0.24
| PB epsbnd                     11.10
| PB epsmap                      0.08
| PB calsa                       0.00


                    FINAL RESULTS



   NSTEP       ENERGY          RMS            GMAX         NAME    NUMBER
      1      -5.0151E+03     1.9384E+01     1.2785E+02     C        2103

 BOND    =      692.3100  ANGLE   =     2007.9360  DIHED      =     3052.3973
 VDWAALS =    -1992.7728  EEL     =   -16781.8327  EPB        =    -2554.9824
 1-4 VDW =      884.6712  1-4 EEL =     9677.1667  RESTRAINT  =        0.0000
 ECAVITY =        0.0000  EDISPER =        0.0000
minimization completed, ENE= -.50151068E+04 RMS= 0.193843E+02
minimizing coord set #     2
 Total surface charge      -2.9934
 Reaction field energy  -2582.3854
| PB NB list                     0.19
| PB FD grid                     0.03
| PB Sasa                        2.15
| PB FD force                   19.58
| PB Set linear sys             14.09
| PB Solver                      2.70
| PB Direct                      0.31
| PB SA srf                      0.08
| PB SA arc                      2.07
| PB SA arc setup                0.02
| PB circle                      1.79
| PB exclude                     0.26
| PB exmol                      14.01
| PB exmol setup                 0.09
| PB exmol part a                0.01
| PB exmol part b                0.20
| PB exmol part c                0.05
| PB exmol part d                0.02
| PB exmol part e                0.11
| PB exmol part f                0.24
| PB epsbnd                     11.08
| PB epsmap                      0.08
| PB calsa                       0.00


  Maximum number of minimization cycles reached.
| PB NB list                     0.00
| PB FD grid                     0.00
| PB Sasa                        2.18
| PB FD force                   17.26
| PB Set linear sys             14.11
| PB Solver                      0.46
| PB Direct                      0.29
| PB SA srf                      0.08
| PB SA arc                      2.10
| PB SA arc setup                0.02
| PB circle                      1.81
| PB exclude                     0.27
| PB exmol                      14.04
| PB exmol setup                 0.08
| PB exmol part a                0.01
| PB exmol part b                0.19
| PB exmol part c                0.05
| PB exmol part d                0.02
| PB exmol part e                0.11
| PB exmol part f                0.24
| PB epsbnd                     11.09
| PB epsmap                      0.07
| PB calsa                       0.00


                    FINAL RESULTS



   NSTEP       ENERGY          RMS            GMAX         NAME    NUMBER
      1      -4.9968E+03     2.0002E+01     1.0055E+02     CA        168

 BOND    =      764.5426  ANGLE   =     1971.9577  DIHED      =     3038.2352
 VDWAALS =    -2001.1431  EEL     =   -16746.7882  EPB        =    -2582.3507
 1-4 VDW =      863.6043  1-4 EEL =     9695.1065  RESTRAINT  =        0.0000
 ECAVITY =        0.0000  EDISPER =        0.0000
minimization completed, ENE= -.49968356E+04 RMS= 0.200024E+02
TRAJENE: Trajectory file ended
TRAJENE: Trajene complete.

--------------------------------------------------------------------------------
   5.  TIMINGS
--------------------------------------------------------------------------------

|             PB Nonbond                75.29 (100.0% of Nonbo)
|          Nonbond force             75.29 (100.0% of Force)
|          Bond/Angle/Dihedral        0.03 ( 0.03% of Force)
|       Force time                75.32 (100.0% of Runmd)
|    Runmd Time                75.32 (100.0% of Total)
|    Other                      0.06 ( 0.09% of Total)
| Total time                75.38 (100.0% of ALL  )

| Number of list builds   :          0

| Highest rstack allocated:          0
| Highest istack allocated:          0
|           Job began  at 23:47:29.630  on 03/12/2021
|           Setup done at 23:47:29.692  on 03/12/2021
|           Run   done at 23:48:45.012  on 03/12/2021
|     wallclock() was called     410 times

|3D-RISM memory allocation summary
|Type          Maximum        Current   
|Integer       0.00000 GB     0.00000 GB
|Real          0.00000 GB     0.00000 GB
|Logical       0.00000 GB     0.00000 GB
|Character     0.00000 GB     0.00000 GB
|---------------------------------------
|Total         0.00000 GB     0.00000 GB
