
          -------------------------------------------------------
          Amber 20 SANDER                              2020
          -------------------------------------------------------

| Run on 03/12/2021 at 23:46:15

|   Executable path: /home/edward/test_build/bin/sander
| Working directory: /home/edward/test_build/AmberTools/test/bar_pbsa
|          Hostname: rayl8.bio.uci.edu

  [-O]verwriting output

File Assignments:
|  MDIN: /home/edward/test_build/AmberTools/test/bar_pbsa/1C5X/param_sweep_liga
| MDOUT: /home/edward/test_build/AmberTools/test/bar_pbsa/1C5X/param_sweep_liga
|INPCRD: /home/edward/test_build/AmberTools/test/bar_pbsa/1C5X/param_sweep_liga
|  PARM: /home/edward/test_build/AmberTools/test/bar_pbsa/1C5X/param_sweep_liga
|RESTRT: /home/edward/test_build/AmberTools/test/bar_pbsa/1C5X/param_sweep_liga
|  REFC: refc                                                                  
| MDVEL: mdvel                                                                 
| MDFRC: mdfrc                                                                 
|  MDEN: /home/edward/test_build/AmberTools/test/bar_pbsa/1C5X/param_sweep_liga
| MDCRD: /home/edward/test_build/AmberTools/test/bar_pbsa/1C5X/param_sweep_liga
|MDINFO: mdinfo                                                                
|  MTMD: mtmd                                                                  
|INPDIP: inpdip                                                                
|RSTDIP: rstdip                                                                
|INPTRA: /home/edward/test_build/AmberTools/test/bar_pbsa/1C5X/param_sweep_liga


 Here is the input file:

PB energy calculation                                                          
 &cntrl                                                                        
   imin = 5, nstlim = 2, dt = 0.002,                                           
   ntx = 2, irest = 0,                                                         
   ntb = 0,                                                                    
   ntt = 1,                                                                    
   temp0 = 298.0, ig = -1,                                                     
   ntp = 0,                                                                    
   ntc = 2, ntf = 2,                                                           
   ioutfm = 1, iwrap = 0,                                                      
   ntwe = 1000, ntwx = 10000, ntpr = 1, ntwr = 10000,                          
   cut = 9999.0,                                                               
   maxcyc = 1,                                                                 
   ipb=2, inp=0                                                                
                                                                               
/                                                                              
&pb                                                                            
   npbverb=0, istrng=150, epsout=80.0, epsin=1.0, space=.5,                    
   accept=0.001, radiopt=0, fillratio=4,                                       
   npbopt=0, bcopt=1, solvopt=1, maxitn=10000,                                 
   frcopt=0, nfocus=2, radiscale=1.0, radires="DRG", protscale=1.0,            
   dprob=1.4                                                                   
/                                                                              

--------------------------------------------------------------------------------
   1.  RESOURCE   USE: 
--------------------------------------------------------------------------------

| Flags:                                                                        
| New format PARM file being parsed.
| Version =    1.000 Date = 03/12/21 Time = 23:46:12
 NATOM  =      22 NTYPES =       7 NBONH =       8 MBONA  =      14
 NTHETH =      14 MTHETA =      20 NPHIH =      26 MPHIA  =      31
 NHPARM =       0 NPARM  =       0 NNB   =      98 NRES   =       2
 NBONA  =      14 NTHETA =      20 NPHIA =      31 NUMBND =      11
 NUMANG =      16 NPTRA  =       8 NATYP =      13 NPHB   =       0
 IFBOX  =       2 NMXRS  =      21 IFCAP =       0 NEXTRA =       0
 NCOPY  =       0

 Implicit solvent radii are modified Bondi radii (mbondi)                                                   

|     Memory Use     Allocated
|     Real              704378
|     Hollerith             70
|     Integer            21005
|     Max Pairs              1
|     nblistReal             0
|     nblist Int             0
|       Total             5585 kbytes

| Note: 1-4 EEL scale factors are being read from the topology file.

| Note: 1-4 VDW scale factors are being read from the topology file.
| Duplicated    0 dihedrals
| Duplicated    0 dihedrals

     BOX TYPE: TRUNCATED OCTAHEDRON
Note: ig = -1. Setting random seed to   881798 based on wallclock time in microseconds.

--------------------------------------------------------------------------------
   2.  CONTROL  DATA  FOR  THE  RUN
--------------------------------------------------------------------------------

default_name                                                                    

General flags:
     imin    =       5, nmropt  =       0

Nature and format of input:
     ntx     =       2, irest   =       0, ntrx    =       1

Nature and format of output:
     ntxo    =       2, ntpr    =       1, ntrx    =       1, ntwr    =   10000
     iwrap   =       0, ntwx    =   10000, ntwv    =       0, ntwe    =    1000
     ioutfm  =       1, ntwprt  =       0, idecomp =       0, rbornstat=      0

Potential function:
     ntf     =       2, ntb     =       0, igb     =      10, nsnb    =      25
     ipol    =       0, gbsa    =       0, iesp    =       0
     dielc   =   1.00000, cut     =9999.00000, intdiel =   1.00000

Frozen or restrained atoms:
     ibelly  =       0, ntr     =       0

Energy minimization:
     maxcyc  =       1, ncyc    =      10, ntmin   =       1
     dx0     =   0.01000, drms    =   0.00010

SHAKE:
     ntc     =       2, jfastw  =       0
     tol     =   0.00001
|  INFO: Old style inpcrd file read


--------------------------------------------------------------------------------
   3.  ATOMIC COORDINATES AND VELOCITIES
--------------------------------------------------------------------------------

Warning: NetCDF restart has no time value.
Cpptraj Generated Restart                                                       
 begin time read from input coords =     0.000 ps

 Number of triangulated 3-point waters found:        0

--------------------------------------------------------------------------------
   4.  RESULTS
--------------------------------------------------------------------------------

 POST-PROCESSING OF TRAJECTORY ENERGIES
Warning: NetCDF trajectory has no time values.
TRAJENE: Frames in trajectory=     2
TRAJENE: Atoms in trajectory=    22
Cpptraj Generated trajectory                                                    
minimizing coord set #     1
 Total surface charge      -0.0001
 Reaction field energy    -49.4504
| PB NB list                     0.00
| PB FD grid                     0.00
| PB Sasa                        0.00
| PB FD force                    0.46
| PB Set linear sys              0.29
| PB Solver                      0.18
| PB Direct                      0.00
| PB SA srf                      0.00
| PB SA arc                      0.00
| PB SA arc setup                0.00
| PB circle                      0.00
| PB exclude                     0.00
| PB exmol                       0.28
| PB exmol setup                 0.01
| PB exmol part a                0.00
| PB exmol part b                0.00
| PB exmol part c                0.00
| PB exmol part d                0.00
| PB exmol part e                0.00
| PB exmol part f                0.01
| PB epsbnd                      0.25
| PB epsmap                      0.01
| PB calsa                       0.00


  Maximum number of minimization cycles reached.
| PB FD grid                     0.00
| PB Sasa                        0.00
| PB FD force                    0.31
| PB Set linear sys              0.27
| PB Solver                      0.04
| PB Direct                      0.00
| PB SA srf                      0.00
| PB SA arc                      0.00
| PB SA arc setup                0.00
| PB circle                      0.00
| PB exclude                     0.00
| PB exmol                       0.27
| PB exmol setup                 0.01
| PB exmol part a                0.00
| PB exmol part b                0.00
| PB exmol part c                0.00
| PB exmol part d                0.00
| PB exmol part e                0.00
| PB exmol part f                0.01
| PB epsbnd                      0.25
| PB epsmap                      0.00
| PB calsa                       0.00


                    FINAL RESULTS



   NSTEP       ENERGY          RMS            GMAX         NAME    NUMBER
      1      -7.5607E+01     2.1734E+01     6.5483E+01     C6         14

 BOND    =        7.0716  ANGLE   =        8.1796  DIHED      =        3.7329
 VDWAALS =       -0.9039  EEL     =        0.7934  EPB        =      -49.4500
 1-4 VDW =        4.4849  1-4 EEL =      -49.5160  RESTRAINT  =        0.0000
 ECAVITY =        0.0000  EDISPER =        0.0000
minimization completed, ENE= -.75607458E+02 RMS= 0.217342E+02
minimizing coord set #     2
 Total surface charge       0.0000
 Reaction field energy    -50.0101
| PB NB list                     0.00
| PB FD grid                     0.00
| PB Sasa                        0.00
| PB FD force                    0.36
| PB Set linear sys              0.26
| PB Solver                      0.10
| PB Direct                      0.00
| PB SA srf                      0.00
| PB SA arc                      0.00
| PB SA arc setup                0.00
| PB circle                      0.00
| PB exclude                     0.00
| PB exmol                       0.26
| PB exmol setup                 0.00
| PB exmol part a                0.00
| PB exmol part b                0.00
| PB exmol part c                0.00
| PB exmol part d                0.00
| PB exmol part e                0.00
| PB exmol part f                0.01
| PB epsbnd                      0.24
| PB epsmap                      0.00


  Maximum number of minimization cycles reached.
| PB FD grid                     0.00
| PB Sasa                        0.00
| PB FD force                    0.28
| PB Set linear sys              0.26
| PB Solver                      0.02
| PB Direct                      0.00
| PB SA srf                      0.00
| PB SA arc                      0.00
| PB SA arc setup                0.00
| PB circle                      0.00
| PB exclude                     0.00
| PB exmol                       0.26
| PB exmol setup                 0.00
| PB exmol part a                0.00
| PB exmol part b                0.00
| PB exmol part c                0.00
| PB exmol part d                0.00
| PB exmol part e                0.00
| PB exmol part f                0.01
| PB epsbnd                      0.24
| PB epsmap                      0.00


                    FINAL RESULTS



   NSTEP       ENERGY          RMS            GMAX         NAME    NUMBER
      1      -7.5577E+01     1.7214E+01     4.9721E+01     C9         20

 BOND    =        4.1833  ANGLE   =        6.8108  DIHED      =        8.3910
 VDWAALS =       -1.1188  EEL     =        1.8073  EPB        =      -50.0114
 1-4 VDW =        3.4988  1-4 EEL =      -49.1384  RESTRAINT  =        0.0000
 ECAVITY =        0.0000  EDISPER =        0.0000
minimization completed, ENE= -.75577285E+02 RMS= 0.172143E+02
TRAJENE: Trajectory file ended
TRAJENE: Trajene complete.

--------------------------------------------------------------------------------
   5.  TIMINGS
--------------------------------------------------------------------------------

|    Read coords time           0.00 ( 0.04% of Total)
|             PB Nonbond                 1.41 (100.0% of Nonbo)
|             NP Nonbond                 0.00 ( 0.01% of Nonbo)
|          Nonbond force              1.41 (100.0% of Force)
|          Bond/Angle/Dihedral        0.00 ( 0.02% of Force)
|       Force time                 1.42 (100.0% of Runmd)
|    Runmd Time                 1.42 (99.66% of Total)
|    Other                      0.00 ( 0.30% of Total)
| Total time                 1.42 (100.0% of ALL  )

| Number of list builds   :          0

| Highest rstack allocated:          0
| Highest istack allocated:          0
|           Job began  at 23:46:15.879  on 03/12/2021
|           Setup done at 23:46:15.883  on 03/12/2021
|           Run   done at 23:46:17.300  on 03/12/2021
|     wallclock() was called     410 times

|3D-RISM memory allocation summary
|Type          Maximum        Current   
|Integer       0.00000 GB     0.00000 GB
|Real          0.00000 GB     0.00000 GB
|Logical       0.00000 GB     0.00000 GB
|Character     0.00000 GB     0.00000 GB
|---------------------------------------
|Total         0.00000 GB     0.00000 GB
