
          -------------------------------------------------------
          Amber 12 SANDER                              2012
          -------------------------------------------------------

| Run on 10/14/2012 at 10:54:52
  [-O]verwriting output

File Assignments:
|  MDIN: LFa_prod01_v0_l6.in                                                   
| MDOUT: LFa_prod01_v0_l6.out                                                  
|INPCRD: equi_v0_l6.rst                                                        
|  PARM: LFa_com_TIin.top                                                      
|RESTRT: LFa_prod01_v0_l6.rst                                                  
|  REFC: refc                                                                  
| MDVEL: mdvel.000                                                             
|  MDEN: mden.000                                                              
| MDCRD: LFa_prod01_v0_l6.mdcrd                                                
|MDINFO: mdinfo.000                                                            
|  MTMD: mtmd                                                                  
|INPDIP: inpdip                                                                
|RSTDIP: rstdip                                                                

|INPTRA: inptraj                                                               
|

 Here is the input file:

NVT MD w/No position restraints and PME (sander)                               
 &cntrl                                                                        
  ntx     = 7,                                                                 
  irest   = 1,                                                                 
  ntpr    = 500,                                                               
  ntwx    = 10000,                                                             
  ntwr    = 0,                                                                 
  iwrap   = 0,                                                                 
                                                                               
  ntf     = 1,                                                                 
  ntb     = 1,                                                                 
  cut     = 9.0,                                                               
                                                                               
  nstlim  = 250000,                                                            
  nscm    = 1000,                                                              
  t       = 0.0,                                                               
  dt      = 0.001,                                                             
                                                                               
  temp0   = 300.0,                                                             
  tempi   = 300.0,                                                             
  ntt     = 1,                                                                 
  tautp   = 2.0,                                                               
                                                                               
  ntc     = 1,                                                                 
  tol     = 0.000001,                                                          
                                                                               
  icfe    = 1,                                                                 
  clambda = 0.6,                                                               
  ifsc    = 1,                                                                 
  idecomp = 1,                                                                 
                                                                               
  scmask  =':LFa@N3,C16,H10,C15,H9,N4,C14,C17,H19,H20,N5,C19,H11,H12,H13,C18,H2
 &end                                                                          
RES 1 291                                                                      
END                                                                            
LRES 1 291                                                                     
END                                                                            
END                                                                            

--------------------------------------------------------------------------------
   1.  RESOURCE   USE: 
--------------------------------------------------------------------------------

| Flags: MPI                                                                    
 getting new box info from bottom of inpcrd
|  INFO: Old style inpcrd file read

| peek_ewald_inpcrd: Box info found
|Largest sphere to fit in unit cell has radius =    33.649
| New format PARM file being parsed.
| Version =    1.000 Date = 10/02/12 Time = 15:37:15
 NATOM  =   40325 NTYPES =      21 NBONH =   38049 MBONA  =    2330
 NTHETH =    4964 MTHETA =    3154 NPHIH =    9865 MPHIA  =    7757
 NHPARM =       0 NPARM  =       0 NNB   =   72373 NRES   =   12248
 NBONA  =    2330 NTHETA =    3154 NPHIA =    7757 NUMBND =      71
 NUMANG =     141 NPTRA  =      56 NATYP =      50 NPHB   =       1
 IFBOX  =       1 NMXRS  =      61 IFCAP =       0 NEXTRA =       0
 NCOPY  =       0


|     Memory Use     Allocated
|     Real             2222519
|     Hollerith         133225
|     Integer          1798974
|     Max Pairs        4472714
|     nblistReal        483900
|     nblist Int       1496001
|       Total            52006 kbytes

| Note: 1-4 EEL scale factors are being read from the topology file.

| Note: 1-4 VDW scale factors are being read from the topology file.
| Duplicated    0 dihedrals
| Duplicated    0 dihedrals

     BOX TYPE: RECTILINEAR

--------------------------------------------------------------------------------
   2.  CONTROL  DATA  FOR  THE  RUN
--------------------------------------------------------------------------------

default_name                                                                    

General flags:
     imin    =       0, nmropt  =       0

Nature and format of input:
     ntx     =       7, irest   =       1, ntrx    =       1

Nature and format of output:
     ntxo    =       1, ntpr    =     500, ntrx    =       1, ntwr    =       0
     iwrap   =       0, ntwx    =   10000, ntwv    =       0, ntwe    =       0
     ioutfm  =       0, ntwprt  =       0, idecomp =       1, rbornstat=      0

Potential function:
     ntf     =       1, ntb     =       1, igb     =       0, nsnb    =      25
     ipol    =       0, gbsa    =       0, iesp    =       0
     dielc   =   1.00000, cut     =   9.00000, intdiel =   1.00000

Frozen or restrained atoms:
     ibelly  =       0, ntr     =       0

Molecular dynamics:
     nstlim  =    250000, nscm    =      1000, nrespa  =         1
     t       =   0.00000, dt      =   0.00100, vlimit  =  20.00000

Berendsen (weak-coupling) temperature regulation:
     temp0   = 300.00000, tempi   = 300.00000, tautp   =   2.00000

Free energy options:
     icfe    =       1, ifsc    =       1, klambda =       1
     clambda =  0.6000, scalpha =  0.5000, scbeta  = 12.0000
     sceeorder =       2 dvdl_norest =       0
     dynlmb =  0.0000 logdvdl =       0

Ewald parameters:
     verbose =       0, ew_type =       0, nbflag  =       1, use_pme =       1
     vdwmeth =       1, eedmeth =       1, netfrc  =       1
     Box X =   72.419   Box Y =   83.096   Box Z =   67.298
     Alpha =   90.000   Beta  =   90.000   Gamma =   90.000
     NFFT1 =   72       NFFT2 =   90       NFFT3 =   72
     Cutoff=    9.000   Tol   =0.100E-04
     Ewald Coefficient =  0.30768
     Interpolation order =    4

| MPI Timing options:
|      profile_mpi =        0

    LOADING THE DECOMP ATOMS AS GROUPS

    ----- READING GROUP     1; TITLE:
 RES 1 291                                                                   
      Number of atoms in this group  =     0
    ----- READING GROUP     1; TITLE:
 LRES 1 291                                                                  
      Number of atoms in this group  =     0
    ----- END OF GROUP READ -----

--------------------------------------------------------------------------------
   3.  ATOMIC COORDINATES AND VELOCITIES
--------------------------------------------------------------------------------

default_name                                                                    
 begin time read from input coords =     0.000 ps

 Number of triangulated 3-point waters found:    11956
|  Atom division among processors:
|         0   10082   20162   30245   40325
       
     Softcore Mask :LFa@N3,C16,H10,C15,H9,N4,C14,C17,H19,H20,N5,C19,H11,H12,H13,C18,H21,H22,H23; matches    19 atoms
     this run corresponds to V0, its softcore atoms interact fully for lambda=0
     this process:  40325 atoms, partner process:  40325 atoms
     Checking for mismatched coordinates.

     Sum of charges from parm topology file =   0.00199986
     Forcing neutrality...
|  Running AMBER/MPI version on    4 nodes

|  MULTISANDER:    2 groups.    4 processors out of    8 total.

--------------------------------------------------------------------------------
   4.  RESULTS
--------------------------------------------------------------------------------

|  # of SOLUTE  degrees of freedom (RNDFP):  120975.
|  # of SOLVENT degrees of freedom (RNDFS):       0.
|  NDFMIN =  120972.     NUM_NOSHAKE =      0     CORRECTED RNDFP =  120972.
|  TOTAL # of degrees of freedom (RNDF) =  120972.
   DOF for the SC part of the system:   57
 ---------------------------------------------------
 APPROXIMATING switch and d/dx switch using CUBIC SPLINE INTERPOLATION
 using   5000.0 points per unit in tabled values
 TESTING RELATIVE ERROR over r ranging from 0.0 to cutoff
| CHECK switch(x): max rel err =   0.2738E-14   at   2.422500
| CHECK d/dx switch(x): max rel err =   0.8314E-11   at   2.736960
 ---------------------------------------------------
| Local SIZE OF NONBOND LIST =    2796221
| TOTAL SIZE OF NONBOND LIST =   11122632

 NSTEP =      500   TIME(PS) =       0.500  TEMP(K) =   299.11  PRESS =     0.0
 Etot   =    -86300.4602  EKtot   =     35952.4040  EPtot      =   -122252.8642
 BOND   =     22771.7807  ANGLE   =      2329.6483  DIHED      =      2895.9610
 1-4 NB =      1006.4184  1-4 EEL =     11819.6241  VDWAALS    =     20555.9964
 EELEC  =   -183632.2931  EHBOND  =         0.0000  RESTRAINT  =         0.0000
 DV/DL  =        20.5263
 Ewald error estimate:   0.2326E-04
 ------------------------------------------------------------------------------

  Softcore part of the system:    19 atoms,         TEMP(K)    =         326.48
 SC_BOND=         4.9387  SC_ANGLE=        17.6811  SC_DIHED   =         4.6594
 SC_14NB=         2.8713  SC_14EEL=        51.0513  SC_EKIN    =        18.4899
 SC_VDW =         0.2851  SC_EEL  =       -23.7371  SC_DERIV=        12.1190
 ------------------------------------------------------------------------------

check COM velocity, temp:        0.000077     0.00(Removed)

 NSTEP =     1000   TIME(PS) =       1.000  TEMP(K) =   300.45  PRESS =     0.0
 Etot   =    -86326.1274  EKtot   =     36113.5034  EPtot      =   -122439.6307
 BOND   =     22698.9055  ANGLE   =      2318.6148  DIHED      =      2891.5477
 1-4 NB =      1007.1448  1-4 EEL =     11920.0955  VDWAALS    =     20898.5758
 EELEC  =   -184174.5149  EHBOND  =         0.0000  RESTRAINT  =         0.0000
 DV/DL  =        21.9965
 Ewald error estimate:   0.6639E-04
 ------------------------------------------------------------------------------

  Softcore part of the system:    19 atoms,         TEMP(K)    =         308.90
 SC_BOND=         6.4466  SC_ANGLE=        17.8654  SC_DIHED   =         4.4820
 SC_14NB=         2.1899  SC_14EEL=        48.7662  SC_EKIN    =        17.4947
 SC_VDW =        -0.9038  SC_EEL  =       -22.0945  SC_DERIV=        14.8818
 ------------------------------------------------------------------------------


 NSTEP =     1500   TIME(PS) =       1.500  TEMP(K) =   298.40  PRESS =     0.0
 Etot   =    -86338.8428  EKtot   =     35866.4541  EPtot      =   -122205.2969
 BOND   =     22760.6814  ANGLE   =      2269.1031  DIHED      =      2871.6507
 1-4 NB =      1018.1932  1-4 EEL =     11873.3768  VDWAALS    =     20447.5850
 EELEC  =   -183445.8870  EHBOND  =         0.0000  RESTRAINT  =         0.0000
 DV/DL  =        14.9163
 Ewald error estimate:   0.5130E-04
 ------------------------------------------------------------------------------

  Softcore part of the system:    19 atoms,         TEMP(K)    =         359.80
 SC_BOND=         6.4726  SC_ANGLE=        18.9184  SC_DIHED   =         3.8805
 SC_14NB=         2.5179  SC_14EEL=        46.3079  SC_EKIN    =        20.3772
 SC_VDW =        -0.9814  SC_EEL  =       -19.9461  SC_DERIV=         9.2163
 ------------------------------------------------------------------------------

check COM velocity, temp:        0.000085     0.00(Removed)

 NSTEP =     2000   TIME(PS) =       2.000  TEMP(K) =   301.13  PRESS =     0.0
 Etot   =    -86328.8391  EKtot   =     36195.5973  EPtot      =   -122524.4365
 BOND   =     22754.5909  ANGLE   =      2282.8433  DIHED      =      2906.0946
 1-4 NB =      1012.0301  1-4 EEL =     11838.8396  VDWAALS    =     20751.9033
 EELEC  =   -184070.7382  EHBOND  =         0.0000  RESTRAINT  =         0.0000
 DV/DL  =        15.9968
 Ewald error estimate:   0.1268E-03
 ------------------------------------------------------------------------------

  Softcore part of the system:    19 atoms,         TEMP(K)    =         410.25
 SC_BOND=         5.1271  SC_ANGLE=        17.4025  SC_DIHED   =         3.1689
 SC_14NB=         3.7838  SC_14EEL=        46.2860  SC_EKIN    =        23.2342
 SC_VDW =        -1.2291  SC_EEL  =       -20.5499  SC_DERIV=         8.6356
 ------------------------------------------------------------------------------


 NSTEP =     2500   TIME(PS) =       2.500  TEMP(K) =   299.96  PRESS =     0.0
 Etot   =    -86326.1242  EKtot   =     36053.9451  EPtot      =   -122380.0693
 BOND   =     22661.2722  ANGLE   =      2283.7599  DIHED      =      2919.3665
 1-4 NB =       995.2686  1-4 EEL =     11844.0374  VDWAALS    =     20286.8854
 EELEC  =   -183370.6594  EHBOND  =         0.0000  RESTRAINT  =         0.0000
 DV/DL  =        14.2044
 Ewald error estimate:   0.1288E-03
 ------------------------------------------------------------------------------

  Softcore part of the system:    19 atoms,         TEMP(K)    =         277.20
 SC_BOND=         7.7520  SC_ANGLE=        14.1031  SC_DIHED   =         2.7401
 SC_14NB=         3.8736  SC_14EEL=        48.6825  SC_EKIN    =        15.6992
 SC_VDW =        -0.1920  SC_EEL  =       -22.6180  SC_DERIV=         6.5237
 ------------------------------------------------------------------------------

check COM velocity, temp:        0.000089     0.00(Removed)

 NSTEP =     3000   TIME(PS) =       3.000  TEMP(K) =   300.58  PRESS =     0.0
 Etot   =    -86337.0541  EKtot   =     36129.3847  EPtot      =   -122466.4388
 BOND   =     22552.0503  ANGLE   =      2330.2829  DIHED      =      2901.0412
 1-4 NB =      1010.7032  1-4 EEL =     11826.0240  VDWAALS    =     20323.7992
 EELEC  =   -183410.3395  EHBOND  =         0.0000  RESTRAINT  =         0.0000
 DV/DL  =         9.4951
 Ewald error estimate:   0.2609E-04
 ------------------------------------------------------------------------------

  Softcore part of the system:    19 atoms,         TEMP(K)    =         287.70
 SC_BOND=         6.2891  SC_ANGLE=        17.9116  SC_DIHED   =         2.3514
 SC_14NB=         3.3881  SC_14EEL=        47.9430  SC_EKIN    =        16.2941
 SC_VDW =        -0.9857  SC_EEL  =       -21.7929  SC_DERIV=         5.0535
 ------------------------------------------------------------------------------


 NSTEP =     3500   TIME(PS) =       3.500  TEMP(K) =   299.01  PRESS =     0.0
 Etot   =    -86356.3024  EKtot   =     35940.6774  EPtot      =   -122296.9798
 BOND   =     22737.8936  ANGLE   =      2323.4421  DIHED      =      2959.7100
 1-4 NB =      1013.7224  1-4 EEL =     11830.6532  VDWAALS    =     20678.2356
 EELEC  =   -183840.6365  EHBOND  =         0.0000  RESTRAINT  =         0.0000
 DV/DL  =        11.7561
 Ewald error estimate:   0.4966E-04
 ------------------------------------------------------------------------------

  Softcore part of the system:    19 atoms,         TEMP(K)    =         407.10
 SC_BOND=        10.5681  SC_ANGLE=        13.9334  SC_DIHED   =         2.6325
 SC_14NB=         3.6285  SC_14EEL=        49.5219  SC_EKIN    =        23.0559
 SC_VDW =        -0.7813  SC_EEL  =       -22.7761  SC_DERIV=         9.6127
 ------------------------------------------------------------------------------

check COM velocity, temp:        0.000015     0.00(Removed)

 NSTEP =     4000   TIME(PS) =       4.000  TEMP(K) =   300.72  PRESS =     0.0
 Etot   =    -86372.5922  EKtot   =     36145.1547  EPtot      =   -122517.7469
 BOND   =     22690.4510  ANGLE   =      2330.0794  DIHED      =      2949.4655
 1-4 NB =       984.8401  1-4 EEL =     11771.8545  VDWAALS    =     20379.4913
 EELEC  =   -183623.9287  EHBOND  =         0.0000  RESTRAINT  =         0.0000
 DV/DL  =        13.8764
 Ewald error estimate:   0.2901E-04
 ------------------------------------------------------------------------------

  Softcore part of the system:    19 atoms,         TEMP(K)    =         310.63
 SC_BOND=         6.4692  SC_ANGLE=        12.4389  SC_DIHED   =         4.8172
 SC_14NB=         2.5152  SC_14EEL=        47.8500  SC_EKIN    =        17.5923
 SC_VDW =        -1.0365  SC_EEL  =       -20.4553  SC_DERIV=         8.5156
 ------------------------------------------------------------------------------


 NSTEP =     4500   TIME(PS) =       4.500  TEMP(K) =   300.94  PRESS =     0.0
 Etot   =    -86386.1511  EKtot   =     36172.6075  EPtot      =   -122558.7586
 BOND   =     22683.4655  ANGLE   =      2302.0742  DIHED      =      2883.8774
 1-4 NB =       999.6032  1-4 EEL =     11882.6027  VDWAALS    =     20561.5839
 EELEC  =   -183871.9655  EHBOND  =         0.0000  RESTRAINT  =         0.0000
 DV/DL  =        28.2569
 Ewald error estimate:   0.8521E-04
 ------------------------------------------------------------------------------

  Softcore part of the system:    19 atoms,         TEMP(K)    =         351.69
 SC_BOND=         6.4432  SC_ANGLE=        14.4196  SC_DIHED   =         6.0578
 SC_14NB=         2.1670  SC_14EEL=        48.4494  SC_EKIN    =        19.9177
 SC_VDW =        -1.2521  SC_EEL  =       -22.5816  SC_DERIV=        18.3793
 ------------------------------------------------------------------------------

check COM velocity, temp:        0.000084     0.00(Removed)

 NSTEP =     5000   TIME(PS) =       5.000  TEMP(K) =   301.31  PRESS =     0.0
 Etot   =    -86342.9368  EKtot   =     36216.7294  EPtot      =   -122559.6661
 BOND   =     22748.8063  ANGLE   =      2282.8447  DIHED      =      2933.2640
 1-4 NB =       994.4678  1-4 EEL =     11803.3463  VDWAALS    =     20914.8306
 EELEC  =   -184237.2258  EHBOND  =         0.0000  RESTRAINT  =         0.0000
 DV/DL  =        19.6843
 Ewald error estimate:   0.8910E-04
 ------------------------------------------------------------------------------

  Softcore part of the system:    19 atoms,         TEMP(K)    =         356.09
 SC_BOND=         4.9390  SC_ANGLE=        12.9403  SC_DIHED   =         5.2877
 SC_14NB=         2.6682  SC_14EEL=        48.1838  SC_EKIN    =        20.1670
 SC_VDW =        -1.0354  SC_EEL  =       -21.1552  SC_DERIV=        11.7429
 ------------------------------------------------------------------------------

