
          -------------------------------------------------------
          Amber 12 SANDER                              2012
          -------------------------------------------------------

| Run on 10/14/2012 at 11:13:27
  [-O]verwriting output

File Assignments:
|  MDIN: LFa_prod01_v0_l8.in                                                   
| MDOUT: LFa_prod01_v0_l8.out                                                  
|INPCRD: equi_v0_l8.rst                                                        
|  PARM: LFa_com_TIin.top                                                      
|RESTRT: LFa_prod01_v0_l8.rst                                                  
|  REFC: refc                                                                  
| MDVEL: mdvel.000                                                             
|  MDEN: mden.000                                                              
| MDCRD: LFa_prod01_v0_l8.mdcrd                                                
|MDINFO: mdinfo.000                                                            
|  MTMD: mtmd                                                                  
|INPDIP: inpdip                                                                
|RSTDIP: rstdip                                                                

|INPTRA: inptraj                                                               
|

 Here is the input file:

NVT MD w/No position restraints and PME (sander)                               
 &cntrl                                                                        
  ntx     = 7,                                                                 
  irest   = 1,                                                                 
  ntpr    = 500,                                                               
  ntwx    = 10000,                                                             
  ntwr    = 0,                                                                 
  iwrap   = 0,                                                                 
                                                                               
  ntf     = 1,                                                                 
  ntb     = 1,                                                                 
  cut     = 9.0,                                                               
                                                                               
  nstlim  = 250000,                                                            
  nscm    = 1000,                                                              
  t       = 0.0,                                                               
  dt      = 0.001,                                                             
                                                                               
  temp0   = 300.0,                                                             
  tempi   = 300.0,                                                             
  ntt     = 1,                                                                 
  tautp   = 2.0,                                                               
                                                                               
  ntc     = 1,                                                                 
  tol     = 0.000001,                                                          
                                                                               
  icfe    = 1,                                                                 
  clambda = 0.8,                                                               
  ifsc    = 1,                                                                 
  idecomp = 1,                                                                 
                                                                               
  scmask  =':LFa@N3,C16,H10,C15,H9,N4,C14,C17,H19,H20,N5,C19,H11,H12,H13,C18,H2
 &end                                                                          
RES 1 291                                                                      
END                                                                            
LRES 1 291                                                                     
END                                                                            
END                                                                            

--------------------------------------------------------------------------------
   1.  RESOURCE   USE: 
--------------------------------------------------------------------------------

| Flags: MPI                                                                    
 getting new box info from bottom of inpcrd
|  INFO: Old style inpcrd file read

| peek_ewald_inpcrd: Box info found
|Largest sphere to fit in unit cell has radius =    33.649
| New format PARM file being parsed.
| Version =    1.000 Date = 10/02/12 Time = 15:37:15
 NATOM  =   40325 NTYPES =      21 NBONH =   38049 MBONA  =    2330
 NTHETH =    4964 MTHETA =    3154 NPHIH =    9865 MPHIA  =    7757
 NHPARM =       0 NPARM  =       0 NNB   =   72373 NRES   =   12248
 NBONA  =    2330 NTHETA =    3154 NPHIA =    7757 NUMBND =      71
 NUMANG =     141 NPTRA  =      56 NATYP =      50 NPHB   =       1
 IFBOX  =       1 NMXRS  =      61 IFCAP =       0 NEXTRA =       0
 NCOPY  =       0


|     Memory Use     Allocated
|     Real             2222519
|     Hollerith         133225
|     Integer          1798974
|     Max Pairs        4472714
|     nblistReal        483900
|     nblist Int       1496001
|       Total            52006 kbytes

| Note: 1-4 EEL scale factors are being read from the topology file.

| Note: 1-4 VDW scale factors are being read from the topology file.
| Duplicated    0 dihedrals
| Duplicated    0 dihedrals

     BOX TYPE: RECTILINEAR

--------------------------------------------------------------------------------
   2.  CONTROL  DATA  FOR  THE  RUN
--------------------------------------------------------------------------------

default_name                                                                    

General flags:
     imin    =       0, nmropt  =       0

Nature and format of input:
     ntx     =       7, irest   =       1, ntrx    =       1

Nature and format of output:
     ntxo    =       1, ntpr    =     500, ntrx    =       1, ntwr    =       0
     iwrap   =       0, ntwx    =   10000, ntwv    =       0, ntwe    =       0
     ioutfm  =       0, ntwprt  =       0, idecomp =       1, rbornstat=      0

Potential function:
     ntf     =       1, ntb     =       1, igb     =       0, nsnb    =      25
     ipol    =       0, gbsa    =       0, iesp    =       0
     dielc   =   1.00000, cut     =   9.00000, intdiel =   1.00000

Frozen or restrained atoms:
     ibelly  =       0, ntr     =       0

Molecular dynamics:
     nstlim  =    250000, nscm    =      1000, nrespa  =         1
     t       =   0.00000, dt      =   0.00100, vlimit  =  20.00000

Berendsen (weak-coupling) temperature regulation:
     temp0   = 300.00000, tempi   = 300.00000, tautp   =   2.00000

Free energy options:
     icfe    =       1, ifsc    =       1, klambda =       1
     clambda =  0.8000, scalpha =  0.5000, scbeta  = 12.0000
     sceeorder =       2 dvdl_norest =       0
     dynlmb =  0.0000 logdvdl =       0

Ewald parameters:
     verbose =       0, ew_type =       0, nbflag  =       1, use_pme =       1
     vdwmeth =       1, eedmeth =       1, netfrc  =       1
     Box X =   72.419   Box Y =   83.096   Box Z =   67.298
     Alpha =   90.000   Beta  =   90.000   Gamma =   90.000
     NFFT1 =   72       NFFT2 =   90       NFFT3 =   72
     Cutoff=    9.000   Tol   =0.100E-04
     Ewald Coefficient =  0.30768
     Interpolation order =    4

| MPI Timing options:
|      profile_mpi =        0

    LOADING THE DECOMP ATOMS AS GROUPS

    ----- READING GROUP     1; TITLE:
 RES 1 291                                                                   
      Number of atoms in this group  =     0
    ----- READING GROUP     1; TITLE:
 LRES 1 291                                                                  
      Number of atoms in this group  =     0
    ----- END OF GROUP READ -----

--------------------------------------------------------------------------------
   3.  ATOMIC COORDINATES AND VELOCITIES
--------------------------------------------------------------------------------

default_name                                                                    
 begin time read from input coords =     0.000 ps

 Number of triangulated 3-point waters found:    11956
|  Atom division among processors:
|         0   10082   20162   30245   40325
       
     Softcore Mask :LFa@N3,C16,H10,C15,H9,N4,C14,C17,H19,H20,N5,C19,H11,H12,H13,C18,H21,H22,H23; matches    19 atoms
     this run corresponds to V0, its softcore atoms interact fully for lambda=0
     this process:  40325 atoms, partner process:  40325 atoms
     Checking for mismatched coordinates.

     Sum of charges from parm topology file =   0.00199986
     Forcing neutrality...
|  Running AMBER/MPI version on    4 nodes

|  MULTISANDER:    2 groups.    4 processors out of    8 total.

--------------------------------------------------------------------------------
   4.  RESULTS
--------------------------------------------------------------------------------

|  # of SOLUTE  degrees of freedom (RNDFP):  120975.
|  # of SOLVENT degrees of freedom (RNDFS):       0.
|  NDFMIN =  120972.     NUM_NOSHAKE =      0     CORRECTED RNDFP =  120972.
|  TOTAL # of degrees of freedom (RNDF) =  120972.
   DOF for the SC part of the system:   57
 ---------------------------------------------------
 APPROXIMATING switch and d/dx switch using CUBIC SPLINE INTERPOLATION
 using   5000.0 points per unit in tabled values
 TESTING RELATIVE ERROR over r ranging from 0.0 to cutoff
| CHECK switch(x): max rel err =   0.2738E-14   at   2.422500
| CHECK d/dx switch(x): max rel err =   0.8314E-11   at   2.736960
 ---------------------------------------------------
| Local SIZE OF NONBOND LIST =    2839758
| TOTAL SIZE OF NONBOND LIST =   11121466

 NSTEP =      500   TIME(PS) =       0.500  TEMP(K) =   299.20  PRESS =     0.0
 Etot   =    -86403.6881  EKtot   =     35962.4262  EPtot      =   -122366.1143
 BOND   =     22650.9774  ANGLE   =      2249.7115  DIHED      =      2894.3166
 1-4 NB =      1025.7987  1-4 EEL =     11880.8466  VDWAALS    =     20221.3678
 EELEC  =   -183289.1330  EHBOND  =         0.0000  RESTRAINT  =         0.0000
 DV/DL  =         4.3666
 Ewald error estimate:   0.4542E-04
 ------------------------------------------------------------------------------

  Softcore part of the system:    19 atoms,         TEMP(K)    =         348.56
 SC_BOND=         5.7461  SC_ANGLE=        14.1245  SC_DIHED   =         3.5910
 SC_14NB=         2.4123  SC_14EEL=        47.7801  SC_EKIN    =        19.7409
 SC_VDW =        -1.0862  SC_EEL  =       -21.1004  SC_DERIV=         7.6501
 ------------------------------------------------------------------------------

check COM velocity, temp:        0.000109     0.00(Removed)

 NSTEP =     1000   TIME(PS) =       1.000  TEMP(K) =   299.53  PRESS =     0.0
 Etot   =    -86390.2806  EKtot   =     36003.2566  EPtot      =   -122393.5372
 BOND   =     22820.1950  ANGLE   =      2303.6399  DIHED      =      2901.5862
 1-4 NB =      1024.4382  1-4 EEL =     11828.2527  VDWAALS    =     20438.0216
 EELEC  =   -183709.6708  EHBOND  =         0.0000  RESTRAINT  =         0.0000
 DV/DL  =        10.6190
 Ewald error estimate:   0.9482E-04
 ------------------------------------------------------------------------------

  Softcore part of the system:    19 atoms,         TEMP(K)    =         382.29
 SC_BOND=         4.6339  SC_ANGLE=        12.4293  SC_DIHED   =         5.0322
 SC_14NB=         2.7579  SC_14EEL=        46.8459  SC_EKIN    =        21.6512
 SC_VDW =        -1.0744  SC_EEL  =       -20.5233  SC_DERIV=        10.6609
 ------------------------------------------------------------------------------


 NSTEP =     1500   TIME(PS) =       1.500  TEMP(K) =   300.06  PRESS =     0.0
 Etot   =    -86421.0186  EKtot   =     36066.3369  EPtot      =   -122487.3555
 BOND   =     22817.9883  ANGLE   =      2354.5781  DIHED      =      2936.1754
 1-4 NB =      1009.2698  1-4 EEL =     11901.4694  VDWAALS    =     20327.3077
 EELEC  =   -183834.1442  EHBOND  =         0.0000  RESTRAINT  =         0.0000
 DV/DL  =        15.1647
 Ewald error estimate:   0.5387E-04
 ------------------------------------------------------------------------------

  Softcore part of the system:    19 atoms,         TEMP(K)    =         317.84
 SC_BOND=         4.8976  SC_ANGLE=        12.7882  SC_DIHED   =         4.8093
 SC_14NB=         4.1978  SC_14EEL=        48.5963  SC_EKIN    =        18.0007
 SC_VDW =        -0.7463  SC_EEL  =       -22.1322  SC_DERIV=        13.2423
 ------------------------------------------------------------------------------

check COM velocity, temp:        0.000108     0.00(Removed)

 NSTEP =     2000   TIME(PS) =       2.000  TEMP(K) =   299.92  PRESS =     0.0
 Etot   =    -86402.6367  EKtot   =     36050.1420  EPtot      =   -122452.7786
 BOND   =     22841.7946  ANGLE   =      2287.4266  DIHED      =      2933.5144
 1-4 NB =       996.4395  1-4 EEL =     11905.3973  VDWAALS    =     20590.1412
 EELEC  =   -184007.4923  EHBOND  =         0.0000  RESTRAINT  =         0.0000
 DV/DL  =         7.4925
 Ewald error estimate:   0.4193E-04
 ------------------------------------------------------------------------------

  Softcore part of the system:    19 atoms,         TEMP(K)    =         309.42
 SC_BOND=         5.5829  SC_ANGLE=        13.1208  SC_DIHED   =         5.4321
 SC_14NB=         2.4403  SC_14EEL=        49.1314  SC_EKIN    =        17.5240
 SC_VDW =        -1.1285  SC_EEL  =       -21.3373  SC_DERIV=         8.0240
 ------------------------------------------------------------------------------


 NSTEP =     2500   TIME(PS) =       2.500  TEMP(K) =   301.11  PRESS =     0.0
 Etot   =    -86400.3969  EKtot   =     36192.9031  EPtot      =   -122593.3000
 BOND   =     22565.0166  ANGLE   =      2239.3072  DIHED      =      2939.5998
 1-4 NB =      1029.0337  1-4 EEL =     11851.1786  VDWAALS    =     20292.8420
 EELEC  =   -183510.2780  EHBOND  =         0.0000  RESTRAINT  =         0.0000
 DV/DL  =        34.9859
 Ewald error estimate:   0.4492E-04
 ------------------------------------------------------------------------------

  Softcore part of the system:    19 atoms,         TEMP(K)    =         216.09
 SC_BOND=         7.2204  SC_ANGLE=        12.6871  SC_DIHED   =         3.6687
 SC_14NB=         3.3497  SC_14EEL=        46.5322  SC_EKIN    =        12.2384
 SC_VDW =        -1.1221  SC_EEL  =       -19.8267  SC_DERIV=        30.9721
 ------------------------------------------------------------------------------

check COM velocity, temp:        0.000084     0.00(Removed)

 NSTEP =     3000   TIME(PS) =       3.000  TEMP(K) =   299.62  PRESS =     0.0
 Etot   =    -86393.4012  EKtot   =     36013.9987  EPtot      =   -122407.3999
 BOND   =     22735.6666  ANGLE   =      2306.1139  DIHED      =      2937.0821
 1-4 NB =      1016.6346  1-4 EEL =     11879.0060  VDWAALS    =     20665.4596
 EELEC  =   -183947.3627  EHBOND  =         0.0000  RESTRAINT  =         0.0000
 DV/DL  =        17.2668
 Ewald error estimate:   0.5765E-04
 ------------------------------------------------------------------------------

  Softcore part of the system:    19 atoms,         TEMP(K)    =         324.71
 SC_BOND=         6.7479  SC_ANGLE=        12.7577  SC_DIHED   =         5.4453
 SC_14NB=         2.7453  SC_14EEL=        47.3357  SC_EKIN    =        18.3899
 SC_VDW =        -0.7446  SC_EEL  =       -21.2284  SC_DERIV=        19.2475
 ------------------------------------------------------------------------------


 NSTEP =     3500   TIME(PS) =       3.500  TEMP(K) =   300.03  PRESS =     0.0
 Etot   =    -86417.8573  EKtot   =     36062.8224  EPtot      =   -122480.6797
 BOND   =     22919.4487  ANGLE   =      2231.4336  DIHED      =      2927.1415
 1-4 NB =      1017.0834  1-4 EEL =     11860.2944  VDWAALS    =     20565.9398
 EELEC  =   -184002.0211  EHBOND  =         0.0000  RESTRAINT  =         0.0000
 DV/DL  =        28.0431
 Ewald error estimate:   0.2216E-04
 ------------------------------------------------------------------------------

  Softcore part of the system:    19 atoms,         TEMP(K)    =         209.28
 SC_BOND=         8.3427  SC_ANGLE=        16.5985  SC_DIHED   =         4.9654
 SC_14NB=         4.3795  SC_14EEL=        47.4656  SC_EKIN    =        11.8527
 SC_VDW =        -1.1641  SC_EEL  =       -21.1747  SC_DERIV=        25.2403
 ------------------------------------------------------------------------------

check COM velocity, temp:        0.000076     0.00(Removed)

 NSTEP =     4000   TIME(PS) =       4.000  TEMP(K) =   301.47  PRESS =     0.0
 Etot   =    -86447.7701  EKtot   =     36235.4752  EPtot      =   -122683.2453
 BOND   =     22646.3806  ANGLE   =      2257.2936  DIHED      =      2909.8559
 1-4 NB =      1022.4496  1-4 EEL =     11896.8364  VDWAALS    =     20614.5632
 EELEC  =   -184030.6247  EHBOND  =         0.0000  RESTRAINT  =         0.0000
 DV/DL  =         1.7475
 Ewald error estimate:   0.1773E-04
 ------------------------------------------------------------------------------

  Softcore part of the system:    19 atoms,         TEMP(K)    =         270.92
 SC_BOND=         7.7741  SC_ANGLE=         7.9805  SC_DIHED   =         6.9690
 SC_14NB=         4.7881  SC_14EEL=        48.0880  SC_EKIN    =        15.3433
 SC_VDW =        -0.4261  SC_EEL  =       -22.2383  SC_DERIV=         6.0440
 ------------------------------------------------------------------------------


 NSTEP =     4500   TIME(PS) =       4.500  TEMP(K) =   300.09  PRESS =     0.0
 Etot   =    -86394.1061  EKtot   =     36070.1411  EPtot      =   -122464.2472
 BOND   =     22806.3764  ANGLE   =      2231.0830  DIHED      =      2897.8325
 1-4 NB =      1007.1780  1-4 EEL =     11869.0813  VDWAALS    =     20243.1290
 EELEC  =   -183518.9274  EHBOND  =         0.0000  RESTRAINT  =         0.0000
 DV/DL  =        33.5159
 Ewald error estimate:   0.6763E-04
 ------------------------------------------------------------------------------

  Softcore part of the system:    19 atoms,         TEMP(K)    =         311.08
 SC_BOND=         5.8630  SC_ANGLE=        14.3153  SC_DIHED   =         4.6715
 SC_14NB=         4.1649  SC_14EEL=        47.6228  SC_EKIN    =        17.6181
 SC_VDW =         0.1392  SC_EEL  =       -21.9184  SC_DERIV=        29.8261
 ------------------------------------------------------------------------------

check COM velocity, temp:        0.000067     0.00(Removed)

 NSTEP =     5000   TIME(PS) =       5.000  TEMP(K) =   299.27  PRESS =     0.0
 Etot   =    -86395.8620  EKtot   =     35971.1688  EPtot      =   -122367.0308
 BOND   =     22820.6777  ANGLE   =      2268.5111  DIHED      =      2897.3154
 1-4 NB =      1006.5658  1-4 EEL =     11842.4751  VDWAALS    =     20839.3048
 EELEC  =   -184041.8807  EHBOND  =         0.0000  RESTRAINT  =         0.0000
 DV/DL  =         9.7193
 Ewald error estimate:   0.6946E-04
 ------------------------------------------------------------------------------

  Softcore part of the system:    19 atoms,         TEMP(K)    =         333.01
 SC_BOND=         5.2069  SC_ANGLE=        14.4838  SC_DIHED   =         2.1804
 SC_14NB=         2.7500  SC_14EEL=        46.6967  SC_EKIN    =        18.8598
 SC_VDW =        -0.9122  SC_EEL  =       -20.9763  SC_DERIV=         8.7966
 ------------------------------------------------------------------------------

