
          -------------------------------------------------------
          Amber 12 SANDER                              2012
          -------------------------------------------------------

| Run on 10/14/2012 at 11:13:27
  [-O]verwriting output

File Assignments:
|  MDIN: LFb_prod01_v1_l8.in                                                   
| MDOUT: LFb_prod01_v1_l8.out                                                  
|INPCRD: equi_v1_l8.rst                                                        
|  PARM: LFb_com_TIin.top                                                      
|RESTRT: LFb_prod01_v1_l8.rst                                                  
|  REFC: refc                                                                  
| MDVEL: mdvel.001                                                             
|  MDEN: mden.001                                                              
| MDCRD: LFb_prod01_v1_l8.mdcrd                                                
|MDINFO: mdinfo.001                                                            
|  MTMD: mtmd                                                                  
|INPDIP: inpdip                                                                
|RSTDIP: rstdip                                                                

|INPTRA: inptraj                                                               
|

 Here is the input file:

NVT MD w/No position restraints and PME (sander)                               
 &cntrl                                                                        
  ntx     = 7,                                                                 
  irest   = 1,                                                                 
  ntpr    = 500,                                                               
  ntwx    = 10000,                                                             
  ntwr    = 0,                                                                 
  iwrap   = 0,                                                                 
                                                                               
  ntf     = 1,                                                                 
  ntb     = 1,                                                                 
  cut     = 9.0,                                                               
                                                                               
  nstlim  = 250000,                                                            
  nscm    = 1000,                                                              
  t       = 0.0,                                                               
  dt      = 0.001,                                                             
                                                                               
  temp0   = 300.0,                                                             
  tempi   = 300.0,                                                             
  ntt     = 1,                                                                 
  tautp   = 2.0,                                                               
                                                                               
  ntc     = 1,                                                                 
  tol     = 0.000001,                                                          
                                                                               
  icfe    = 1,                                                                 
  clambda = 0.8,                                                               
  ifsc    = 1,                                                                 
  idecomp = 1,                                                                 
                                                                               
  scmask  =':LFb@C14,N3,C16,C19,C15,N4,C17,N5,C18,H1,H10,H11,H12,H13,H19,H20,H2
 &end                                                                          
RES 1 291                                                                      
END                                                                            
LRES 1 291                                                                     
END                                                                            
END                                                                            

--------------------------------------------------------------------------------
   1.  RESOURCE   USE: 
--------------------------------------------------------------------------------

| Flags: MPI                                                                    
 getting new box info from bottom of inpcrd
|  INFO: Old style inpcrd file read

| peek_ewald_inpcrd: Box info found
|Largest sphere to fit in unit cell has radius =    33.649
| New format PARM file being parsed.
| Version =    1.000 Date = 10/02/12 Time = 15:37:21
 NATOM  =   40325 NTYPES =      21 NBONH =   38049 MBONA  =    2330
 NTHETH =    4964 MTHETA =    3154 NPHIH =    9865 MPHIA  =    7757
 NHPARM =       0 NPARM  =       0 NNB   =   72374 NRES   =   12248
 NBONA  =    2330 NTHETA =    3154 NPHIA =    7757 NUMBND =      74
 NUMANG =     143 NPTRA  =      56 NATYP =      51 NPHB   =       1
 IFBOX  =       1 NMXRS  =      61 IFCAP =       0 NEXTRA =       0
 NCOPY  =       0


|     Memory Use     Allocated
|     Real             2222519
|     Hollerith         133225
|     Integer          1798980
|     Max Pairs        4472714
|     nblistReal        483900
|     nblist Int       1496005
|       Total            52006 kbytes

| Note: 1-4 EEL scale factors are being read from the topology file.

| Note: 1-4 VDW scale factors are being read from the topology file.
| Duplicated    0 dihedrals
| Duplicated    0 dihedrals

     BOX TYPE: RECTILINEAR

--------------------------------------------------------------------------------
   2.  CONTROL  DATA  FOR  THE  RUN
--------------------------------------------------------------------------------

default_name                                                                    

General flags:
     imin    =       0, nmropt  =       0

Nature and format of input:
     ntx     =       7, irest   =       1, ntrx    =       1

Nature and format of output:
     ntxo    =       1, ntpr    =     500, ntrx    =       1, ntwr    =       0
     iwrap   =       0, ntwx    =   10000, ntwv    =       0, ntwe    =       0
     ioutfm  =       0, ntwprt  =       0, idecomp =       1, rbornstat=      0

Potential function:
     ntf     =       1, ntb     =       1, igb     =       0, nsnb    =      25
     ipol    =       0, gbsa    =       0, iesp    =       0
     dielc   =   1.00000, cut     =   9.00000, intdiel =   1.00000

Frozen or restrained atoms:
     ibelly  =       0, ntr     =       0

Molecular dynamics:
     nstlim  =    250000, nscm    =      1000, nrespa  =         1
     t       =   0.00000, dt      =   0.00100, vlimit  =  20.00000

Berendsen (weak-coupling) temperature regulation:
     temp0   = 300.00000, tempi   = 300.00000, tautp   =   2.00000

Free energy options:
     icfe    =       1, ifsc    =       1, klambda =       1
     clambda =  0.8000, scalpha =  0.5000, scbeta  = 12.0000
     sceeorder =       2 dvdl_norest =       0
     dynlmb =  0.0000 logdvdl =       0

Ewald parameters:
     verbose =       0, ew_type =       0, nbflag  =       1, use_pme =       1
     vdwmeth =       1, eedmeth =       1, netfrc  =       1
     Box X =   72.419   Box Y =   83.096   Box Z =   67.298
     Alpha =   90.000   Beta  =   90.000   Gamma =   90.000
     NFFT1 =   72       NFFT2 =   90       NFFT3 =   72
     Cutoff=    9.000   Tol   =0.100E-04
     Ewald Coefficient =  0.30768
     Interpolation order =    4

| MPI Timing options:
|      profile_mpi =        0

    LOADING THE DECOMP ATOMS AS GROUPS

    ----- READING GROUP     1; TITLE:
 RES 1 291                                                                   
      Number of atoms in this group  =     0
    ----- READING GROUP     1; TITLE:
 LRES 1 291                                                                  
      Number of atoms in this group  =     0
    ----- END OF GROUP READ -----

--------------------------------------------------------------------------------
   3.  ATOMIC COORDINATES AND VELOCITIES
--------------------------------------------------------------------------------

default_name                                                                    
 begin time read from input coords =     0.000 ps

 Number of triangulated 3-point waters found:    11956
|  Atom division among processors:
|         0   10082   20162   30245   40325
       
     Softcore Mask :LFb@C14,N3,C16,C19,C15,N4,C17,N5,C18,H1,H10,H11,H12,H13,H19,H20,H21,H22,H23; matches    19 atoms
     this run corresponds to V1, its softcore atoms interact fully for lambda=1
     this process:  40325 atoms, partner process:  40325 atoms
     Checking for mismatched coordinates.

     Sum of charges from parm topology file =  -0.00000014
     Forcing neutrality...
|  Running AMBER/MPI version on    4 nodes

|  MULTISANDER:    2 groups.    4 processors out of    8 total.

--------------------------------------------------------------------------------
   4.  RESULTS
--------------------------------------------------------------------------------

|  # of SOLUTE  degrees of freedom (RNDFP):  120975.
|  # of SOLVENT degrees of freedom (RNDFS):       0.
|  NDFMIN =  120972.     NUM_NOSHAKE =      0     CORRECTED RNDFP =  120972.
|  TOTAL # of degrees of freedom (RNDF) =  120972.
   DOF for the SC part of the system:   57
 ---------------------------------------------------
 APPROXIMATING switch and d/dx switch using CUBIC SPLINE INTERPOLATION
 using   5000.0 points per unit in tabled values
 TESTING RELATIVE ERROR over r ranging from 0.0 to cutoff
| CHECK switch(x): max rel err =   0.2738E-14   at   2.422500
| CHECK d/dx switch(x): max rel err =   0.8314E-11   at   2.736960
 ---------------------------------------------------
| Local SIZE OF NONBOND LIST =    2839758
| TOTAL SIZE OF NONBOND LIST =   11121407

 NSTEP =      500   TIME(PS) =       0.500  TEMP(K) =   299.14  PRESS =     0.0
 Etot   =    -86410.4235  EKtot   =     35955.6908  EPtot      =   -122366.1143
 BOND   =     22650.9774  ANGLE   =      2249.7115  DIHED      =      2894.3166
 1-4 NB =      1025.7987  1-4 EEL =     11880.8466  VDWAALS    =     20221.3678
 EELEC  =   -183289.1330  EHBOND  =         0.0000  RESTRAINT  =         0.0000
 DV/DL  =         4.3666
 Ewald error estimate:   0.4542E-04
 ------------------------------------------------------------------------------

  Softcore part of the system:    19 atoms,         TEMP(K)    =         229.64
 SC_BOND=        10.0774  SC_ANGLE=        19.1013  SC_DIHED   =         4.6884
 SC_14NB=         4.0706  SC_14EEL=        11.1696  SC_EKIN    =        13.0055
 SC_VDW =        -0.3082  SC_EEL  =       -13.0896  SC_DERIV=         7.6501
 ------------------------------------------------------------------------------

check COM velocity, temp:        0.000143     0.00(Removed)

 NSTEP =     1000   TIME(PS) =       1.000  TEMP(K) =   299.48  PRESS =     0.0
 Etot   =    -86397.3268  EKtot   =     35996.2104  EPtot      =   -122393.5372
 BOND   =     22820.1950  ANGLE   =      2303.6399  DIHED      =      2901.5862
 1-4 NB =      1024.4382  1-4 EEL =     11828.2527  VDWAALS    =     20438.0216
 EELEC  =   -183709.6708  EHBOND  =         0.0000  RESTRAINT  =         0.0000
 DV/DL  =        10.6190
 Ewald error estimate:   0.9482E-04
 ------------------------------------------------------------------------------

  Softcore part of the system:    19 atoms,         TEMP(K)    =         257.88
 SC_BOND=         5.0996  SC_ANGLE=        20.9147  SC_DIHED   =         3.0832
 SC_14NB=         2.9111  SC_14EEL=        10.2234  SC_EKIN    =        14.6050
 SC_VDW =        -0.7163  SC_EEL  =       -11.1397  SC_DERIV=        10.6609
 ------------------------------------------------------------------------------


 NSTEP =     1500   TIME(PS) =       1.500  TEMP(K) =   300.06  PRESS =     0.0
 Etot   =    -86421.3609  EKtot   =     36065.9946  EPtot      =   -122487.3555
 BOND   =     22817.9883  ANGLE   =      2354.5781  DIHED      =      2936.1754
 1-4 NB =      1009.2698  1-4 EEL =     11901.4694  VDWAALS    =     20327.3077
 EELEC  =   -183834.1442  EHBOND  =         0.0000  RESTRAINT  =         0.0000
 DV/DL  =        15.1647
 Ewald error estimate:   0.5387E-04
 ------------------------------------------------------------------------------

  Softcore part of the system:    19 atoms,         TEMP(K)    =         311.79
 SC_BOND=         5.9399  SC_ANGLE=        16.8107  SC_DIHED   =         6.6567
 SC_14NB=         4.0620  SC_14EEL=        10.0345  SC_EKIN    =        17.6583
 SC_VDW =        -0.2104  SC_EEL  =       -11.2814  SC_DERIV=        13.2423
 ------------------------------------------------------------------------------

check COM velocity, temp:        0.000120     0.00(Removed)

 NSTEP =     2000   TIME(PS) =       2.000  TEMP(K) =   299.93  PRESS =     0.0
 Etot   =    -86402.4332  EKtot   =     36050.3454  EPtot      =   -122452.7786
 BOND   =     22841.7946  ANGLE   =      2287.4266  DIHED      =      2933.5144
 1-4 NB =       996.4395  1-4 EEL =     11905.3973  VDWAALS    =     20590.1412
 EELEC  =   -184007.4923  EHBOND  =         0.0000  RESTRAINT  =         0.0000
 DV/DL  =         7.4925
 Ewald error estimate:   0.4193E-04
 ------------------------------------------------------------------------------

  Softcore part of the system:    19 atoms,         TEMP(K)    =         313.01
 SC_BOND=         9.2283  SC_ANGLE=        17.4296  SC_DIHED   =         4.0696
 SC_14NB=         2.6135  SC_14EEL=        10.1357  SC_EKIN    =        17.7274
 SC_VDW =        -0.6657  SC_EEL  =       -10.6635  SC_DERIV=         8.0240
 ------------------------------------------------------------------------------


 NSTEP =     2500   TIME(PS) =       2.500  TEMP(K) =   301.18  PRESS =     0.0
 Etot   =    -86391.9751  EKtot   =     36201.3250  EPtot      =   -122593.3000
 BOND   =     22565.0166  ANGLE   =      2239.3072  DIHED      =      2939.5998
 1-4 NB =      1029.0337  1-4 EEL =     11851.1786  VDWAALS    =     20292.8420
 EELEC  =   -183510.2780  EHBOND  =         0.0000  RESTRAINT  =         0.0000
 DV/DL  =        34.9859
 Ewald error estimate:   0.4492E-04
 ------------------------------------------------------------------------------

  Softcore part of the system:    19 atoms,         TEMP(K)    =         364.80
 SC_BOND=         6.0981  SC_ANGLE=        17.7511  SC_DIHED   =         2.2766
 SC_14NB=         2.8171  SC_14EEL=        10.2096  SC_EKIN    =        20.6603
 SC_VDW =        -0.3723  SC_EEL  =        -9.7979  SC_DERIV=        30.9721
 ------------------------------------------------------------------------------

check COM velocity, temp:        0.000045     0.00(Removed)

 NSTEP =     3000   TIME(PS) =       3.000  TEMP(K) =   299.63  PRESS =     0.0
 Etot   =    -86393.0514  EKtot   =     36014.3484  EPtot      =   -122407.3999
 BOND   =     22735.6666  ANGLE   =      2306.1139  DIHED      =      2937.0821
 1-4 NB =      1016.6346  1-4 EEL =     11879.0060  VDWAALS    =     20665.4596
 EELEC  =   -183947.3627  EHBOND  =         0.0000  RESTRAINT  =         0.0000
 DV/DL  =        17.2668
 Ewald error estimate:   0.5765E-04
 ------------------------------------------------------------------------------

  Softcore part of the system:    19 atoms,         TEMP(K)    =         330.88
 SC_BOND=         8.2244  SC_ANGLE=        18.0379  SC_DIHED   =         1.4569
 SC_14NB=         3.0760  SC_14EEL=         9.5980  SC_EKIN    =        18.7396
 SC_VDW =        -0.6500  SC_EEL  =       -10.2362  SC_DERIV=        19.2475
 ------------------------------------------------------------------------------


 NSTEP =     3500   TIME(PS) =       3.500  TEMP(K) =   300.07  PRESS =     0.0
 Etot   =    -86413.2529  EKtot   =     36067.4268  EPtot      =   -122480.6797
 BOND   =     22919.4487  ANGLE   =      2231.4336  DIHED      =      2927.1415
 1-4 NB =      1017.0834  1-4 EEL =     11860.2944  VDWAALS    =     20565.9398
 EELEC  =   -184002.0211  EHBOND  =         0.0000  RESTRAINT  =         0.0000
 DV/DL  =        28.0431
 Ewald error estimate:   0.2216E-04
 ------------------------------------------------------------------------------

  Softcore part of the system:    19 atoms,         TEMP(K)    =         290.58
 SC_BOND=        13.8468  SC_ANGLE=        18.5431  SC_DIHED   =         4.8470
 SC_14NB=         2.5069  SC_14EEL=         9.2800  SC_EKIN    =        16.4571
 SC_VDW =        -0.7147  SC_EEL  =       -10.0754  SC_DERIV=        25.2403
 ------------------------------------------------------------------------------

check COM velocity, temp:        0.000065     0.00(Removed)

 NSTEP =     4000   TIME(PS) =       4.000  TEMP(K) =   301.48  PRESS =     0.0
 Etot   =    -86446.6008  EKtot   =     36236.6446  EPtot      =   -122683.2453
 BOND   =     22646.3806  ANGLE   =      2257.2936  DIHED      =      2909.8559
 1-4 NB =      1022.4496  1-4 EEL =     11896.8364  VDWAALS    =     20614.5632
 EELEC  =   -184030.6247  EHBOND  =         0.0000  RESTRAINT  =         0.0000
 DV/DL  =         1.7475
 Ewald error estimate:   0.1773E-04
 ------------------------------------------------------------------------------

  Softcore part of the system:    19 atoms,         TEMP(K)    =         291.56
 SC_BOND=         5.8595  SC_ANGLE=        18.7496  SC_DIHED   =         8.9201
 SC_14NB=         4.7095  SC_14EEL=        10.0684  SC_EKIN    =        16.5127
 SC_VDW =        -1.0844  SC_EEL  =       -11.1794  SC_DERIV=         6.0440
 ------------------------------------------------------------------------------


 NSTEP =     4500   TIME(PS) =       4.500  TEMP(K) =   300.08  PRESS =     0.0
 Etot   =    -86395.9486  EKtot   =     36068.2986  EPtot      =   -122464.2472
 BOND   =     22806.3764  ANGLE   =      2231.0830  DIHED      =      2897.8325
 1-4 NB =      1007.1780  1-4 EEL =     11869.0813  VDWAALS    =     20243.1290
 EELEC  =   -183518.9274  EHBOND  =         0.0000  RESTRAINT  =         0.0000
 DV/DL  =        33.5159
 Ewald error estimate:   0.6763E-04
 ------------------------------------------------------------------------------

  Softcore part of the system:    19 atoms,         TEMP(K)    =         278.55
 SC_BOND=        10.0202  SC_ANGLE=        13.9514  SC_DIHED   =         5.4546
 SC_14NB=         4.3012  SC_14EEL=        10.9403  SC_EKIN    =        15.7756
 SC_VDW =         0.6660  SC_EEL  =       -11.5464  SC_DERIV=        29.8261
 ------------------------------------------------------------------------------

check COM velocity, temp:        0.000043     0.00(Removed)

 NSTEP =     5000   TIME(PS) =       5.000  TEMP(K) =   299.26  PRESS =     0.0
 Etot   =    -86397.0869  EKtot   =     35969.9439  EPtot      =   -122367.0308
 BOND   =     22820.6777  ANGLE   =      2268.5111  DIHED      =      2897.3154
 1-4 NB =      1006.5658  1-4 EEL =     11842.4751  VDWAALS    =     20839.3048
 EELEC  =   -184041.8807  EHBOND  =         0.0000  RESTRAINT  =         0.0000
 DV/DL  =         9.7193
 Ewald error estimate:   0.6946E-04
 ------------------------------------------------------------------------------

  Softcore part of the system:    19 atoms,         TEMP(K)    =         311.38
 SC_BOND=         6.7363  SC_ANGLE=        20.4778  SC_DIHED   =         5.6784
 SC_14NB=         2.6204  SC_14EEL=        10.3828  SC_EKIN    =        17.6349
 SC_VDW =        -0.7649  SC_EEL  =       -11.4328  SC_DERIV=         8.7966
 ------------------------------------------------------------------------------

