
          -------------------------------------------------------
          Amber 12 SANDER                              2012
          -------------------------------------------------------

| Run on 10/14/2012 at 10:52:49
  [-O]verwriting output

File Assignments:
|  MDIN: LFb_prod01_v1_l2.in                                                   
| MDOUT: LFb_prod01_v1_l2.out                                                  
|INPCRD: equi_v1_l2.rst                                                        
|  PARM: LFb_com_TIin.top                                                      
|RESTRT: LFb_prod01_v1_l2.rst                                                  
|  REFC: refc                                                                  
| MDVEL: mdvel.001                                                             
|  MDEN: mden.001                                                              
| MDCRD: LFb_prod01_v1_l2.mdcrd                                                
|MDINFO: mdinfo.001                                                            
|  MTMD: mtmd                                                                  
|INPDIP: inpdip                                                                
|RSTDIP: rstdip                                                                

|INPTRA: inptraj                                                               
|

 Here is the input file:

NVT MD w/No position restraints and PME (sander)                               
 &cntrl                                                                        
  ntx     = 7,                                                                 
  irest   = 1,                                                                 
  ntpr    = 500,                                                               
  ntwx    = 10000,                                                             
  ntwr    = 0,                                                                 
  iwrap   = 0,                                                                 
                                                                               
  ntf     = 1,                                                                 
  ntb     = 1,                                                                 
  cut     = 9.0,                                                               
                                                                               
  nstlim  = 250000,                                                            
  nscm    = 1000,                                                              
  t       = 0.0,                                                               
  dt      = 0.001,                                                             
                                                                               
  temp0   = 300.0,                                                             
  tempi   = 300.0,                                                             
  ntt     = 1,                                                                 
  tautp   = 2.0,                                                               
                                                                               
  ntc     = 1,                                                                 
  tol     = 0.000001,                                                          
                                                                               
  icfe    = 1,                                                                 
  clambda = 0.2,                                                               
  ifsc    = 1,                                                                 
  idecomp = 1,                                                                 
                                                                               
  scmask  =':LFb@C14,N3,C16,C19,C15,N4,C17,N5,C18,H1,H10,H11,H12,H13,H19,H20,H2
 &end                                                                          
RES 1 291                                                                      
END                                                                            
LRES 1 291                                                                     
END                                                                            
END                                                                            

--------------------------------------------------------------------------------
   1.  RESOURCE   USE: 
--------------------------------------------------------------------------------

| Flags: MPI                                                                    
 getting new box info from bottom of inpcrd
|  INFO: Old style inpcrd file read

| peek_ewald_inpcrd: Box info found
|Largest sphere to fit in unit cell has radius =    33.649
| New format PARM file being parsed.
| Version =    1.000 Date = 10/02/12 Time = 15:37:21
 NATOM  =   40325 NTYPES =      21 NBONH =   38049 MBONA  =    2330
 NTHETH =    4964 MTHETA =    3154 NPHIH =    9865 MPHIA  =    7757
 NHPARM =       0 NPARM  =       0 NNB   =   72374 NRES   =   12248
 NBONA  =    2330 NTHETA =    3154 NPHIA =    7757 NUMBND =      74
 NUMANG =     143 NPTRA  =      56 NATYP =      51 NPHB   =       1
 IFBOX  =       1 NMXRS  =      61 IFCAP =       0 NEXTRA =       0
 NCOPY  =       0


|     Memory Use     Allocated
|     Real             2222519
|     Hollerith         133225
|     Integer          1798980
|     Max Pairs        4472714
|     nblistReal        483900
|     nblist Int       1496005
|       Total            52006 kbytes

| Note: 1-4 EEL scale factors are being read from the topology file.

| Note: 1-4 VDW scale factors are being read from the topology file.
| Duplicated    0 dihedrals
| Duplicated    0 dihedrals

     BOX TYPE: RECTILINEAR

--------------------------------------------------------------------------------
   2.  CONTROL  DATA  FOR  THE  RUN
--------------------------------------------------------------------------------

default_name                                                                    

General flags:
     imin    =       0, nmropt  =       0

Nature and format of input:
     ntx     =       7, irest   =       1, ntrx    =       1

Nature and format of output:
     ntxo    =       1, ntpr    =     500, ntrx    =       1, ntwr    =       0
     iwrap   =       0, ntwx    =   10000, ntwv    =       0, ntwe    =       0
     ioutfm  =       0, ntwprt  =       0, idecomp =       1, rbornstat=      0

Potential function:
     ntf     =       1, ntb     =       1, igb     =       0, nsnb    =      25
     ipol    =       0, gbsa    =       0, iesp    =       0
     dielc   =   1.00000, cut     =   9.00000, intdiel =   1.00000

Frozen or restrained atoms:
     ibelly  =       0, ntr     =       0

Molecular dynamics:
     nstlim  =    250000, nscm    =      1000, nrespa  =         1
     t       =   0.00000, dt      =   0.00100, vlimit  =  20.00000

Berendsen (weak-coupling) temperature regulation:
     temp0   = 300.00000, tempi   = 300.00000, tautp   =   2.00000

Free energy options:
     icfe    =       1, ifsc    =       1, klambda =       1
     clambda =  0.2000, scalpha =  0.5000, scbeta  = 12.0000
     sceeorder =       2 dvdl_norest =       0
     dynlmb =  0.0000 logdvdl =       0

Ewald parameters:
     verbose =       0, ew_type =       0, nbflag  =       1, use_pme =       1
     vdwmeth =       1, eedmeth =       1, netfrc  =       1
     Box X =   72.419   Box Y =   83.096   Box Z =   67.298
     Alpha =   90.000   Beta  =   90.000   Gamma =   90.000
     NFFT1 =   72       NFFT2 =   90       NFFT3 =   72
     Cutoff=    9.000   Tol   =0.100E-04
     Ewald Coefficient =  0.30768
     Interpolation order =    4

| MPI Timing options:
|      profile_mpi =        0

    LOADING THE DECOMP ATOMS AS GROUPS

    ----- READING GROUP     1; TITLE:
 RES 1 291                                                                   
      Number of atoms in this group  =     0
    ----- READING GROUP     1; TITLE:
 LRES 1 291                                                                  
      Number of atoms in this group  =     0
    ----- END OF GROUP READ -----

--------------------------------------------------------------------------------
   3.  ATOMIC COORDINATES AND VELOCITIES
--------------------------------------------------------------------------------

default_name                                                                    
 begin time read from input coords =     0.000 ps

 Number of triangulated 3-point waters found:    11956
|  Atom division among processors:
|         0   10082   20162   30245   40325
       
     Softcore Mask :LFb@C14,N3,C16,C19,C15,N4,C17,N5,C18,H1,H10,H11,H12,H13,H19,H20,H21,H22,H23; matches    19 atoms
     this run corresponds to V1, its softcore atoms interact fully for lambda=1
     this process:  40325 atoms, partner process:  40325 atoms
     Checking for mismatched coordinates.

     Sum of charges from parm topology file =  -0.00000014
     Forcing neutrality...
|  Running AMBER/MPI version on    4 nodes

|  MULTISANDER:    2 groups.    4 processors out of    8 total.

--------------------------------------------------------------------------------
   4.  RESULTS
--------------------------------------------------------------------------------

|  # of SOLUTE  degrees of freedom (RNDFP):  120975.
|  # of SOLVENT degrees of freedom (RNDFS):       0.
|  NDFMIN =  120972.     NUM_NOSHAKE =      0     CORRECTED RNDFP =  120972.
|  TOTAL # of degrees of freedom (RNDF) =  120972.
   DOF for the SC part of the system:   57
 ---------------------------------------------------
 APPROXIMATING switch and d/dx switch using CUBIC SPLINE INTERPOLATION
 using   5000.0 points per unit in tabled values
 TESTING RELATIVE ERROR over r ranging from 0.0 to cutoff
| CHECK switch(x): max rel err =   0.2738E-14   at   2.422500
| CHECK d/dx switch(x): max rel err =   0.8314E-11   at   2.736960
 ---------------------------------------------------
| Local SIZE OF NONBOND LIST =    2853659
| TOTAL SIZE OF NONBOND LIST =   11124313

 NSTEP =      500   TIME(PS) =       0.500  TEMP(K) =   299.60  PRESS =     0.0
 Etot   =    -86325.9957  EKtot   =     36010.8173  EPtot      =   -122336.8130
 BOND   =     22553.0360  ANGLE   =      2318.1436  DIHED      =      2914.8120
 1-4 NB =      1011.6884  1-4 EEL =     11863.6409  VDWAALS    =     20496.0777
 EELEC  =   -183494.2117  EHBOND  =         0.0000  RESTRAINT  =         0.0000
 DV/DL  =        29.8559
 Ewald error estimate:   0.1756E-04
 ------------------------------------------------------------------------------

  Softcore part of the system:    19 atoms,         TEMP(K)    =         399.69
 SC_BOND=         9.0308  SC_ANGLE=        21.0434  SC_DIHED   =         2.2556
 SC_14NB=         2.9847  SC_14EEL=         9.9865  SC_EKIN    =        22.6367
 SC_VDW =        -1.0888  SC_EEL  =       -11.1350  SC_DERIV=         8.5104
 ------------------------------------------------------------------------------

check COM velocity, temp:        0.000073     0.00(Removed)

 NSTEP =     1000   TIME(PS) =       1.000  TEMP(K) =   298.75  PRESS =     0.0
 Etot   =    -86334.0637  EKtot   =     35908.7308  EPtot      =   -122242.7945
 BOND   =     22653.7227  ANGLE   =      2279.5976  DIHED      =      2930.9170
 1-4 NB =      1019.7102  1-4 EEL =     11865.4213  VDWAALS    =     20507.7477
 EELEC  =   -183499.9110  EHBOND  =         0.0000  RESTRAINT  =         0.0000
 DV/DL  =         8.0064
 Ewald error estimate:   0.7361E-04
 ------------------------------------------------------------------------------

  Softcore part of the system:    19 atoms,         TEMP(K)    =         377.14
 SC_BOND=         8.4600  SC_ANGLE=        17.9406  SC_DIHED   =         4.3877
 SC_14NB=         2.9505  SC_14EEL=        10.7168  SC_EKIN    =        21.3594
 SC_VDW =        -1.1763  SC_EEL  =       -11.5701  SC_DERIV=        -4.3721
 ------------------------------------------------------------------------------


 NSTEP =     1500   TIME(PS) =       1.500  TEMP(K) =   299.08  PRESS =     0.0
 Etot   =    -86316.3310  EKtot   =     35948.8144  EPtot      =   -122265.1454
 BOND   =     22934.4930  ANGLE   =      2186.7529  DIHED      =      2929.1950
 1-4 NB =      1037.3335  1-4 EEL =     11921.2943  VDWAALS    =     20804.0061
 EELEC  =   -184078.2202  EHBOND  =         0.0000  RESTRAINT  =         0.0000
 DV/DL  =         4.7551
 Ewald error estimate:   0.4083E-04
 ------------------------------------------------------------------------------

  Softcore part of the system:    19 atoms,         TEMP(K)    =         319.01
 SC_BOND=         8.1573  SC_ANGLE=        19.1175  SC_DIHED   =         4.4474
 SC_14NB=         4.0123  SC_14EEL=        11.3078  SC_EKIN    =        18.0671
 SC_VDW =        -1.0535  SC_EEL  =       -12.4644  SC_DERIV=        -5.3967
 ------------------------------------------------------------------------------

check COM velocity, temp:        0.000072     0.00(Removed)

 NSTEP =     2000   TIME(PS) =       2.000  TEMP(K) =   299.73  PRESS =     0.0
 Etot   =    -86309.6019  EKtot   =     36026.1544  EPtot      =   -122335.7562
 BOND   =     22608.7548  ANGLE   =      2324.4816  DIHED      =      2939.6505
 1-4 NB =      1007.1611  1-4 EEL =     11835.2763  VDWAALS    =     20504.7982
 EELEC  =   -183555.8787  EHBOND  =         0.0000  RESTRAINT  =         0.0000
 DV/DL  =        17.9906
 Ewald error estimate:   0.9546E-04
 ------------------------------------------------------------------------------

  Softcore part of the system:    19 atoms,         TEMP(K)    =         341.78
 SC_BOND=         7.0760  SC_ANGLE=        19.3814  SC_DIHED   =         4.2680
 SC_14NB=         3.4782  SC_14EEL=         9.8019  SC_EKIN    =        19.3568
 SC_VDW =        -0.9557  SC_EEL  =       -11.0537  SC_DERIV=         3.1659
 ------------------------------------------------------------------------------


 NSTEP =     2500   TIME(PS) =       2.500  TEMP(K) =   300.12  PRESS =     0.0
 Etot   =    -86292.6479  EKtot   =     36073.7767  EPtot      =   -122366.4245
 BOND   =     22442.0107  ANGLE   =      2256.1387  DIHED      =      2958.1681
 1-4 NB =      1005.4635  1-4 EEL =     11845.1301  VDWAALS    =     20572.8958
 EELEC  =   -183446.2313  EHBOND  =         0.0000  RESTRAINT  =         0.0000
 DV/DL  =         4.6573
 Ewald error estimate:   0.1465E-03
 ------------------------------------------------------------------------------

  Softcore part of the system:    19 atoms,         TEMP(K)    =         444.80
 SC_BOND=         8.3673  SC_ANGLE=        14.4708  SC_DIHED   =         3.3390
 SC_14NB=         3.0742  SC_14EEL=        11.2995  SC_EKIN    =        25.1912
 SC_VDW =        -1.0031  SC_EEL  =       -10.4027  SC_DERIV=        -5.3872
 ------------------------------------------------------------------------------

check COM velocity, temp:        0.000139     0.00(Removed)

 NSTEP =     3000   TIME(PS) =       3.000  TEMP(K) =   298.48  PRESS =     0.0
 Etot   =    -86326.8316  EKtot   =     35876.0607  EPtot      =   -122202.8923
 BOND   =     22849.5732  ANGLE   =      2328.2527  DIHED      =      2904.7891
 1-4 NB =       985.2630  1-4 EEL =     11758.4636  VDWAALS    =     20329.6848
 EELEC  =   -183358.9187  EHBOND  =         0.0000  RESTRAINT  =         0.0000
 DV/DL  =        14.4257
 Ewald error estimate:   0.2573E-04
 ------------------------------------------------------------------------------

  Softcore part of the system:    19 atoms,         TEMP(K)    =         251.24
 SC_BOND=         9.7067  SC_ANGLE=        21.8761  SC_DIHED   =         3.9377
 SC_14NB=         2.5056  SC_14EEL=        10.9102  SC_EKIN    =        14.2289
 SC_VDW =        -1.0556  SC_EEL  =       -10.1409  SC_DERIV=         2.4137
 ------------------------------------------------------------------------------


 NSTEP =     3500   TIME(PS) =       3.500  TEMP(K) =   297.24  PRESS =     0.0
 Etot   =    -86299.1084  EKtot   =     35727.7437  EPtot      =   -122026.8520
 BOND   =     22833.3961  ANGLE   =      2273.4647  DIHED      =      2896.4176
 1-4 NB =      1010.4287  1-4 EEL =     11855.3548  VDWAALS    =     20420.5389
 EELEC  =   -183316.4529  EHBOND  =         0.0000  RESTRAINT  =         0.0000
 DV/DL  =        18.3391
 Ewald error estimate:   0.4980E-04
 ------------------------------------------------------------------------------

  Softcore part of the system:    19 atoms,         TEMP(K)    =         302.82
 SC_BOND=         9.5834  SC_ANGLE=        18.9209  SC_DIHED   =         4.0551
 SC_14NB=         2.6056  SC_14EEL=        10.5081  SC_EKIN    =        17.1503
 SC_VDW =        -0.7634  SC_EEL  =       -10.2241  SC_DERIV=         1.1153
 ------------------------------------------------------------------------------

check COM velocity, temp:        0.000150     0.00(Removed)

 NSTEP =     4000   TIME(PS) =       4.000  TEMP(K) =   299.68  PRESS =     0.0
 Etot   =    -86310.9246  EKtot   =     36020.9355  EPtot      =   -122331.8601
 BOND   =     22873.3848  ANGLE   =      2267.5842  DIHED      =      2906.4543
 1-4 NB =      1024.5519  1-4 EEL =     11922.4019  VDWAALS    =     20666.8077
 EELEC  =   -183993.0449  EHBOND  =         0.0000  RESTRAINT  =         0.0000
 DV/DL  =        14.5322
 Ewald error estimate:   0.6252E-04
 ------------------------------------------------------------------------------

  Softcore part of the system:    19 atoms,         TEMP(K)    =         395.64
 SC_BOND=         7.3101  SC_ANGLE=        18.6666  SC_DIHED   =         3.9474
 SC_14NB=         2.2555  SC_14EEL=        12.1980  SC_EKIN    =        22.4071
 SC_VDW =        -0.8379  SC_EEL  =        -9.9037  SC_DERIV=         0.9262
 ------------------------------------------------------------------------------


 NSTEP =     4500   TIME(PS) =       4.500  TEMP(K) =   300.65  PRESS =     0.0
 Etot   =    -86324.5976  EKtot   =     36137.1692  EPtot      =   -122461.7668
 BOND   =     22342.7331  ANGLE   =      2215.6505  DIHED      =      2947.3006
 1-4 NB =      1018.9699  1-4 EEL =     11904.2342  VDWAALS    =     20596.3242
 EELEC  =   -183486.9793  EHBOND  =         0.0000  RESTRAINT  =         0.0000
 DV/DL  =        26.6505
 Ewald error estimate:   0.1023E-04
 ------------------------------------------------------------------------------

  Softcore part of the system:    19 atoms,         TEMP(K)    =         391.51
 SC_BOND=         7.0661  SC_ANGLE=        18.0041  SC_DIHED   =         3.1475
 SC_14NB=         5.0547  SC_14EEL=        10.1661  SC_EKIN    =        22.1732
 SC_VDW =        -0.7298  SC_EEL  =       -11.4352  SC_DERIV=         7.2086
 ------------------------------------------------------------------------------

check COM velocity, temp:        0.000120     0.00(Removed)

 NSTEP =     5000   TIME(PS) =       5.000  TEMP(K) =   299.33  PRESS =     0.0
 Etot   =    -86291.8400  EKtot   =     35978.5827  EPtot      =   -122270.4226
 BOND   =     22384.6451  ANGLE   =      2237.6441  DIHED      =      2925.1078
 1-4 NB =      1021.5915  1-4 EEL =     11851.9977  VDWAALS    =     20196.4642
 EELEC  =   -182887.8730  EHBOND  =         0.0000  RESTRAINT  =         0.0000
 DV/DL  =        15.6216
 Ewald error estimate:   0.7207E-04
 ------------------------------------------------------------------------------

  Softcore part of the system:    19 atoms,         TEMP(K)    =         368.78
 SC_BOND=         4.2406  SC_ANGLE=        19.0996  SC_DIHED   =         6.0282
 SC_14NB=         3.1050  SC_14EEL=        10.3908  SC_EKIN    =        20.8859
 SC_VDW =        -1.0328  SC_EEL  =       -10.3688  SC_DERIV=        -3.6214
 ------------------------------------------------------------------------------

