
          -------------------------------------------------------
          Amber 12 SANDER                              2012
          -------------------------------------------------------

| Run on 10/14/2012 at 10:54:52
  [-O]verwriting output

File Assignments:
|  MDIN: LFb_prod01_v1_l6.in                                                   
| MDOUT: LFb_prod01_v1_l6.out                                                  
|INPCRD: equi_v1_l6.rst                                                        
|  PARM: LFb_com_TIin.top                                                      
|RESTRT: LFb_prod01_v1_l6.rst                                                  
|  REFC: refc                                                                  
| MDVEL: mdvel.001                                                             
|  MDEN: mden.001                                                              
| MDCRD: LFb_prod01_v1_l6.mdcrd                                                
|MDINFO: mdinfo.001                                                            
|  MTMD: mtmd                                                                  
|INPDIP: inpdip                                                                
|RSTDIP: rstdip                                                                

|INPTRA: inptraj                                                               
|

 Here is the input file:

NVT MD w/No position restraints and PME (sander)                               
 &cntrl                                                                        
  ntx     = 7,                                                                 
  irest   = 1,                                                                 
  ntpr    = 500,                                                               
  ntwx    = 10000,                                                             
  ntwr    = 0,                                                                 
  iwrap   = 0,                                                                 
                                                                               
  ntf     = 1,                                                                 
  ntb     = 1,                                                                 
  cut     = 9.0,                                                               
                                                                               
  nstlim  = 250000,                                                            
  nscm    = 1000,                                                              
  t       = 0.0,                                                               
  dt      = 0.001,                                                             
                                                                               
  temp0   = 300.0,                                                             
  tempi   = 300.0,                                                             
  ntt     = 1,                                                                 
  tautp   = 2.0,                                                               
                                                                               
  ntc     = 1,                                                                 
  tol     = 0.000001,                                                          
                                                                               
  icfe    = 1,                                                                 
  clambda = 0.6,                                                               
  ifsc    = 1,                                                                 
  idecomp = 1,                                                                 
                                                                               
  scmask  =':LFb@C14,N3,C16,C19,C15,N4,C17,N5,C18,H1,H10,H11,H12,H13,H19,H20,H2
 &end                                                                          
RES 1 291                                                                      
END                                                                            
LRES 1 291                                                                     
END                                                                            
END                                                                            

--------------------------------------------------------------------------------
   1.  RESOURCE   USE: 
--------------------------------------------------------------------------------

| Flags: MPI                                                                    
 getting new box info from bottom of inpcrd
|  INFO: Old style inpcrd file read

| peek_ewald_inpcrd: Box info found
|Largest sphere to fit in unit cell has radius =    33.649
| New format PARM file being parsed.
| Version =    1.000 Date = 10/02/12 Time = 15:37:21
 NATOM  =   40325 NTYPES =      21 NBONH =   38049 MBONA  =    2330
 NTHETH =    4964 MTHETA =    3154 NPHIH =    9865 MPHIA  =    7757
 NHPARM =       0 NPARM  =       0 NNB   =   72374 NRES   =   12248
 NBONA  =    2330 NTHETA =    3154 NPHIA =    7757 NUMBND =      74
 NUMANG =     143 NPTRA  =      56 NATYP =      51 NPHB   =       1
 IFBOX  =       1 NMXRS  =      61 IFCAP =       0 NEXTRA =       0
 NCOPY  =       0


|     Memory Use     Allocated
|     Real             2222519
|     Hollerith         133225
|     Integer          1798980
|     Max Pairs        4472714
|     nblistReal        483900
|     nblist Int       1496005
|       Total            52006 kbytes

| Note: 1-4 EEL scale factors are being read from the topology file.

| Note: 1-4 VDW scale factors are being read from the topology file.
| Duplicated    0 dihedrals
| Duplicated    0 dihedrals

     BOX TYPE: RECTILINEAR

--------------------------------------------------------------------------------
   2.  CONTROL  DATA  FOR  THE  RUN
--------------------------------------------------------------------------------

default_name                                                                    

General flags:
     imin    =       0, nmropt  =       0

Nature and format of input:
     ntx     =       7, irest   =       1, ntrx    =       1

Nature and format of output:
     ntxo    =       1, ntpr    =     500, ntrx    =       1, ntwr    =       0
     iwrap   =       0, ntwx    =   10000, ntwv    =       0, ntwe    =       0
     ioutfm  =       0, ntwprt  =       0, idecomp =       1, rbornstat=      0

Potential function:
     ntf     =       1, ntb     =       1, igb     =       0, nsnb    =      25
     ipol    =       0, gbsa    =       0, iesp    =       0
     dielc   =   1.00000, cut     =   9.00000, intdiel =   1.00000

Frozen or restrained atoms:
     ibelly  =       0, ntr     =       0

Molecular dynamics:
     nstlim  =    250000, nscm    =      1000, nrespa  =         1
     t       =   0.00000, dt      =   0.00100, vlimit  =  20.00000

Berendsen (weak-coupling) temperature regulation:
     temp0   = 300.00000, tempi   = 300.00000, tautp   =   2.00000

Free energy options:
     icfe    =       1, ifsc    =       1, klambda =       1
     clambda =  0.6000, scalpha =  0.5000, scbeta  = 12.0000
     sceeorder =       2 dvdl_norest =       0
     dynlmb =  0.0000 logdvdl =       0

Ewald parameters:
     verbose =       0, ew_type =       0, nbflag  =       1, use_pme =       1
     vdwmeth =       1, eedmeth =       1, netfrc  =       1
     Box X =   72.419   Box Y =   83.096   Box Z =   67.298
     Alpha =   90.000   Beta  =   90.000   Gamma =   90.000
     NFFT1 =   72       NFFT2 =   90       NFFT3 =   72
     Cutoff=    9.000   Tol   =0.100E-04
     Ewald Coefficient =  0.30768
     Interpolation order =    4

| MPI Timing options:
|      profile_mpi =        0

    LOADING THE DECOMP ATOMS AS GROUPS

    ----- READING GROUP     1; TITLE:
 RES 1 291                                                                   
      Number of atoms in this group  =     0
    ----- READING GROUP     1; TITLE:
 LRES 1 291                                                                  
      Number of atoms in this group  =     0
    ----- END OF GROUP READ -----

--------------------------------------------------------------------------------
   3.  ATOMIC COORDINATES AND VELOCITIES
--------------------------------------------------------------------------------

default_name                                                                    
 begin time read from input coords =     0.000 ps

 Number of triangulated 3-point waters found:    11956
|  Atom division among processors:
|         0   10082   20162   30245   40325
       
     Softcore Mask :LFb@C14,N3,C16,C19,C15,N4,C17,N5,C18,H1,H10,H11,H12,H13,H19,H20,H21,H22,H23; matches    19 atoms
     this run corresponds to V1, its softcore atoms interact fully for lambda=1
     this process:  40325 atoms, partner process:  40325 atoms
     Checking for mismatched coordinates.

     Sum of charges from parm topology file =  -0.00000014
     Forcing neutrality...
|  Running AMBER/MPI version on    4 nodes

|  MULTISANDER:    2 groups.    4 processors out of    8 total.

--------------------------------------------------------------------------------
   4.  RESULTS
--------------------------------------------------------------------------------

|  # of SOLUTE  degrees of freedom (RNDFP):  120975.
|  # of SOLVENT degrees of freedom (RNDFS):       0.
|  NDFMIN =  120972.     NUM_NOSHAKE =      0     CORRECTED RNDFP =  120972.
|  TOTAL # of degrees of freedom (RNDF) =  120972.
   DOF for the SC part of the system:   57
 ---------------------------------------------------
 APPROXIMATING switch and d/dx switch using CUBIC SPLINE INTERPOLATION
 using   5000.0 points per unit in tabled values
 TESTING RELATIVE ERROR over r ranging from 0.0 to cutoff
| CHECK switch(x): max rel err =   0.2738E-14   at   2.422500
| CHECK d/dx switch(x): max rel err =   0.8314E-11   at   2.736960
 ---------------------------------------------------
| Local SIZE OF NONBOND LIST =    2796221
| TOTAL SIZE OF NONBOND LIST =   11122565

 NSTEP =      500   TIME(PS) =       0.500  TEMP(K) =   299.09  PRESS =     0.0
 Etot   =    -86302.7775  EKtot   =     35950.0867  EPtot      =   -122252.8642
 BOND   =     22771.7807  ANGLE   =      2329.6483  DIHED      =      2895.9610
 1-4 NB =      1006.4184  1-4 EEL =     11819.6241  VDWAALS    =     20555.9964
 EELEC  =   -183632.2931  EHBOND  =         0.0000  RESTRAINT  =         0.0000
 DV/DL  =        20.5263
 Ewald error estimate:   0.2326E-04
 ------------------------------------------------------------------------------

  Softcore part of the system:    19 atoms,         TEMP(K)    =         285.56
 SC_BOND=         8.3154  SC_ANGLE=        15.7257  SC_DIHED   =         4.6187
 SC_14NB=         2.5333  SC_14EEL=        10.7657  SC_EKIN    =        16.1726
 SC_VDW =        -0.8852  SC_EEL  =       -11.7106  SC_DERIV=        12.1190
 ------------------------------------------------------------------------------

check COM velocity, temp:        0.000076     0.00(Removed)

 NSTEP =     1000   TIME(PS) =       1.000  TEMP(K) =   300.46  PRESS =     0.0
 Etot   =    -86324.7151  EKtot   =     36114.9156  EPtot      =   -122439.6307
 BOND   =     22698.9055  ANGLE   =      2318.6148  DIHED      =      2891.5477
 1-4 NB =      1007.1448  1-4 EEL =     11920.0955  VDWAALS    =     20898.5758
 EELEC  =   -184174.5149  EHBOND  =         0.0000  RESTRAINT  =         0.0000
 DV/DL  =        21.9965
 Ewald error estimate:   0.6639E-04
 ------------------------------------------------------------------------------

  Softcore part of the system:    19 atoms,         TEMP(K)    =         333.84
 SC_BOND=         4.6416  SC_ANGLE=        19.0708  SC_DIHED   =         4.4109
 SC_14NB=         2.9950  SC_14EEL=        10.5902  SC_EKIN    =        18.9069
 SC_VDW =        -1.0132  SC_EEL  =       -11.4979  SC_DERIV=        14.8818
 ------------------------------------------------------------------------------


 NSTEP =     1500   TIME(PS) =       1.500  TEMP(K) =   298.33  PRESS =     0.0
 Etot   =    -86346.3777  EKtot   =     35858.9192  EPtot      =   -122205.2969
 BOND   =     22760.6814  ANGLE   =      2269.1031  DIHED      =      2871.6507
 1-4 NB =      1018.1932  1-4 EEL =     11873.3768  VDWAALS    =     20447.5850
 EELEC  =   -183445.8870  EHBOND  =         0.0000  RESTRAINT  =         0.0000
 DV/DL  =        14.9163
 Ewald error estimate:   0.5130E-04
 ------------------------------------------------------------------------------

  Softcore part of the system:    19 atoms,         TEMP(K)    =         226.76
 SC_BOND=        10.3441  SC_ANGLE=        16.9327  SC_DIHED   =         4.9914
 SC_14NB=         3.6899  SC_14EEL=        10.3034  SC_EKIN    =        12.8424
 SC_VDW =        -1.0225  SC_EEL  =       -12.3317  SC_DERIV=         9.2163
 ------------------------------------------------------------------------------

check COM velocity, temp:        0.000146     0.00(Removed)

 NSTEP =     2000   TIME(PS) =       2.000  TEMP(K) =   301.06  PRESS =     0.0
 Etot   =    -86338.4264  EKtot   =     36186.0101  EPtot      =   -122524.4365
 BOND   =     22754.5909  ANGLE   =      2282.8433  DIHED      =      2906.0946
 1-4 NB =      1012.0301  1-4 EEL =     11838.8396  VDWAALS    =     20751.9033
 EELEC  =   -184070.7382  EHBOND  =         0.0000  RESTRAINT  =         0.0000
 DV/DL  =        15.9968
 Ewald error estimate:   0.1268E-03
 ------------------------------------------------------------------------------

  Softcore part of the system:    19 atoms,         TEMP(K)    =         240.96
 SC_BOND=         6.7344  SC_ANGLE=        17.3874  SC_DIHED   =         5.3253
 SC_14NB=         2.4741  SC_14EEL=         9.7167  SC_EKIN    =        13.6470
 SC_VDW =        -0.5894  SC_EEL  =        -9.9623  SC_DERIV=         8.6356
 ------------------------------------------------------------------------------


 NSTEP =     2500   TIME(PS) =       2.500  TEMP(K) =   299.99  PRESS =     0.0
 Etot   =    -86321.8333  EKtot   =     36058.2360  EPtot      =   -122380.0693
 BOND   =     22661.2722  ANGLE   =      2283.7599  DIHED      =      2919.3665
 1-4 NB =       995.2686  1-4 EEL =     11844.0374  VDWAALS    =     20286.8854
 EELEC  =   -183370.6594  EHBOND  =         0.0000  RESTRAINT  =         0.0000
 DV/DL  =        14.2044
 Ewald error estimate:   0.1288E-03
 ------------------------------------------------------------------------------

  Softcore part of the system:    19 atoms,         TEMP(K)    =         352.96
 SC_BOND=         4.0841  SC_ANGLE=        17.0069  SC_DIHED   =         8.2623
 SC_14NB=         2.7014  SC_14EEL=         9.9318  SC_EKIN    =        19.9901
 SC_VDW =        -1.1063  SC_EEL  =       -11.1268  SC_DERIV=         6.5237
 ------------------------------------------------------------------------------

check COM velocity, temp:        0.000091     0.00(Removed)

 NSTEP =     3000   TIME(PS) =       3.000  TEMP(K) =   300.55  PRESS =     0.0
 Etot   =    -86341.7432  EKtot   =     36124.6956  EPtot      =   -122466.4388
 BOND   =     22552.0503  ANGLE   =      2330.2829  DIHED      =      2901.0412
 1-4 NB =      1010.7032  1-4 EEL =     11826.0240  VDWAALS    =     20323.7992
 EELEC  =   -183410.3395  EHBOND  =         0.0000  RESTRAINT  =         0.0000
 DV/DL  =         9.4951
 Ewald error estimate:   0.2609E-04
 ------------------------------------------------------------------------------

  Softcore part of the system:    19 atoms,         TEMP(K)    =         204.91
 SC_BOND=         7.6071  SC_ANGLE=        19.3694  SC_DIHED   =         5.6521
 SC_14NB=         4.3502  SC_14EEL=        11.1519  SC_EKIN    =        11.6050
 SC_VDW =        -0.1361  SC_EEL  =       -12.2657  SC_DERIV=         5.0535
 ------------------------------------------------------------------------------


 NSTEP =     3500   TIME(PS) =       3.500  TEMP(K) =   298.93  PRESS =     0.0
 Etot   =    -86366.5478  EKtot   =     35930.4320  EPtot      =   -122296.9798
 BOND   =     22737.8936  ANGLE   =      2323.4421  DIHED      =      2959.7100
 1-4 NB =      1013.7224  1-4 EEL =     11830.6532  VDWAALS    =     20678.2356
 EELEC  =   -183840.6365  EHBOND  =         0.0000  RESTRAINT  =         0.0000
 DV/DL  =        11.7561
 Ewald error estimate:   0.4966E-04
 ------------------------------------------------------------------------------

  Softcore part of the system:    19 atoms,         TEMP(K)    =         226.19
 SC_BOND=         5.5832  SC_ANGLE=        15.4753  SC_DIHED   =         5.5481
 SC_14NB=         2.8122  SC_14EEL=        11.2427  SC_EKIN    =        12.8104
 SC_VDW =        -0.7674  SC_EEL  =        -9.8960  SC_DERIV=         9.6127
 ------------------------------------------------------------------------------

check COM velocity, temp:        0.000040     0.00(Removed)

 NSTEP =     4000   TIME(PS) =       4.000  TEMP(K) =   300.69  PRESS =     0.0
 Etot   =    -86376.2113  EKtot   =     36141.5356  EPtot      =   -122517.7469
 BOND   =     22690.4510  ANGLE   =      2330.0794  DIHED      =      2949.4655
 1-4 NB =       984.8401  1-4 EEL =     11771.8545  VDWAALS    =     20379.4913
 EELEC  =   -183623.9287  EHBOND  =         0.0000  RESTRAINT  =         0.0000
 DV/DL  =        13.8764
 Ewald error estimate:   0.2901E-04
 ------------------------------------------------------------------------------

  Softcore part of the system:    19 atoms,         TEMP(K)    =         246.73
 SC_BOND=         8.4268  SC_ANGLE=        18.5137  SC_DIHED   =         3.7331
 SC_14NB=         3.2745  SC_14EEL=        10.6020  SC_EKIN    =        13.9733
 SC_VDW =        -1.0653  SC_EEL  =       -10.6437  SC_DERIV=         8.5156
 ------------------------------------------------------------------------------


 NSTEP =     4500   TIME(PS) =       4.500  TEMP(K) =   300.92  PRESS =     0.0
 Etot   =    -86388.6721  EKtot   =     36170.0865  EPtot      =   -122558.7586
 BOND   =     22683.4655  ANGLE   =      2302.0742  DIHED      =      2883.8774
 1-4 NB =       999.6032  1-4 EEL =     11882.6027  VDWAALS    =     20561.5839
 EELEC  =   -183871.9655  EHBOND  =         0.0000  RESTRAINT  =         0.0000
 DV/DL  =        28.2569
 Ewald error estimate:   0.8521E-04
 ------------------------------------------------------------------------------

  Softcore part of the system:    19 atoms,         TEMP(K)    =         307.17
 SC_BOND=         4.3223  SC_ANGLE=        13.9158  SC_DIHED   =         4.2534
 SC_14NB=         2.3814  SC_14EEL=        11.2147  SC_EKIN    =        17.3968
 SC_VDW =        -1.0307  SC_EEL  =        -9.2063  SC_DERIV=        18.3793
 ------------------------------------------------------------------------------

check COM velocity, temp:        0.000036     0.00(Removed)

 NSTEP =     5000   TIME(PS) =       5.000  TEMP(K) =   301.26  PRESS =     0.0
 Etot   =    -86348.9414  EKtot   =     36210.7247  EPtot      =   -122559.6661
 BOND   =     22748.8063  ANGLE   =      2282.8447  DIHED      =      2933.2640
 1-4 NB =       994.4678  1-4 EEL =     11803.3463  VDWAALS    =     20914.8306
 EELEC  =   -184237.2258  EHBOND  =         0.0000  RESTRAINT  =         0.0000
 DV/DL  =        19.6843
 Ewald error estimate:   0.8910E-04
 ------------------------------------------------------------------------------

  Softcore part of the system:    19 atoms,         TEMP(K)    =         250.06
 SC_BOND=         2.7770  SC_ANGLE=        19.4238  SC_DIHED   =         2.7366
 SC_14NB=         3.8779  SC_14EEL=        10.7580  SC_EKIN    =        14.1624
 SC_VDW =        -0.9462  SC_EEL  =       -10.2207  SC_DERIV=        11.7429
 ------------------------------------------------------------------------------

