
          -------------------------------------------------------
          Amber 12 PMEMD                              2012
          -------------------------------------------------------

| PMEMD implementation of SANDER, Release 12

| Run on 09/10/2013 at 14:38:29

| WARNING: Stack usage limited by a hard resource limit of   67104768 bytes!
|          If segment violations occur, get your sysadmin to increase the limit.
  [-O]verwriting output

File Assignments:
|   MDIN: mdin                                                                  
|  MDOUT: wat2.pmemd.out                                                        
| INPCRD: wat2.inpcrd                                                           
|   PARM: wat2.prmtop                                                           
| RESTRT: restrt                                                                
|   REFC: refc                                                                  
|  MDVEL: mdvel                                                                 
|   MDEN: mden                                                                  
|  MDCRD: mdcrd                                                                 
| MDINFO: mdinfo                                                                


 Here is the input file:

  single point calc.                                                           
 &cntrl                                                                        
   imin=1, maxcyc=1,                                                           
   ntx=1, irest=0,                                                             
   ntpr=1,                                                                     
   cut=14.,                                                                    
   iamoeba=1,                                                                  
 /                                                                             
 &ewald                                                                        
  nfft1=32,nfft2=32,nfft3=32,                                                  
  skinnb=2.,nbtell=0,order=5,ew_coeff=0.5446,                                  
 /                                                                             
 &amoeba                                                                       
   dipole_scf_tol = 0.00001,dipole_scf_iter_max=20,                            
   sor_coefficient=0.7,                                                        
 /                                                                             


 
 
| New format inpcrd file being parsed.
| Version =    1.000 Date = 09/09/13 Time = 07:54:20
 
| Conditional Compilation Defines Used:
| AMOEBA
| DIRFRC_COMTRANS
| DIRFRC_EFS
| DIRFRC_NOVEC
| PUBFFT
| FFTLOADBAL_2PROC
| BINTRAJ

| Largest sphere to fit in unit cell has radius =    16.000

| New format PARM file being parsed.
| Version =    1.000 Date = 09/09/13 Time = 07:54:20
--------------------------------------------------------------------------------
   1.  RESOURCE   USE: 
--------------------------------------------------------------------------------

 getting new box info from bottom of inpcrd

 NATOM  =       6 NTYPES =       1 NBONH =       0 MBONA  =       0
 NTHETH =       0 MTHETA =       0 NPHIH =       0 MPHIA  =       0
 NHPARM =       0 NPARM  =       0 NNB   =       6 NRES   =       2
 NBONA  =       0 NTHETA =       0 NPHIA =       0 NUMBND =       0
 NUMANG =       0 NPTRA  =       0 NATYP =       1 NPHB   =       0
 IFBOX  =       1 NMXRS  =       0 IFCAP =       0 NEXTRA =       0
 NCOPY  =       0

| Coordinate Index Table dimensions:     4    4    4
| Direct force subcell size =     8.0000    8.0000    8.0000

     BOX TYPE: RECTILINEAR

--------------------------------------------------------------------------------
   2.  CONTROL  DATA  FOR  THE  RUN
--------------------------------------------------------------------------------

water dimer                                                                     

General flags:
     imin    =       1, nmropt  =       0

Nature and format of input:
     ntx     =       1, irest   =       0, ntrx    =       1

Nature and format of output:
     ntxo    =       2, ntpr    =       1, ntrx    =       1, ntwr    =     500
     iwrap   =       0, ntwx    =       0, ntwv    =       0, ntwe    =       0
     ioutfm  =       1, ntwprt  =       0, idecomp =       0, rbornstat=      0

Potential function:
     ntf     =       1, ntb     =       1, igb     =       0, nsnb    =      25
     ipol    =       0, gbsa    =       0, iesp    =       0
     dielc   =   1.00000, cut     =  14.00000, intdiel =   1.00000
     scnb    =   2.00000, scee    =   1.20000

Frozen or restrained atoms:
     ibelly  =       0, ntr     =       0

Energy minimization:
     maxcyc  =       1, ncyc    =      10, ntmin   =       1
     dx0     =   0.01000, drms    =   0.00010

Ewald parameters:
     verbose =       0, ew_type =       0, nbflag  =       1, use_pme =       1
     vdwmeth =       1, eedmeth =       1, netfrc  =       0
     Box X =   32.000   Box Y =   32.000   Box Z =   32.000
     Alpha =   90.000   Beta  =   90.000   Gamma =   90.000
     NFFT1 =   32       NFFT2 =   32       NFFT3 =   32
     Cutoff=   14.000   Tol   =0.297E-27
     Ewald Coefficient =  0.54460
     Interpolation order =    5

--------------------------------------------------------------------------------
   3.  ATOMIC COORDINATES AND VELOCITIES
--------------------------------------------------------------------------------

water dimer                                                                     
 begin time read from input coords =     0.000 ps

| Dynamic Memory, Types Used:
| Reals              308145
| Integers              219

| Nonbonded Pairs Initial Allocation:    5547

--------------------------------------------------------------------------------
   4.  RESULTS
--------------------------------------------------------------------------------

 ---------------------------------------------------
 APPROXIMATING switch and d/dx switch using CUBIC SPLINE INTERPOLATION
 using   5000.0 points per unit in tabled values
 TESTING RELATIVE ERROR over r ranging from 0.0 to cutoff
| CHECK switch(x): max rel err =   0.2738E-14   at   2.422500
| CHECK d/dx switch(x): max rel err =   0.8987E-11   at   2.875760
 ---------------------------------------------------
|---------------------------------------------------
| APPROXIMATING direct energy using CUBIC SPLINE INTERPOLATION
|  with   50.0 points per unit in tabled values
| Relative Error Limit not exceeded for r .gt.   3.53
| APPROXIMATING direct force using CUBIC SPLINE INTERPOLATION
|  with   50.0 points per unit in tabled values
| Relative Error Limit not exceeded for r .gt.   3.82
|---------------------------------------------------
| num_pairs_in_ee_cut, size_dipole_dipole_list =          9        11


   NSTEP       ENERGY          RMS            GMAX         NAME    NUMBER
      1      -5.0373E+00     4.2687E-03     8.9265E-03     H           6

 BOND    =        0.0203  ANGLE   =        0.0060  DIHED      =        0.0000
 VDWAALS =        2.3481  EEL     =       -6.1238  HBOND      =        0.0000
 1-4 VDW =        0.0000  1-4 EEL =        0.0000  RESTRAINT  =        0.0000
 EPOLAR  =       -1.2879
 Dipole convergence: rms =  0.813E-05 iters =  15.00


  Maximum number of minimization cycles reached.


                    FINAL RESULTS



   NSTEP       ENERGY          RMS            GMAX         NAME    NUMBER
      1      -5.0373E+00     4.2687E-03     8.9265E-03     H           6

 BOND    =        0.0203  ANGLE   =        0.0060  DIHED      =        0.0000
 VDWAALS =        2.3481  EEL     =       -6.1238  HBOND      =        0.0000
 1-4 VDW =        0.0000  1-4 EEL =        0.0000  RESTRAINT  =        0.0000
 EPOLAR  =       -1.2879
 Dipole convergence: rms =  0.813E-05 iters =  15.00
--------------------------------------------------------------------------------
   5.  TIMINGS
--------------------------------------------------------------------------------

|  NonSetup CPU Time in Major Routines:
|
|     Routine           Sec        %
|     ------------------------------
|     Nonbond           0.06   98.71
|     Bond              0.00    0.01
|     Angle             0.00    0.03
|     Dihedral          0.00    0.01
|     Shake             0.00    0.00
|     Other             0.00    1.25
|     ------------------------------
|     Total             0.06

|  Amoeba Nonbond Pairlist CPU Time:
|
|     Routine              Sec        %
|     ---------------------------------
|     Set Up Cit           0.00    0.02
|     Build List           0.00    0.02
|     ---------------------------------
|     Total                0.00    0.04

|  Amoeba Direct Force CPU Time:
|
|     Routine              Sec        %
|     ---------------------------------
|     NonBonded Calc       0.00    0.26
|     Exclude Masked       0.00    0.11
|     Other                0.00    0.29
|     ---------------------------------
|     Total                0.00    0.65

|  Amoeba Reciprocal Force CPU Time:
|
|     Routine              Sec        %
|     ---------------------------------
|     1D bspline           0.00    2.28
|     Grid Charges         0.00    1.87
|     Scalar Sum           0.00    4.48
|     Gradient Sum         0.00    0.32
|     FFT                  0.05   89.11
|     ---------------------------------
|     Total                0.06   98.06

|  Setup CPU time:            0.06 seconds
|  NonSetup CPU time:         0.06 seconds
|  Total CPU time:            0.12 seconds     0.00 hours

|  Setup wall time:           0    seconds
|  NonSetup wall time:        0    seconds
|  Total wall time:           0    seconds     0.00 hours
