1
                 Chemistry at HARvard Macromolecular Mechanics
                   (CHARMM) - Developmental Version 35b1     August 15, 2008   
       Copyright(c) 1984-2001  President and Fellows of Harvard College
                              All Rights Reserved
      Current operating system: Linux-2.6.9-89.ELsmp(x86_64)@caffeine.sdsc.e
                 Created on 10/30/ 9 at 13:25:25 by user: rcw         

            Maximum number of ATOMS:    360720, and RESidues:      120240
            Current HEAP size:        10240000, and STACK size:  10000000

 RDTITL> * DHFR CMAP PBC ENERGY EVALUATION
 RDTITL> * BY ROSS WALKER & MARK WILLIAMSON (SDSC)
 RDTITL> *
  
 CHARMM>    !!!!!!!!!!!!!!!!!!!!!!!!!!!!!!!!!!!!!!!!!!!!!!!!!!!!!!!!!!!
 CHARMM>    ! Read in Topology and parameter file for ALL22
 CHARMM>     
  
 CHARMM>        OPEN READ CARD UNIT 1 NAME "../../../../../dat/chamber/top_all22_prot.inp"
 VOPEN> Attempting to open::../../../../../dat/chamber/top_all22_prot.inp::
 OPNLGU> Unit  1 opened for READONLY access to /server-home/rcw/cvs_checkouts/amber11/test/chamber/dev_tests/dhfr_cmap_pbc/test_creation/../../../../../dat/chamber/top_all22_prot.inp
  
 CHARMM>        READ RTF CARD UNIT 1
 MAINIO> Residue topology file being read from unit   1.
 TITLE> *>>>>>>>>CHARMM22 ALL-HYDROGEN TOPOLOGY FILE FOR PROTEINS <<<<<<
 TITLE> *>>>>> INCLUDES PHI, PSI CROSS TERM MAP (CMAP) CORRECTION <<<<<<<
 TITLE> *>>>>>>>>>>>>>>>>>>>>>> DECEMBER, 2003 <<<<<<<<<<<<<<<<<<<<<<<<<<
 TITLE> * ALL COMMENTS TO ADM JR. VIA THE CHARMM WEB SITE: WWW.CHARMM.ORG
 TITLE> *               PARAMETER SET DISCUSSION FORUM
 TITLE> *
  
 CHARMM>        CLOSE UNIT 1
 VCLOSE: Closing unit    1 with status "KEEP"
  
 CHARMM>     
  
 CHARMM>        OPEN READ CARD UNIT 2 NAME "../../../../../dat/chamber/par_all22_prot.inp"
 VOPEN> Attempting to open::../../../../../dat/chamber/par_all22_prot.inp::
 OPNLGU> Unit  2 opened for READONLY access to /server-home/rcw/cvs_checkouts/amber11/test/chamber/dev_tests/dhfr_cmap_pbc/test_creation/../../../../../dat/chamber/par_all22_prot.inp
  
 CHARMM>        READ PARAM CARD UNIT 2

          PARAMETER FILE BEING READ FROM UNIT  2
 TITLE> *>>>>> CHARMM22 ALL-HYDROGEN PARAMETER FILE FOR PROTEINS <<<<<<<<
 TITLE> *>>>>> INCLUDES PHI, PSI CROSS TERM MAP (CMAP) CORRECTION <<<<<<<
 TITLE> *>>>>>>>>>>>>>>>>>>>>>> DECEMBER, 2003 <<<<<<<<<<<<<<<<<<<<<<<<<<
 TITLE> * ALL COMMENTS TO ADM JR. VIA THE CHARMM WEB SITE: WWW.CHARMM.ORG
 TITLE> *               PARAMETER SET DISCUSSION FORUM
 TITLE> *
 PARMIO> NONBOND, HBOND lists and IMAGE atoms cleared.
  
 CHARMM>        CLOSE UNIT 2
 VCLOSE: Closing unit    2 with status "KEEP"
  
 CHARMM>    !!!!!!!!!!!!!!!!!!!!!!!!!!!!!!!!!!!!!!!!!!!!!!!!!!!!!!!!!!!
 CHARMM>     
  
 CHARMM>    ! Read in DHFR Gas Phase PSF and pdb
 CHARMM>        open unit 3 form read name "dhfr_cmap_pbc.psf"
 VOPEN> Attempting to open::dhfr_cmap_pbc.psf::
 OPNLGU> Unit  3 opened for READONLY access to /server-home/rcw/cvs_checkouts/amber11/test/chamber/dev_tests/dhfr_cmap_pbc/test_creation/dhfr_cmap_pbc.psf
  
 CHARMM>        read psf card unit 3
 MAINIO> Protein structure file being read from unit   3.
 PSFRD2> Reading PSF in the expanded format.
 TITLE>  * DHFR CMAP PBC TIP3P MINIMIZATION
 TITLE>  * BY ROSS WALKER & MARK WILLIAMSON (SDSC)
 TITLE>  *  DATE:    10/30/ 9     11:41:22      CREATED BY USER: rcw
 TITLE>  *
 PSFSUM> PSF modified: NONBOND lists and IMAGE atoms cleared.
 PSFSUM> Summary of the structure file counters :
         Number of segments      =        2   Number of residues   =    18015
         Number of atoms         =    56057   Number of groups     =    18595
         Number of bonds         =    56091   Number of angles     =    22417
         Number of dihedrals     =     6701   Number of impropers  =      418
         Number of cross-terms   =      157
         Number of HB acceptors  =    18101   Number of HB donors  =      263
         Number of NB exclusions =        0   Total charge =  -11.00000
  
 CHARMM>        close unit 3
 VCLOSE: Closing unit    3 with status "KEEP"
  
 CHARMM>     
  
 CHARMM>    ! For some reason CHARMM cannot read it's own pdb file :-(
 CHARMM>    !    read coor pdb name "01_minimize.pdb"
 CHARMM>        read coor card name "01_minimize.crd"
 VOPEN> Attempting to open::01_minimize.crd::
          SPATIAL COORDINATES BEING READ FROM UNIT 90
 TITLE> * DHFR CMAP PBC TIP3P MINIMIZATION
 TITLE> * BY ROSS WALKER & MARK WILLIAMSON (SDSC)
 TITLE> *  DATE:    10/30/ 9     11:59:35      CREATED BY USER: RCW
 TITLE> *
 VCLOSE: Closing unit   90 with status "KEEP"
  
 CHARMM>     
  
 CHARMM>        coor stat
 STATISTICS FOR     56057 SELECTED ATOMS:
    XMIN =  -47.770182 XMAX =   47.616364 XAVE =    0.040260
    YMIN =  -40.230239 YMAX =   40.150684 YAVE =    0.321186
    ZMIN =  -40.121390 ZMAX =   40.103344 ZAVE =   -0.113434
    WMIN =    0.000000 WMAX =    0.000000 WAVE =    0.000000
  
 CHARMM>        COOR TRANS  XDIR ?XAVE YDIR ?YAVE ZDIR ?ZAVE  FACT -1.0
 RDCMND substituted energy or value "?XAVE" to "4.026035E-02"
 RDCMND substituted energy or value "?YAVE" to "0.321186"
 RDCMND substituted energy or value "?ZAVE" to "-0.113434"
 TRANSLATION VECTOR     0.040260    0.321186   -0.113434
 SELECTED COORDINATES TRANSLATED IN THE MAIN SET.

  
 CHARMM>        coor stat
 STATISTICS FOR     56057 SELECTED ATOMS:
    XMIN =  -47.810442 XMAX =   47.576104 XAVE =    0.000000
    YMIN =  -40.551425 YMAX =   39.829498 YAVE =    0.000000
    ZMIN =  -40.007956 ZMAX =   40.216778 ZAVE =    0.000000
    WMIN =    0.000000 WMAX =    0.000000 WAVE =    0.000000
  
 CHARMM>     
  
 CHARMM>        CALC 9 = ?XMAX - ?XMIN
 RDCMND substituted energy or value "?XMAX" to "47.5761"
 RDCMND substituted energy or value "?XMIN" to "-47.8104"
Evaluating: 47.5761--47.8104
 Parameter: 9 <- "95.3865"
  
 CHARMM>        CALC 10 = ?YMAX - ?YMIN
 RDCMND substituted energy or value "?YMAX" to "39.8295"
 RDCMND substituted energy or value "?YMIN" to "-40.5514"
Evaluating: 39.8295--40.5514
 Parameter: 10 <- "80.3809"
  
 CHARMM>        CALC 11 = ?ZMAX - ?ZMIN
 RDCMND substituted energy or value "?ZMAX" to "40.2168"
 RDCMND substituted energy or value "?ZMIN" to "-40.008"
Evaluating: 40.2168--40.008
 Parameter: 11 <- "80.2248"
  
 CHARMM>     
  
 CHARMM>        Crystal define orthorhombic @9 @10 @11 90 90 90
 Parameter: 9 -> "95.3865"
 Parameter: 10 -> "80.3809"
 Parameter: 11 -> "80.2248"
 Crystal Parameters : Crystal Type = ORTH
           A     =   95.38650 B    =   80.38090 C     =   80.22480
           Alpha =   90.00000 Beta =   90.00000 Gamma =   90.00000
  
 CHARMM>        crystal build cutoff 15 noper 0
 XBUILD> Building all transformations with a minimum atom-atom
         contact distance of less than   15.00 Angstroms.

 Range of Grid Search for Transformation     1 :
 Lattice Vector A    -2 TO     2
 Lattice Vector B    -2 TO     2
 Lattice Vector C    -2 TO     2


 The number of transformations generated =    26


 Number  Symop   A   B   C   Distance

      1      1  -1  -1  -1     9.0746
      2      1  -1   0  -1     6.5865
      3      1  -1   1  -1     8.4023
      4      1   0  -1  -1     4.2134
      5      1   0   0  -1     4.3616
      6      1   0   1  -1     5.6174
      7      1  -1  -1   0     3.3012
      8      1  -1   0   0     2.8725
      9      1  -1   1   0     7.5661
     10      1   0  -1   0     2.5775
     11      1   0   1   0     2.5775
     12      1  -1  -1   1     7.7446
     13      1  -1   0   1     6.8817
     14      1  -1   1   1     9.8585
     15      1   0  -1   1     5.6174
     16      1   0   0   1     4.3616
     17      1   0   1   1     4.2134
     18      1   1   1   1     9.0746
     19      1   1   0   1     6.5865
     20      1   1  -1   1     8.4023
     21      1   1   1   0     3.3012
     22      1   1   0   0     2.8725
     23      1   1  -1   0     7.5661
     24      1   1   1  -1     7.7446
     25      1   1   0  -1     6.8817
     26      1   1  -1  -1     9.8585
                     THERE ARE NO ROTATIONS FOR THIS TRANSFORMATION SET
    26 Transformations have been processed.

  
 CHARMM>     
  
 CHARMM>        image byseg xcen 0.0 ycen 0.0 zcen 0.0 select segid DHFR end
 SELRPN>   2489 atoms have been selected out of  56057
 IMAGE CENTERING ON FOR SOME ATOMS
  
 CHARMM>        image byres xcen 0.0 ycen 0.0 zcen 0.0 select segid WAT end
 SELRPN>  53568 atoms have been selected out of  56057
 IMAGE CENTERING ON FOR SOME ATOMS
  
 CHARMM>     
  
 CHARMM>    ! Run the update to generate the initial image atoms
 CHARMM>    ! Use bycb list builder
 CHARMM>     
  
 CHARMM>        UPDATE      bycb           vswi           eps      1.0                -
 CHARMM>                  INBFRQ    -1   -
 CHARMM>                  cutnb     11   ctofnb    9.0   ctonnb   9.0 -
 CHARMM>                  Ewald          kappa   0.340  pmEwald        order      4 -  !PME
 CHARMM>                  fftx      96   ffty      80   fftz      64                   !PME

 SELECTED IMAGES ATOMS BEING CENTERED ABOUT  0.000000  0.000000  0.000000

 <MKIMAT>: updating the image atom lists and remapping
 Transformation   Atoms  Groups  Residues  Upper-Bound 
    1  C001 has      45      15      15        0.00
    2  C002 has     726     242     242        0.00
    3  C003 has      42      14      14        0.00
    4  C004 has     768     256     256        0.00
    5  C005 has    8898    2966    2966        0.00
    6  C006 has     957     319     319        0.00
    7  C007 has     789     263     263        0.00
    8  C008 has    7785    2595    2595        0.00
    9  C009 has     741     247     247        0.00
   10  C010 has    9165    3055    3055        0.00
   12  C012 has      60      20      20        0.00
   13  C013 has     678     226     226        0.00
   14  C014 has      33      11      11        0.00
 Total of86744 atoms and28824 groups and28244 residues were included

 <PME> Total heap storage needed =     2616095
 Fill Ewald table: Number of points=     10000 EWXmax=    3.230000
 fill erfc table: linear inter has rms error = 0.648784D-08 maximum error = 0.126344D-07
 fill erfc table: cubic spline has rms error = 0.181286D-11 maximum error = 0.476019D-11

 NONBOND OPTION FLAGS: 
     ELEC     VDW      ATOMs    CDIElec  SHIFt    VATOm    VSWItch 
     BYCB     NOEXtnd  EWALd   
 CUTNB  = 11.000 CTEXNB =999.000 CTONNB =  9.000 CTOFNB =  9.000
 WMIN   =  1.500 WRNMXD =  0.500 E14FAC =  1.000 EPS    =  1.000
 NBXMOD =      5
 PME EWALD OPTIONS: KAPPA  =  0.340  QCOR =  0.000  Bspline order = 4
 FFTX=  96  FFTY=  80  FFTZ=  64
                Using Pub FFT
                Real-to-Complex FFT
 There are        0 atom  pairs and        0 atom  exclusions.
 There are        0 group pairs and        0 group exclusions.
 GTNBCT> CUTNB,CTOFNB,CTONNB=      11.0       9.0       9.0

      ***** LEVEL  1 WARNING FROM <GTNBCT> *****
      ***** CUTNB,CTOFNB,CTONNB are not in correct order.
      ******************************************
      BOMLEV (  0) IS NOT REACHED. WRNLEV IS  5

 <MAKINB> with mode   5 found  60652 exclusions and   6556 interactions(1-4)
 <MAKGRP> found   2149 group exclusions.
 <MAKGRP> found      0 image group exclusions.
 Generating nonbond list with Exclusion mode = 5
 == PRIMARY == SPACE FOR        0 ATOM PAIRS AND        0 GROUP PAIRS
 == IMAGES === SPACE FOR        0 ATOM PAIRS AND        0 GROUP PAIRS
  
 =========================================
              TRIAL run of list...........
 =========================================
Using Image CUBE search
 VEHEAP> Expanding heap size by        17629184 words.
Using Image CUBE search
  NBNDGCM found:
              12995649  atom pairs
               1287807  image atom pairs
                     0  self atom pairs
  
 CHARMM>     
  
 CHARMM>    !  turn on faster options and set-up SHAKE
 CHARMM>       faster on
 MISCOM> FAST option: EXPANDED (limited fast routines)
  
 CHARMM>     
  
 CHARMM>       shake fast bonh tol 1.0e-7 para
 SHKCOM> SHAKE parameters: TOL =   0.1000D-06 MXITer =    500

           54789 constraints will held by SHAKE.
 FSSHKINI: Fast shake initialized with    1221 bond contraints and    17856 water constraints (3-center).
 FSSHKINI:     1221 constraints are in groups of:    17856
 FSSHKINI:    458 2-body (CH),    233 3-body(CH2),     99 4-body(CH3),      0 >4-body. 
 FSSHKINI: Fast shake initialized with    1221 bond contraints and    17856 water constraints (3-center).
 FSSHKINI:     1221 constraints are in groups of:    17856
 FSSHKINI:    458 2-body (CH),    233 3-body(CH2),     99 4-body(CH3),      0 >4-body. 
  
 CHARMM>     
  
 CHARMM>    !**********************************************************
 CHARMM>    !**********************************************************
 CHARMM>    !
 CHARMM>    !       Energy - Gas Phase
 CHARMM>    !
 CHARMM>    !**********************************************************
 CHARMM>    !**********************************************************
 CHARMM>     
  
 CHARMM>      ener

 SELECTED IMAGES ATOMS BEING CENTERED ABOUT  0.000000  0.000000  0.000000

 <MKIMAT>: updating the image atom lists and remapping
 Transformation   Atoms  Groups  Residues  Upper-Bound 
    1  C001 has      45      15      15        0.00
    2  C002 has     726     242     242        0.00
    3  C003 has      42      14      14        0.00
    4  C004 has     768     256     256        0.00
    5  C005 has    8898    2966    2966        0.00
    6  C006 has     957     319     319        0.00
    7  C007 has     789     263     263        0.00
    8  C008 has    7785    2595    2595        0.00
    9  C009 has     741     247     247        0.00
   10  C010 has    9165    3055    3055        0.00
   12  C012 has      60      20      20        0.00
   13  C013 has     678     226     226        0.00
   14  C014 has      33      11      11        0.00
 Total of86744 atoms and28824 groups and28244 residues were included

 <MAKGRP> found      0 image group exclusions.

 NONBOND OPTION FLAGS: 
     ELEC     VDW      ATOMs    CDIElec  SHIFt    VATOm    VSWItch 
     BYCB     NOEXtnd  EWALd   
 CUTNB  = 11.000 CTEXNB =999.000 CTONNB =  9.000 CTOFNB =  9.000
 WMIN   =  1.500 WRNMXD =  0.500 E14FAC =  1.000 EPS    =  1.000
 NBXMOD =      5
 PME EWALD OPTIONS: KAPPA  =  0.340  QCOR =  0.000  Bspline order = 4
 FFTX=  96  FFTY=  80  FFTZ=  64
                Using Pub FFT
                Real-to-Complex FFT
 There are 12995649 atom  pairs and    67208 atom  exclusions.
 There are        0 group pairs and     2149 group exclusions.
 GTNBCT> CUTNB,CTOFNB,CTONNB=      11.0       9.0       9.0

      ***** LEVEL  1 WARNING FROM <GTNBCT> *****
      ***** CUTNB,CTOFNB,CTONNB are not in correct order.
      ******************************************
      BOMLEV (  0) IS NOT REACHED. WRNLEV IS  5

 Generating nonbond list with Exclusion mode = 5
 == PRIMARY == SPACE FOR 16894344 ATOM PAIRS AND        0 GROUP PAIRS
 == IMAGES === SPACE FOR  1674149 ATOM PAIRS AND        0 GROUP PAIRS
Using Image CUBE search
  NBNDGCM found:
              12995649  atom pairs
               1287807  image atom pairs
                     0  self atom pairs
ENER ENR:  Eval#     ENERgy      Delta-E         GRMS
ENER INTERN:          BONDs       ANGLes       UREY-b    DIHEdrals    IMPRopers
ENER CROSS:           CMAPs     
ENER EXTERN:        VDWaals         ELEC       HBONds          ASP         USER
ENER IMAGES:        IMNBvdw       IMELec       IMHBnd       RXNField    EXTElec
ENER EWALD:          EWKSum       EWSElf       EWEXcl       EWQCor       EWUTil
 ----------       ---------    ---------    ---------    ---------    ---------
ENER>        0-215052.98497      0.00000      0.66823
ENER INTERN>      142.53289    392.90653     29.14707    740.60758     14.18471
ENER CROSS>      -216.41219
ENER EXTERN>    30160.90586-218794.22189      0.00000      0.00000      0.00000
ENER IMAGES>     -560.11010  -2607.54559      0.00000      0.00000      0.00000
ENER EWALD>       1131.9834-1202974.7245 1177487.7612       0.0000       0.0000
 ----------       ---------    ---------    ---------    ---------    ---------
  
 CHARMM>     
  
 CHARMM>      stop
$$$$$$  New timer profile $$$$$
   Shake Setup                     0.04 Other:            0.00
   Shake time                      0.03 Other:            0.00
      xdistm setup                    0.01 Other:            0.00
      xdistm Build list               3.09 Other:            0.00
   List time                       3.10 Other:            0.00
            Direct Ewald time               0.54 Other:            0.00
               Fill charge grid                0.03 Other:            0.00
               Scalar sum                      0.02 Other:            0.00
               Grad sum                        0.02 Other:            0.00
               FFT                             0.03 Other:            0.00
            Recip Ewald time                0.12 Other:            0.00
         Ewald time                      0.66 Other:            0.00
      Nonbond force                   0.66 Other:            0.00
         Bond energy                     0.00 Other:            0.00
         Angle energy                    0.00 Other:            0.00
         Dihedral energy                 0.00 Other:            0.00
         Restraints energy               0.00 Other:            0.00
      INTRNL energy                   0.01 Other:            0.00
   Energy time                     0.68 Other:            0.00
 Total time                      5.37 Other:            1.52

                    NORMAL TERMINATION BY NORMAL STOP
                    MAXIMUM STACK SPACE USED IS 3629614
                    STACK CURRENTLY IN USE IS         0
                    MOST SEVERE WARNING WAS AT LEVEL  1
                    HEAP PRINTOUT-  HEAP SIZE         10240000
                    SPACE CURRENTLY IN USE IS            13824
                    MAXIMUM SPACE USED IS             26666990
                    FREE LIST
  PRINHP> ADDRESS:               1 LENGTH:        10225676 NEXT:        10239501
  PRINHP> ADDRESS:        10239501 LENGTH:             500 NEXT:     22751807097
  PRINHP> ADDRESS:     22751807097 LENGTH:        17629184 NEXT:               0

                    $$$$$ JOB ACCOUNTING INFORMATION $$$$$
                     ELAPSED TIME:     5.37  SECONDS 
                         CPU TIME:     5.36  SECONDS 
